Archive member included because of file (symbol)

c:/program files/winavr/bin/../lib/gcc/avr/4.3.2/avr51\libgcc.a(_exit.o)
                              c:/program files/winavr/bin/../lib/gcc/avr/4.3.2/../../../../avr/lib/avr51/crtm128.o (exit)
c:/program files/winavr/bin/../lib/gcc/avr/4.3.2/avr51\libgcc.a(_clear_bss.o)
                              servo.o (__do_clear_bss)
c:/program files/winavr/bin/../lib/gcc/avr/4.3.2/avr51\libgcc.a(_fixunssfsi.o)
                              solenoid.o (__fixunssfsi)
c:/program files/winavr/bin/../lib/gcc/avr/4.3.2/avr51\libgcc.a(_addsub_sf.o)
                              c:/program files/winavr/bin/../lib/gcc/avr/4.3.2/avr51\libgcc.a(_fixunssfsi.o) (__subsf3)
c:/program files/winavr/bin/../lib/gcc/avr/4.3.2/avr51\libgcc.a(_mul_sf.o)
                              servo.o (__mulsf3)
c:/program files/winavr/bin/../lib/gcc/avr/4.3.2/avr51\libgcc.a(_div_sf.o)
                              servo.o (__divsf3)
c:/program files/winavr/bin/../lib/gcc/avr/4.3.2/avr51\libgcc.a(_gt_sf.o)
                              servo.o (__gtsf2)
c:/program files/winavr/bin/../lib/gcc/avr/4.3.2/avr51\libgcc.a(_ge_sf.o)
                              c:/program files/winavr/bin/../lib/gcc/avr/4.3.2/avr51\libgcc.a(_fixunssfsi.o) (__gesf2)
c:/program files/winavr/bin/../lib/gcc/avr/4.3.2/avr51\libgcc.a(_lt_sf.o)
                              servo.o (__ltsf2)
c:/program files/winavr/bin/../lib/gcc/avr/4.3.2/avr51\libgcc.a(_si_to_sf.o)
                              servo.o (__floatsisf)
c:/program files/winavr/bin/../lib/gcc/avr/4.3.2/avr51\libgcc.a(_sf_to_si.o)
                              servo.o (__fixsfsi)
c:/program files/winavr/bin/../lib/gcc/avr/4.3.2/avr51\libgcc.a(_thenan_sf.o)
                              c:/program files/winavr/bin/../lib/gcc/avr/4.3.2/avr51\libgcc.a(_addsub_sf.o) (__thenan_sf)
c:/program files/winavr/bin/../lib/gcc/avr/4.3.2/avr51\libgcc.a(_prologue.o)
                              c:/program files/winavr/bin/../lib/gcc/avr/4.3.2/avr51\libgcc.a(_addsub_sf.o) (__prologue_saves__)
c:/program files/winavr/bin/../lib/gcc/avr/4.3.2/avr51\libgcc.a(_epilogue.o)
                              c:/program files/winavr/bin/../lib/gcc/avr/4.3.2/avr51\libgcc.a(_addsub_sf.o) (__epilogue_restores__)
c:/program files/winavr/bin/../lib/gcc/avr/4.3.2/avr51\libgcc.a(_clzsi2.o)
                              c:/program files/winavr/bin/../lib/gcc/avr/4.3.2/avr51\libgcc.a(_si_to_sf.o) (__clzsi2)
c:/program files/winavr/bin/../lib/gcc/avr/4.3.2/avr51\libgcc.a(_pack_sf.o)
                              c:/program files/winavr/bin/../lib/gcc/avr/4.3.2/avr51\libgcc.a(_addsub_sf.o) (__pack_f)
c:/program files/winavr/bin/../lib/gcc/avr/4.3.2/avr51\libgcc.a(_unpack_sf.o)
                              c:/program files/winavr/bin/../lib/gcc/avr/4.3.2/avr51\libgcc.a(_addsub_sf.o) (__unpack_f)
c:/program files/winavr/bin/../lib/gcc/avr/4.3.2/avr51\libgcc.a(_fpcmp_parts_sf.o)
                              c:/program files/winavr/bin/../lib/gcc/avr/4.3.2/avr51\libgcc.a(_gt_sf.o) (__fpcmp_parts_f)
c:/program files/winavr/bin/../lib/gcc/avr/4.3.2/avr51\libgcc.a(_clz.o)
                              c:/program files/winavr/bin/../lib/gcc/avr/4.3.2/avr51\libgcc.a(_clzsi2.o) (__clz_tab)
c:/program files/winavr/bin/../lib/gcc/avr/4.3.2/../../../../avr/lib/avr51\libc.a(putchar.o)
                              mcp2515.o (putchar)
c:/program files/winavr/bin/../lib/gcc/avr/4.3.2/../../../../avr/lib/avr51\libc.a(sprintf.o)
                              servo.o (sprintf)
c:/program files/winavr/bin/../lib/gcc/avr/4.3.2/../../../../avr/lib/avr51\libc.a(vfprintf_std.o)
                              c:/program files/winavr/bin/../lib/gcc/avr/4.3.2/../../../../avr/lib/avr51\libc.a(sprintf.o) (vfprintf)
c:/program files/winavr/bin/../lib/gcc/avr/4.3.2/../../../../avr/lib/avr51\libc.a(strnlen_P.o)
                              c:/program files/winavr/bin/../lib/gcc/avr/4.3.2/../../../../avr/lib/avr51\libc.a(vfprintf_std.o) (strnlen_P)
c:/program files/winavr/bin/../lib/gcc/avr/4.3.2/../../../../avr/lib/avr51\libc.a(strnlen.o)
                              c:/program files/winavr/bin/../lib/gcc/avr/4.3.2/../../../../avr/lib/avr51\libc.a(vfprintf_std.o) (strnlen)
c:/program files/winavr/bin/../lib/gcc/avr/4.3.2/../../../../avr/lib/avr51\libc.a(fputc.o)
                              c:/program files/winavr/bin/../lib/gcc/avr/4.3.2/../../../../avr/lib/avr51\libc.a(putchar.o) (fputc)
c:/program files/winavr/bin/../lib/gcc/avr/4.3.2/../../../../avr/lib/avr51\libc.a(iob.o)
                              c:/program files/winavr/bin/../lib/gcc/avr/4.3.2/../../../../avr/lib/avr51\libc.a(putchar.o) (__iob)
c:/program files/winavr/bin/../lib/gcc/avr/4.3.2/../../../../avr/lib/avr51\libc.a(ultoa_invert.o)
                              c:/program files/winavr/bin/../lib/gcc/avr/4.3.2/../../../../avr/lib/avr51\libc.a(vfprintf_std.o) (__ultoa_invert)

Allocating common symbols
Common symbol       size              file

__iob               0x6               c:/program files/winavr/bin/../lib/gcc/avr/4.3.2/../../../../avr/lib/avr51\libc.a(iob.o)

Memory Configuration

Name             Origin             Length             Attributes
text             0x00000000         0x00020000         xr
data             0x00800060         0x0000ffa0         rw !x
eeprom           0x00810000         0x00010000         rw !x
fuse             0x00820000         0x00000400         rw !x
lock             0x00830000         0x00000400         rw !x
signature        0x00840000         0x00000400         rw !x
*default*        0x00000000         0xffffffff

Linker script and memory map

Address of section .data set to 0x800100
LOAD c:/program files/winavr/bin/../lib/gcc/avr/4.3.2/../../../../avr/lib/avr51/crtm128.o
LOAD can.o
LOAD mcp2515.o
LOAD spi.o
LOAD node2.o
LOAD servo.o
LOAD ir.o
LOAD solenoid.o
LOAD c:/program files/winavr/bin/../lib/gcc/avr/4.3.2/avr51\libgcc.a
LOAD c:/program files/winavr/bin/../lib/gcc/avr/4.3.2/../../../../avr/lib/avr51\libc.a
LOAD c:/program files/winavr/bin/../lib/gcc/avr/4.3.2/avr51\libgcc.a

.hash
 *(.hash)

.dynsym
 *(.dynsym)

.dynstr
 *(.dynstr)

.gnu.version
 *(.gnu.version)

.gnu.version_d
 *(.gnu.version_d)

.gnu.version_r
 *(.gnu.version_r)

.rel.init
 *(.rel.init)

.rela.init
 *(.rela.init)

.rel.text
 *(.rel.text)
 *(.rel.text.*)
 *(.rel.gnu.linkonce.t*)

.rela.text
 *(.rela.text)
 *(.rela.text.*)
 *(.rela.gnu.linkonce.t*)

.rel.fini
 *(.rel.fini)

.rela.fini
 *(.rela.fini)

.rel.rodata
 *(.rel.rodata)
 *(.rel.rodata.*)
 *(.rel.gnu.linkonce.r*)

.rela.rodata
 *(.rela.rodata)
 *(.rela.rodata.*)
 *(.rela.gnu.linkonce.r*)

.rel.data
 *(.rel.data)
 *(.rel.data.*)
 *(.rel.gnu.linkonce.d*)

.rela.data
 *(.rela.data)
 *(.rela.data.*)
 *(.rela.gnu.linkonce.d*)

.rel.ctors
 *(.rel.ctors)

.rela.ctors
 *(.rela.ctors)

.rel.dtors
 *(.rel.dtors)

.rela.dtors
 *(.rela.dtors)

.rel.got
 *(.rel.got)

.rela.got
 *(.rela.got)

.rel.bss
 *(.rel.bss)

.rela.bss
 *(.rela.bss)

.rel.plt
 *(.rel.plt)

.rela.plt
 *(.rela.plt)

.text           0x00000000     0x1fc6
 *(.vectors)
 .vectors       0x00000000       0x8c c:/program files/winavr/bin/../lib/gcc/avr/4.3.2/../../../../avr/lib/avr51/crtm128.o
                0x00000000                __vectors
                0x00000000                __vector_default
 *(.vectors)
 *(.progmem.gcc*)
 *(.progmem*)
                0x0000008c                . = ALIGN (0x2)
                0x0000008c                __trampolines_start = .
 *(.trampolines)
 .trampolines   0x0000008c        0x0 linker stubs
 *(.trampolines*)
                0x0000008c                __trampolines_end = .
 *(.jumptables)
 *(.jumptables*)
 *(.lowtext)
 *(.lowtext*)
                0x0000008c                __ctors_start = .
 *(.ctors)
                0x0000008c                __ctors_end = .
                0x0000008c                __dtors_start = .
 *(.dtors)
                0x0000008c                __dtors_end = .
 SORT(*)(.ctors)
 SORT(*)(.dtors)
 *(.init0)
 .init0         0x0000008c        0x0 c:/program files/winavr/bin/../lib/gcc/avr/4.3.2/../../../../avr/lib/avr51/crtm128.o
                0x0000008c                __init
 *(.init0)
 *(.init1)
 *(.init1)
 *(.init2)
 .init2         0x0000008c        0xc c:/program files/winavr/bin/../lib/gcc/avr/4.3.2/../../../../avr/lib/avr51/crtm128.o
 *(.init2)
 *(.init3)
 *(.init3)
 *(.init4)
 .init4         0x00000098       0x1a c:/program files/winavr/bin/../lib/gcc/avr/4.3.2/../../../../avr/lib/avr51/crtm128.o
                0x00000098                __do_copy_data
 .init4         0x000000b2       0x10 c:/program files/winavr/bin/../lib/gcc/avr/4.3.2/avr51\libgcc.a(_clear_bss.o)
                0x000000b2                __do_clear_bss
 *(.init4)
 *(.init5)
 *(.init5)
 *(.init6)
 *(.init6)
 *(.init7)
 *(.init7)
 *(.init8)
 *(.init8)
 *(.init9)
 .init9         0x000000c2        0x8 c:/program files/winavr/bin/../lib/gcc/avr/4.3.2/../../../../avr/lib/avr51/crtm128.o
 *(.init9)
 *(.text)
 .text          0x000000ca        0x4 c:/program files/winavr/bin/../lib/gcc/avr/4.3.2/../../../../avr/lib/avr51/crtm128.o
                0x000000ca                __vector_22
                0x000000ca                __vector_28
                0x000000ca                __vector_1
                0x000000ca                __vector_32
                0x000000ca                __vector_34
                0x000000ca                __vector_24
                0x000000ca                __vector_12
                0x000000ca                __bad_interrupt
                0x000000ca                __vector_6
                0x000000ca                __vector_31
                0x000000ca                __vector_3
                0x000000ca                __vector_23
                0x000000ca                __vector_30
                0x000000ca                __vector_25
                0x000000ca                __vector_11
                0x000000ca                __vector_13
                0x000000ca                __vector_17
                0x000000ca                __vector_19
                0x000000ca                __vector_7
                0x000000ca                __vector_27
                0x000000ca                __vector_33
                0x000000ca                __vector_4
                0x000000ca                __vector_9
                0x000000ca                __vector_2
                0x000000ca                __vector_15
                0x000000ca                __vector_29
                0x000000ca                __vector_8
                0x000000ca                __vector_26
                0x000000ca                __vector_14
                0x000000ca                __vector_10
                0x000000ca                __vector_16
                0x000000ca                __vector_18
                0x000000ca                __vector_20
 .text          0x000000ce      0x246 can.o
                0x00000138                CAN_test
                0x0000027c                CAN_receive
                0x00000172                CAN_send
                0x000000ce                CAN_init
                0x000002d4                CAN_init_interrupt
 .text          0x00000314      0x2ce mcp2515.o
                0x000003b4                CAN_read_rx
                0x000005a2                CAN_bit_modify
                0x00000314                CAN_reset
                0x00000506                CAN_rts
                0x0000054e                CAN_read_status
                0x00000578                CAN_rx_status
                0x00000332                CAN_read
                0x0000044a                CAN_write
                0x00000484                CAN_load_tx
 .text          0x000005e2       0xaa spi.o
                0x0000064e                SPI_SelectSlave
                0x0000062a                SPI_MasterReceive
                0x000005e2                SPI_MasterInit
                0x00000604                SPI_MasterTransmit
                0x00000670                SPI_NoSlave
 .text          0x0000068c       0xe2 node2.o
                0x000006ae                __vector_5
                0x0000068c                main
                0x0000070e                __vector_21
 .text          0x0000076e      0x284 servo.o
                0x0000076e                servo_init
                0x00000914                sig_interrupt4
                0x000007a4                set_position
 .text          0x000009f2      0x15c ir.o
                0x00000a10                get_ir
                0x00000a64                adc_interrupt
                0x00000a4e                reset_score
                0x000009f2                ir_init
                0x00000a38                get_score
 .text          0x00000b4e      0x150 solenoid.o
                0x00000b4e                solenoid_init
                0x00000b78                trig_solenoid
 .text          0x00000c9e        0x0 c:/program files/winavr/bin/../lib/gcc/avr/4.3.2/avr51\libgcc.a(_exit.o)
 .text          0x00000c9e        0x0 c:/program files/winavr/bin/../lib/gcc/avr/4.3.2/avr51\libgcc.a(_clear_bss.o)
 .text          0x00000c9e       0x58 c:/program files/winavr/bin/../lib/gcc/avr/4.3.2/avr51\libgcc.a(_fixunssfsi.o)
                0x00000c9e                __fixunssfsi
 .text          0x00000cf6      0x354 c:/program files/winavr/bin/../lib/gcc/avr/4.3.2/avr51\libgcc.a(_addsub_sf.o)
                0x00000f8e                __subsf3
                0x00000ff0                __addsf3
 .text          0x0000104a      0x1f4 c:/program files/winavr/bin/../lib/gcc/avr/4.3.2/avr51\libgcc.a(_mul_sf.o)
                0x0000104a                __mulsf3
 .text          0x0000123e      0x158 c:/program files/winavr/bin/../lib/gcc/avr/4.3.2/avr51\libgcc.a(_div_sf.o)
                0x0000123e                __divsf3
 .text          0x00001396       0x60 c:/program files/winavr/bin/../lib/gcc/avr/4.3.2/avr51\libgcc.a(_gt_sf.o)
                0x00001396                __gtsf2
 .text          0x000013f6       0x60 c:/program files/winavr/bin/../lib/gcc/avr/4.3.2/avr51\libgcc.a(_ge_sf.o)
                0x000013f6                __gesf2
 .text          0x00001456       0x60 c:/program files/winavr/bin/../lib/gcc/avr/4.3.2/avr51\libgcc.a(_lt_sf.o)
                0x00001456                __ltsf2
 .text          0x000014b6       0xbc c:/program files/winavr/bin/../lib/gcc/avr/4.3.2/avr51\libgcc.a(_si_to_sf.o)
                0x000014b6                __floatsisf
 .text          0x00001572       0xa8 c:/program files/winavr/bin/../lib/gcc/avr/4.3.2/avr51\libgcc.a(_sf_to_si.o)
                0x00001572                __fixsfsi
 .text          0x0000161a        0x0 c:/program files/winavr/bin/../lib/gcc/avr/4.3.2/avr51\libgcc.a(_thenan_sf.o)
 .text          0x0000161a        0x0 c:/program files/winavr/bin/../lib/gcc/avr/4.3.2/avr51\libgcc.a(_prologue.o)
 .text          0x0000161a        0x0 c:/program files/winavr/bin/../lib/gcc/avr/4.3.2/avr51\libgcc.a(_epilogue.o)
 .text          0x0000161a       0x9e c:/program files/winavr/bin/../lib/gcc/avr/4.3.2/avr51\libgcc.a(_clzsi2.o)
                0x0000161a                __clzsi2
 .text          0x000016b8      0x1aa c:/program files/winavr/bin/../lib/gcc/avr/4.3.2/avr51\libgcc.a(_pack_sf.o)
                0x000016b8                __pack_f
 .text          0x00001862       0xf0 c:/program files/winavr/bin/../lib/gcc/avr/4.3.2/avr51\libgcc.a(_unpack_sf.o)
                0x00001862                __unpack_f
 .text          0x00001952       0xb2 c:/program files/winavr/bin/../lib/gcc/avr/4.3.2/avr51\libgcc.a(_fpcmp_parts_sf.o)
                0x00001952                __fpcmp_parts_f
 .text          0x00001a04        0x0 c:/program files/winavr/bin/../lib/gcc/avr/4.3.2/avr51\libgcc.a(_clz.o)
 .text          0x00001a04        0xe c:/program files/winavr/bin/../lib/gcc/avr/4.3.2/../../../../avr/lib/avr51\libc.a(putchar.o)
                0x00001a04                putchar
 .text          0x00001a12       0x48 c:/program files/winavr/bin/../lib/gcc/avr/4.3.2/../../../../avr/lib/avr51\libc.a(sprintf.o)
                0x00001a12                sprintf
 .text          0x00001a5a      0x3ba c:/program files/winavr/bin/../lib/gcc/avr/4.3.2/../../../../avr/lib/avr51\libc.a(vfprintf_std.o)
                0x00001a5a                vfprintf
 .text          0x00001e14       0x16 c:/program files/winavr/bin/../lib/gcc/avr/4.3.2/../../../../avr/lib/avr51\libc.a(strnlen_P.o)
                0x00001e14                strnlen_P
 .text          0x00001e2a       0x16 c:/program files/winavr/bin/../lib/gcc/avr/4.3.2/../../../../avr/lib/avr51\libc.a(strnlen.o)
                0x00001e2a                strnlen
 .text          0x00001e40       0x58 c:/program files/winavr/bin/../lib/gcc/avr/4.3.2/../../../../avr/lib/avr51\libc.a(fputc.o)
                0x00001e40                fputc
 .text          0x00001e98        0x0 c:/program files/winavr/bin/../lib/gcc/avr/4.3.2/../../../../avr/lib/avr51\libc.a(iob.o)
 .text          0x00001e98       0xbc c:/program files/winavr/bin/../lib/gcc/avr/4.3.2/../../../../avr/lib/avr51\libc.a(ultoa_invert.o)
                0x00001e98                __ultoa_invert
                0x00001f54                . = ALIGN (0x2)
 *(.text.*)
 .text.libgcc   0x00001f54        0x0 c:/program files/winavr/bin/../lib/gcc/avr/4.3.2/avr51\libgcc.a(_exit.o)
 .text.libgcc   0x00001f54        0x0 c:/program files/winavr/bin/../lib/gcc/avr/4.3.2/avr51\libgcc.a(_clear_bss.o)
 .text.libgcc   0x00001f54       0x38 c:/program files/winavr/bin/../lib/gcc/avr/4.3.2/avr51\libgcc.a(_prologue.o)
                0x00001f54                __prologue_saves__
 .text.libgcc   0x00001f8c       0x36 c:/program files/winavr/bin/../lib/gcc/avr/4.3.2/avr51\libgcc.a(_epilogue.o)
                0x00001f8c                __epilogue_restores__
                0x00001fc2                . = ALIGN (0x2)
 *(.fini9)
 .fini9         0x00001fc2        0x0 c:/program files/winavr/bin/../lib/gcc/avr/4.3.2/avr51\libgcc.a(_exit.o)
                0x00001fc2                exit
                0x00001fc2                _exit
 *(.fini9)
 *(.fini8)
 *(.fini8)
 *(.fini7)
 *(.fini7)
 *(.fini6)
 *(.fini6)
 *(.fini5)
 *(.fini5)
 *(.fini4)
 *(.fini4)
 *(.fini3)
 *(.fini3)
 *(.fini2)
 *(.fini2)
 *(.fini1)
 *(.fini1)
 *(.fini0)
 .fini0         0x00001fc2        0x4 c:/program files/winavr/bin/../lib/gcc/avr/4.3.2/avr51\libgcc.a(_exit.o)
 *(.fini0)
                0x00001fc6                _etext = .

.data           0x00800100      0x120 load address 0x00001fc6
                0x00800100                PROVIDE (__data_start, .)
 *(.data)
 .data          0x00800100        0x0 c:/program files/winavr/bin/../lib/gcc/avr/4.3.2/../../../../avr/lib/avr51/crtm128.o
 .data          0x00800100        0xa can.o
 .data          0x0080010a        0x0 mcp2515.o
 .data          0x0080010a        0x0 spi.o
 .data          0x0080010a        0x0 node2.o
 .data          0x0080010a        0xc servo.o
 .data          0x00800116        0x2 ir.o
 .data          0x00800118        0x0 solenoid.o
 .data          0x00800118        0x0 c:/program files/winavr/bin/../lib/gcc/avr/4.3.2/avr51\libgcc.a(_exit.o)
 .data          0x00800118        0x0 c:/program files/winavr/bin/../lib/gcc/avr/4.3.2/avr51\libgcc.a(_clear_bss.o)
 .data          0x00800118        0x0 c:/program files/winavr/bin/../lib/gcc/avr/4.3.2/avr51\libgcc.a(_fixunssfsi.o)
 .data          0x00800118        0x0 c:/program files/winavr/bin/../lib/gcc/avr/4.3.2/avr51\libgcc.a(_addsub_sf.o)
 .data          0x00800118        0x0 c:/program files/winavr/bin/../lib/gcc/avr/4.3.2/avr51\libgcc.a(_mul_sf.o)
 .data          0x00800118        0x0 c:/program files/winavr/bin/../lib/gcc/avr/4.3.2/avr51\libgcc.a(_div_sf.o)
 .data          0x00800118        0x0 c:/program files/winavr/bin/../lib/gcc/avr/4.3.2/avr51\libgcc.a(_gt_sf.o)
 .data          0x00800118        0x0 c:/program files/winavr/bin/../lib/gcc/avr/4.3.2/avr51\libgcc.a(_ge_sf.o)
 .data          0x00800118        0x0 c:/program files/winavr/bin/../lib/gcc/avr/4.3.2/avr51\libgcc.a(_lt_sf.o)
 .data          0x00800118        0x0 c:/program files/winavr/bin/../lib/gcc/avr/4.3.2/avr51\libgcc.a(_si_to_sf.o)
 .data          0x00800118        0x0 c:/program files/winavr/bin/../lib/gcc/avr/4.3.2/avr51\libgcc.a(_sf_to_si.o)
 .data          0x00800118        0x8 c:/program files/winavr/bin/../lib/gcc/avr/4.3.2/avr51\libgcc.a(_thenan_sf.o)
                0x00800118                __thenan_sf
 .data          0x00800120        0x0 c:/program files/winavr/bin/../lib/gcc/avr/4.3.2/avr51\libgcc.a(_prologue.o)
 .data          0x00800120        0x0 c:/program files/winavr/bin/../lib/gcc/avr/4.3.2/avr51\libgcc.a(_epilogue.o)
 .data          0x00800120        0x0 c:/program files/winavr/bin/../lib/gcc/avr/4.3.2/avr51\libgcc.a(_clzsi2.o)
 .data          0x00800120        0x0 c:/program files/winavr/bin/../lib/gcc/avr/4.3.2/avr51\libgcc.a(_pack_sf.o)
 .data          0x00800120        0x0 c:/program files/winavr/bin/../lib/gcc/avr/4.3.2/avr51\libgcc.a(_unpack_sf.o)
 .data          0x00800120        0x0 c:/program files/winavr/bin/../lib/gcc/avr/4.3.2/avr51\libgcc.a(_fpcmp_parts_sf.o)
 .data          0x00800120      0x100 c:/program files/winavr/bin/../lib/gcc/avr/4.3.2/avr51\libgcc.a(_clz.o)
                0x00800120                __clz_tab
 .data          0x00800220        0x0 c:/program files/winavr/bin/../lib/gcc/avr/4.3.2/../../../../avr/lib/avr51\libc.a(putchar.o)
 .data          0x00800220        0x0 c:/program files/winavr/bin/../lib/gcc/avr/4.3.2/../../../../avr/lib/avr51\libc.a(sprintf.o)
 .data          0x00800220        0x0 c:/program files/winavr/bin/../lib/gcc/avr/4.3.2/../../../../avr/lib/avr51\libc.a(vfprintf_std.o)
 .data          0x00800220        0x0 c:/program files/winavr/bin/../lib/gcc/avr/4.3.2/../../../../avr/lib/avr51\libc.a(strnlen_P.o)
 .data          0x00800220        0x0 c:/program files/winavr/bin/../lib/gcc/avr/4.3.2/../../../../avr/lib/avr51\libc.a(strnlen.o)
 .data          0x00800220        0x0 c:/program files/winavr/bin/../lib/gcc/avr/4.3.2/../../../../avr/lib/avr51\libc.a(fputc.o)
 .data          0x00800220        0x0 c:/program files/winavr/bin/../lib/gcc/avr/4.3.2/../../../../avr/lib/avr51\libc.a(iob.o)
 .data          0x00800220        0x0 c:/program files/winavr/bin/../lib/gcc/avr/4.3.2/../../../../avr/lib/avr51\libc.a(ultoa_invert.o)
 *(.data*)
 *(.rodata)
 *(.rodata*)
 *(.gnu.linkonce.d*)
                0x00800220                . = ALIGN (0x2)
                0x00800220                _edata = .
                0x00800220                PROVIDE (__data_end, .)

.bss            0x00800220       0x14
                0x00800220                PROVIDE (__bss_start, .)
 *(.bss)
 .bss           0x00800220        0x0 c:/program files/winavr/bin/../lib/gcc/avr/4.3.2/../../../../avr/lib/avr51/crtm128.o
 .bss           0x00800220        0x0 can.o
 .bss           0x00800220        0x0 mcp2515.o
 .bss           0x00800220        0x0 spi.o
 .bss           0x00800220        0x0 node2.o
 .bss           0x00800220        0x4 servo.o
 .bss           0x00800224        0xa ir.o
                0x00800224                ir_blocked
                0x00800226                score
                0x00800228                scoring_enabled
 .bss           0x0080022e        0x0 solenoid.o
 .bss           0x0080022e        0x0 c:/program files/winavr/bin/../lib/gcc/avr/4.3.2/avr51\libgcc.a(_exit.o)
 .bss           0x0080022e        0x0 c:/program files/winavr/bin/../lib/gcc/avr/4.3.2/avr51\libgcc.a(_clear_bss.o)
 .bss           0x0080022e        0x0 c:/program files/winavr/bin/../lib/gcc/avr/4.3.2/avr51\libgcc.a(_fixunssfsi.o)
 .bss           0x0080022e        0x0 c:/program files/winavr/bin/../lib/gcc/avr/4.3.2/avr51\libgcc.a(_addsub_sf.o)
 .bss           0x0080022e        0x0 c:/program files/winavr/bin/../lib/gcc/avr/4.3.2/avr51\libgcc.a(_mul_sf.o)
 .bss           0x0080022e        0x0 c:/program files/winavr/bin/../lib/gcc/avr/4.3.2/avr51\libgcc.a(_div_sf.o)
 .bss           0x0080022e        0x0 c:/program files/winavr/bin/../lib/gcc/avr/4.3.2/avr51\libgcc.a(_gt_sf.o)
 .bss           0x0080022e        0x0 c:/program files/winavr/bin/../lib/gcc/avr/4.3.2/avr51\libgcc.a(_ge_sf.o)
 .bss           0x0080022e        0x0 c:/program files/winavr/bin/../lib/gcc/avr/4.3.2/avr51\libgcc.a(_lt_sf.o)
 .bss           0x0080022e        0x0 c:/program files/winavr/bin/../lib/gcc/avr/4.3.2/avr51\libgcc.a(_si_to_sf.o)
 .bss           0x0080022e        0x0 c:/program files/winavr/bin/../lib/gcc/avr/4.3.2/avr51\libgcc.a(_sf_to_si.o)
 .bss           0x0080022e        0x0 c:/program files/winavr/bin/../lib/gcc/avr/4.3.2/avr51\libgcc.a(_thenan_sf.o)
 .bss           0x0080022e        0x0 c:/program files/winavr/bin/../lib/gcc/avr/4.3.2/avr51\libgcc.a(_prologue.o)
 .bss           0x0080022e        0x0 c:/program files/winavr/bin/../lib/gcc/avr/4.3.2/avr51\libgcc.a(_epilogue.o)
 .bss           0x0080022e        0x0 c:/program files/winavr/bin/../lib/gcc/avr/4.3.2/avr51\libgcc.a(_clzsi2.o)
 .bss           0x0080022e        0x0 c:/program files/winavr/bin/../lib/gcc/avr/4.3.2/avr51\libgcc.a(_pack_sf.o)
 .bss           0x0080022e        0x0 c:/program files/winavr/bin/../lib/gcc/avr/4.3.2/avr51\libgcc.a(_unpack_sf.o)
 .bss           0x0080022e        0x0 c:/program files/winavr/bin/../lib/gcc/avr/4.3.2/avr51\libgcc.a(_fpcmp_parts_sf.o)
 .bss           0x0080022e        0x0 c:/program files/winavr/bin/../lib/gcc/avr/4.3.2/avr51\libgcc.a(_clz.o)
 .bss           0x0080022e        0x0 c:/program files/winavr/bin/../lib/gcc/avr/4.3.2/../../../../avr/lib/avr51\libc.a(putchar.o)
 .bss           0x0080022e        0x0 c:/program files/winavr/bin/../lib/gcc/avr/4.3.2/../../../../avr/lib/avr51\libc.a(sprintf.o)
 .bss           0x0080022e        0x0 c:/program files/winavr/bin/../lib/gcc/avr/4.3.2/../../../../avr/lib/avr51\libc.a(vfprintf_std.o)
 .bss           0x0080022e        0x0 c:/program files/winavr/bin/../lib/gcc/avr/4.3.2/../../../../avr/lib/avr51\libc.a(strnlen_P.o)
 .bss           0x0080022e        0x0 c:/program files/winavr/bin/../lib/gcc/avr/4.3.2/../../../../avr/lib/avr51\libc.a(strnlen.o)
 .bss           0x0080022e        0x0 c:/program files/winavr/bin/../lib/gcc/avr/4.3.2/../../../../avr/lib/avr51\libc.a(fputc.o)
 .bss           0x0080022e        0x0 c:/program files/winavr/bin/../lib/gcc/avr/4.3.2/../../../../avr/lib/avr51\libc.a(iob.o)
 .bss           0x0080022e        0x0 c:/program files/winavr/bin/../lib/gcc/avr/4.3.2/../../../../avr/lib/avr51\libc.a(ultoa_invert.o)
 *(.bss*)
 *(COMMON)
 COMMON         0x0080022e        0x6 c:/program files/winavr/bin/../lib/gcc/avr/4.3.2/../../../../avr/lib/avr51\libc.a(iob.o)
                0x0080022e                __iob
                0x00800234                PROVIDE (__bss_end, .)
                0x00001fc6                __data_load_start = LOADADDR (.data)
                0x000020e6                __data_load_end = (__data_load_start + SIZEOF (.data))

.noinit         0x00800234        0x0
                0x00800234                PROVIDE (__noinit_start, .)
 *(.noinit*)
                0x00800234                PROVIDE (__noinit_end, .)
                0x00800234                _end = .
                0x00800234                PROVIDE (__heap_start, .)

.eeprom         0x00810000        0x0
 *(.eeprom*)
                0x00810000                __eeprom_end = .

.fuse
 *(.fuse)
 *(.lfuse)
 *(.hfuse)
 *(.efuse)

.lock
 *(.lock*)

.signature
 *(.signature*)

.stab
 *(.stab)

.stabstr
 *(.stabstr)

.stab.excl
 *(.stab.excl)

.stab.exclstr
 *(.stab.exclstr)

.stab.index
 *(.stab.index)

.stab.indexstr
 *(.stab.indexstr)

.comment
 *(.comment)

.debug
 *(.debug)

.line
 *(.line)

.debug_srcinfo
 *(.debug_srcinfo)

.debug_sfnames
 *(.debug_sfnames)

.debug_aranges  0x00000000       0xe0
 *(.debug_aranges)
 .debug_aranges
                0x00000000       0x20 can.o
 .debug_aranges
                0x00000020       0x20 mcp2515.o
 .debug_aranges
                0x00000040       0x20 spi.o
 .debug_aranges
                0x00000060       0x20 node2.o
 .debug_aranges
                0x00000080       0x20 servo.o
 .debug_aranges
                0x000000a0       0x20 ir.o
 .debug_aranges
                0x000000c0       0x20 solenoid.o

.debug_pubnames
                0x00000000      0x2b1
 *(.debug_pubnames)
 .debug_pubnames
                0x00000000       0x60 can.o
 .debug_pubnames
                0x00000060       0xa0 mcp2515.o
 .debug_pubnames
                0x00000100       0x76 spi.o
 .debug_pubnames
                0x00000176       0x3a node2.o
 .debug_pubnames
                0x000001b0       0x45 servo.o
 .debug_pubnames
                0x000001f5       0x86 ir.o
 .debug_pubnames
                0x0000027b       0x36 solenoid.o

.debug_info     0x00000000      0x9c0
 *(.debug_info)
 .debug_info    0x00000000      0x1e4 can.o
 .debug_info    0x000001e4      0x298 mcp2515.o
 .debug_info    0x0000047c       0xf3 spi.o
 .debug_info    0x0000056f       0xa5 node2.o
 .debug_info    0x00000614      0x142 servo.o
 .debug_info    0x00000756      0x141 ir.o
 .debug_info    0x00000897      0x129 solenoid.o
 *(.gnu.linkonce.wi.*)

.debug_abbrev   0x00000000      0x4fa
 *(.debug_abbrev)
 .debug_abbrev  0x00000000       0xf8 can.o
 .debug_abbrev  0x000000f8      0x101 mcp2515.o
 .debug_abbrev  0x000001f9       0x7c spi.o
 .debug_abbrev  0x00000275       0x56 node2.o
 .debug_abbrev  0x000002cb       0xca servo.o
 .debug_abbrev  0x00000395       0xa9 ir.o
 .debug_abbrev  0x0000043e       0xbc solenoid.o

.debug_line     0x00000000      0xb22
 *(.debug_line)
 .debug_line    0x00000000      0x240 can.o
 .debug_line    0x00000240      0x2e4 mcp2515.o
 .debug_line    0x00000524       0xed spi.o
 .debug_line    0x00000611       0xb7 node2.o
 .debug_line    0x000006c8      0x16a servo.o
 .debug_line    0x00000832      0x162 ir.o
 .debug_line    0x00000994      0x18e solenoid.o

.debug_frame    0x00000000      0x270
 *(.debug_frame)
 .debug_frame   0x00000000       0x60 can.o
 .debug_frame   0x00000060       0xa0 mcp2515.o
 .debug_frame   0x00000100       0x60 spi.o
 .debug_frame   0x00000160       0x40 node2.o
 .debug_frame   0x000001a0       0x40 servo.o
 .debug_frame   0x000001e0       0x60 ir.o
 .debug_frame   0x00000240       0x30 solenoid.o

.debug_str      0x00000000      0x323
 *(.debug_str)
 .debug_str     0x00000000       0xf4 can.o
                                0x135 (size before relaxing)
 .debug_str     0x000000f4       0x8f mcp2515.o
                                0x170 (size before relaxing)
 .debug_str     0x00000183       0x65 spi.o
                                0x11f (size before relaxing)
 .debug_str     0x000001e8       0x27 node2.o
                                 0xe1 (size before relaxing)
 .debug_str     0x0000020f       0x4c servo.o
                                0x136 (size before relaxing)
 .debug_str     0x0000025b       0x5b ir.o
                                0x124 (size before relaxing)
 .debug_str     0x000002b6       0x6d solenoid.o
                                0x122 (size before relaxing)

.debug_loc
 *(.debug_loc)

.debug_macinfo
 *(.debug_macinfo)
OUTPUT(Node2.elf elf32-avr)
LOAD linker stubs
