Archive member included because of file (symbol)

c:/program files/winavr/bin/../lib/gcc/avr/4.3.2/avr5\libgcc.a(_udivmodsi4.o)
                              uart.o (__udivmodsi4)
c:/program files/winavr/bin/../lib/gcc/avr/4.3.2/avr5\libgcc.a(_exit.o)
                              c:/program files/winavr/bin/../lib/gcc/avr/4.3.2/../../../../avr/lib/avr5/crtm162.o (exit)
c:/program files/winavr/bin/../lib/gcc/avr/4.3.2/avr5\libgcc.a(_copy_data.o)
                              bygger_gruppe_15.o (__do_copy_data)
c:/program files/winavr/bin/../lib/gcc/avr/4.3.2/avr5\libgcc.a(_clear_bss.o)
                              uart.o (__do_clear_bss)
c:/program files/winavr/bin/../lib/gcc/avr/4.3.2/avr5\libgcc.a(_fixunssfsi.o)
                              bygger_gruppe_15.o (__fixunssfsi)
c:/program files/winavr/bin/../lib/gcc/avr/4.3.2/avr5\libgcc.a(_addsub_sf.o)
                              c:/program files/winavr/bin/../lib/gcc/avr/4.3.2/avr5\libgcc.a(_fixunssfsi.o) (__subsf3)
c:/program files/winavr/bin/../lib/gcc/avr/4.3.2/avr5\libgcc.a(_mul_sf.o)
                              bygger_gruppe_15.o (__mulsf3)
c:/program files/winavr/bin/../lib/gcc/avr/4.3.2/avr5\libgcc.a(_gt_sf.o)
                              bygger_gruppe_15.o (__gtsf2)
c:/program files/winavr/bin/../lib/gcc/avr/4.3.2/avr5\libgcc.a(_ge_sf.o)
                              c:/program files/winavr/bin/../lib/gcc/avr/4.3.2/avr5\libgcc.a(_fixunssfsi.o) (__gesf2)
c:/program files/winavr/bin/../lib/gcc/avr/4.3.2/avr5\libgcc.a(_lt_sf.o)
                              bygger_gruppe_15.o (__ltsf2)
c:/program files/winavr/bin/../lib/gcc/avr/4.3.2/avr5\libgcc.a(_sf_to_si.o)
                              c:/program files/winavr/bin/../lib/gcc/avr/4.3.2/avr5\libgcc.a(_fixunssfsi.o) (__fixsfsi)
c:/program files/winavr/bin/../lib/gcc/avr/4.3.2/avr5\libgcc.a(_thenan_sf.o)
                              c:/program files/winavr/bin/../lib/gcc/avr/4.3.2/avr5\libgcc.a(_addsub_sf.o) (__thenan_sf)
c:/program files/winavr/bin/../lib/gcc/avr/4.3.2/avr5\libgcc.a(_prologue.o)
                              c:/program files/winavr/bin/../lib/gcc/avr/4.3.2/avr5\libgcc.a(_addsub_sf.o) (__prologue_saves__)
c:/program files/winavr/bin/../lib/gcc/avr/4.3.2/avr5\libgcc.a(_epilogue.o)
                              c:/program files/winavr/bin/../lib/gcc/avr/4.3.2/avr5\libgcc.a(_addsub_sf.o) (__epilogue_restores__)
c:/program files/winavr/bin/../lib/gcc/avr/4.3.2/avr5\libgcc.a(_pack_sf.o)
                              c:/program files/winavr/bin/../lib/gcc/avr/4.3.2/avr5\libgcc.a(_addsub_sf.o) (__pack_f)
c:/program files/winavr/bin/../lib/gcc/avr/4.3.2/avr5\libgcc.a(_unpack_sf.o)
                              c:/program files/winavr/bin/../lib/gcc/avr/4.3.2/avr5\libgcc.a(_addsub_sf.o) (__unpack_f)
c:/program files/winavr/bin/../lib/gcc/avr/4.3.2/avr5\libgcc.a(_fpcmp_parts_sf.o)
                              c:/program files/winavr/bin/../lib/gcc/avr/4.3.2/avr5\libgcc.a(_gt_sf.o) (__fpcmp_parts_f)
c:/program files/winavr/bin/../lib/gcc/avr/4.3.2/../../../../avr/lib/avr5\libc.a(fdevopen.o)
                              uart.o (fdevopen)
c:/program files/winavr/bin/../lib/gcc/avr/4.3.2/../../../../avr/lib/avr5\libc.a(iob.o)
                              c:/program files/winavr/bin/../lib/gcc/avr/4.3.2/../../../../avr/lib/avr5\libc.a(fdevopen.o) (__iob)
c:/program files/winavr/bin/../lib/gcc/avr/4.3.2/../../../../avr/lib/avr5\libc.a(printf.o)
                              bygger_gruppe_15.o (printf)
c:/program files/winavr/bin/../lib/gcc/avr/4.3.2/../../../../avr/lib/avr5\libc.a(puts.o)
                              sram.o (puts)
c:/program files/winavr/bin/../lib/gcc/avr/4.3.2/../../../../avr/lib/avr5\libc.a(vfprintf_std.o)
                              c:/program files/winavr/bin/../lib/gcc/avr/4.3.2/../../../../avr/lib/avr5\libc.a(printf.o) (vfprintf)
c:/program files/winavr/bin/../lib/gcc/avr/4.3.2/../../../../avr/lib/avr5\libc.a(calloc.o)
                              c:/program files/winavr/bin/../lib/gcc/avr/4.3.2/../../../../avr/lib/avr5\libc.a(fdevopen.o) (calloc)
c:/program files/winavr/bin/../lib/gcc/avr/4.3.2/../../../../avr/lib/avr5\libc.a(malloc.o)
                              c:/program files/winavr/bin/../lib/gcc/avr/4.3.2/../../../../avr/lib/avr5\libc.a(calloc.o) (malloc)
c:/program files/winavr/bin/../lib/gcc/avr/4.3.2/../../../../avr/lib/avr5\libc.a(strnlen_P.o)
                              c:/program files/winavr/bin/../lib/gcc/avr/4.3.2/../../../../avr/lib/avr5\libc.a(vfprintf_std.o) (strnlen_P)
c:/program files/winavr/bin/../lib/gcc/avr/4.3.2/../../../../avr/lib/avr5\libc.a(memset.o)
                              c:/program files/winavr/bin/../lib/gcc/avr/4.3.2/../../../../avr/lib/avr5\libc.a(calloc.o) (memset)
c:/program files/winavr/bin/../lib/gcc/avr/4.3.2/../../../../avr/lib/avr5\libc.a(strnlen.o)
                              c:/program files/winavr/bin/../lib/gcc/avr/4.3.2/../../../../avr/lib/avr5\libc.a(vfprintf_std.o) (strnlen)
c:/program files/winavr/bin/../lib/gcc/avr/4.3.2/../../../../avr/lib/avr5\libc.a(fputc.o)
                              c:/program files/winavr/bin/../lib/gcc/avr/4.3.2/../../../../avr/lib/avr5\libc.a(vfprintf_std.o) (fputc)
c:/program files/winavr/bin/../lib/gcc/avr/4.3.2/../../../../avr/lib/avr5\libc.a(ultoa_invert.o)
                              c:/program files/winavr/bin/../lib/gcc/avr/4.3.2/../../../../avr/lib/avr5\libc.a(vfprintf_std.o) (__ultoa_invert)

Allocating common symbols
Common symbol       size              file

buffer_used         0x1               uart.o
__brkval            0x2               c:/program files/winavr/bin/../lib/gcc/avr/4.3.2/../../../../avr/lib/avr5\libc.a(malloc.o)
buffer_stop         0x1               uart.o
buffer              0x10              uart.o
__flp               0x2               c:/program files/winavr/bin/../lib/gcc/avr/4.3.2/../../../../avr/lib/avr5\libc.a(malloc.o)
__iob               0x6               c:/program files/winavr/bin/../lib/gcc/avr/4.3.2/../../../../avr/lib/avr5\libc.a(iob.o)
buffer_start        0x1               uart.o

Memory Configuration

Name             Origin             Length             Attributes
text             0x00000000         0x00020000         xr
data             0x00800060         0x0000ffa0         rw !x
eeprom           0x00810000         0x00010000         rw !x
fuse             0x00820000         0x00000400         rw !x
lock             0x00830000         0x00000400         rw !x
signature        0x00840000         0x00000400         rw !x
*default*        0x00000000         0xffffffff

Linker script and memory map

Address of section .data set to 0x800100
LOAD c:/program files/winavr/bin/../lib/gcc/avr/4.3.2/../../../../avr/lib/avr5/crtm162.o
LOAD bygger_gruppe_15.o
LOAD uart.o
LOAD sram.o
LOAD joystick.o
LOAD c:/program files/winavr/bin/../lib/gcc/avr/4.3.2/avr5\libgcc.a
LOAD c:/program files/winavr/bin/../lib/gcc/avr/4.3.2/../../../../avr/lib/avr5\libc.a
LOAD c:/program files/winavr/bin/../lib/gcc/avr/4.3.2/avr5\libgcc.a

.hash
 *(.hash)

.dynsym
 *(.dynsym)

.dynstr
 *(.dynstr)

.gnu.version
 *(.gnu.version)

.gnu.version_d
 *(.gnu.version_d)

.gnu.version_r
 *(.gnu.version_r)

.rel.init
 *(.rel.init)

.rela.init
 *(.rela.init)

.rel.text
 *(.rel.text)
 *(.rel.text.*)
 *(.rel.gnu.linkonce.t*)

.rela.text
 *(.rela.text)
 *(.rela.text.*)
 *(.rela.gnu.linkonce.t*)

.rel.fini
 *(.rel.fini)

.rela.fini
 *(.rela.fini)

.rel.rodata
 *(.rel.rodata)
 *(.rel.rodata.*)
 *(.rel.gnu.linkonce.r*)

.rela.rodata
 *(.rela.rodata)
 *(.rela.rodata.*)
 *(.rela.gnu.linkonce.r*)

.rel.data
 *(.rel.data)
 *(.rel.data.*)
 *(.rel.gnu.linkonce.d*)

.rela.data
 *(.rela.data)
 *(.rela.data.*)
 *(.rela.gnu.linkonce.d*)

.rel.ctors
 *(.rel.ctors)

.rela.ctors
 *(.rela.ctors)

.rel.dtors
 *(.rel.dtors)

.rela.dtors
 *(.rela.dtors)

.rel.got
 *(.rel.got)

.rela.got
 *(.rela.got)

.rel.bss
 *(.rel.bss)

.rela.bss
 *(.rela.bss)

.rel.plt
 *(.rel.plt)

.rela.plt
 *(.rela.plt)

.text           0x00000000     0x1b22
 *(.vectors)
 .vectors       0x00000000       0x70 c:/program files/winavr/bin/../lib/gcc/avr/4.3.2/../../../../avr/lib/avr5/crtm162.o
                0x00000000                __vectors
                0x00000000                __vector_default
 *(.vectors)
 *(.progmem.gcc*)
 *(.progmem*)
                0x00000070                . = ALIGN (0x2)
                0x00000070                __trampolines_start = .
 *(.trampolines)
 .trampolines   0x00000070        0x0 linker stubs
 *(.trampolines*)
                0x00000070                __trampolines_end = .
 *(.jumptables)
 *(.jumptables*)
 *(.lowtext)
 *(.lowtext*)
                0x00000070                __ctors_start = .
 *(.ctors)
                0x00000070                __ctors_end = .
                0x00000070                __dtors_start = .
 *(.dtors)
                0x00000070                __dtors_end = .
 SORT(*)(.ctors)
 SORT(*)(.dtors)
 *(.init0)
 .init0         0x00000070        0x0 c:/program files/winavr/bin/../lib/gcc/avr/4.3.2/../../../../avr/lib/avr5/crtm162.o
                0x00000070                __init
 *(.init0)
 *(.init1)
 *(.init1)
 *(.init2)
 .init2         0x00000070        0xc c:/program files/winavr/bin/../lib/gcc/avr/4.3.2/../../../../avr/lib/avr5/crtm162.o
 *(.init2)
 *(.init3)
 *(.init3)
 *(.init4)
 .init4         0x0000007c       0x16 c:/program files/winavr/bin/../lib/gcc/avr/4.3.2/avr5\libgcc.a(_copy_data.o)
                0x0000007c                __do_copy_data
 .init4         0x00000092       0x10 c:/program files/winavr/bin/../lib/gcc/avr/4.3.2/avr5\libgcc.a(_clear_bss.o)
                0x00000092                __do_clear_bss
 *(.init4)
 *(.init5)
 *(.init5)
 *(.init6)
 *(.init6)
 *(.init7)
 *(.init7)
 *(.init8)
 *(.init8)
 *(.init9)
 .init9         0x000000a2        0x8 c:/program files/winavr/bin/../lib/gcc/avr/4.3.2/../../../../avr/lib/avr5/crtm162.o
 *(.init9)
 *(.text)
 .text          0x000000aa        0x4 c:/program files/winavr/bin/../lib/gcc/avr/4.3.2/../../../../avr/lib/avr5/crtm162.o
                0x000000aa                __vector_22
                0x000000aa                __vector_1
                0x000000aa                __vector_24
                0x000000aa                __vector_12
                0x000000aa                __bad_interrupt
                0x000000aa                __vector_6
                0x000000aa                __vector_3
                0x000000aa                __vector_23
                0x000000aa                __vector_25
                0x000000aa                __vector_11
                0x000000aa                __vector_13
                0x000000aa                __vector_17
                0x000000aa                __vector_19
                0x000000aa                __vector_7
                0x000000aa                __vector_27
                0x000000aa                __vector_5
                0x000000aa                __vector_4
                0x000000aa                __vector_9
                0x000000aa                __vector_2
                0x000000aa                __vector_15
                0x000000aa                __vector_8
                0x000000aa                __vector_26
                0x000000aa                __vector_14
                0x000000aa                __vector_10
                0x000000aa                __vector_16
                0x000000aa                __vector_18
                0x000000aa                __vector_20
 .text          0x000000ae      0x196 bygger_gruppe_15.o
                0x000000ae                main
 .text          0x00000244      0x202 uart.o
                0x0000037e                UART_get_char
                0x00000244                init_UART
                0x000003c0                __vector_21
                0x00000330                UART_put_char
 .text          0x00000446      0x1ec sram.o
                0x0000047e                SRAM_test
                0x00000446                init_SRAM
 .text          0x00000632      0x110 joystick.o
                0x00000722                read_buttons
                0x0000064e                read_axis
                0x00000632                init_joystick
 .text          0x00000742        0x0 c:/program files/winavr/bin/../lib/gcc/avr/4.3.2/avr5\libgcc.a(_udivmodsi4.o)
 .text          0x00000742        0x0 c:/program files/winavr/bin/../lib/gcc/avr/4.3.2/avr5\libgcc.a(_exit.o)
 .text          0x00000742        0x0 c:/program files/winavr/bin/../lib/gcc/avr/4.3.2/avr5\libgcc.a(_copy_data.o)
 .text          0x00000742        0x0 c:/program files/winavr/bin/../lib/gcc/avr/4.3.2/avr5\libgcc.a(_clear_bss.o)
 .text          0x00000742       0x58 c:/program files/winavr/bin/../lib/gcc/avr/4.3.2/avr5\libgcc.a(_fixunssfsi.o)
                0x00000742                __fixunssfsi
 .text          0x0000079a      0x354 c:/program files/winavr/bin/../lib/gcc/avr/4.3.2/avr5\libgcc.a(_addsub_sf.o)
                0x00000a32                __subsf3
                0x00000a94                __addsf3
 .text          0x00000aee      0x1f4 c:/program files/winavr/bin/../lib/gcc/avr/4.3.2/avr5\libgcc.a(_mul_sf.o)
                0x00000aee                __mulsf3
 .text          0x00000ce2       0x60 c:/program files/winavr/bin/../lib/gcc/avr/4.3.2/avr5\libgcc.a(_gt_sf.o)
                0x00000ce2                __gtsf2
 .text          0x00000d42       0x60 c:/program files/winavr/bin/../lib/gcc/avr/4.3.2/avr5\libgcc.a(_ge_sf.o)
                0x00000d42                __gesf2
 .text          0x00000da2       0x60 c:/program files/winavr/bin/../lib/gcc/avr/4.3.2/avr5\libgcc.a(_lt_sf.o)
                0x00000da2                __ltsf2
 .text          0x00000e02       0xa8 c:/program files/winavr/bin/../lib/gcc/avr/4.3.2/avr5\libgcc.a(_sf_to_si.o)
                0x00000e02                __fixsfsi
 .text          0x00000eaa        0x0 c:/program files/winavr/bin/../lib/gcc/avr/4.3.2/avr5\libgcc.a(_thenan_sf.o)
 .text          0x00000eaa        0x0 c:/program files/winavr/bin/../lib/gcc/avr/4.3.2/avr5\libgcc.a(_prologue.o)
 .text          0x00000eaa        0x0 c:/program files/winavr/bin/../lib/gcc/avr/4.3.2/avr5\libgcc.a(_epilogue.o)
 .text          0x00000eaa      0x1aa c:/program files/winavr/bin/../lib/gcc/avr/4.3.2/avr5\libgcc.a(_pack_sf.o)
                0x00000eaa                __pack_f
 .text          0x00001054       0xf0 c:/program files/winavr/bin/../lib/gcc/avr/4.3.2/avr5\libgcc.a(_unpack_sf.o)
                0x00001054                __unpack_f
 .text          0x00001144       0xb2 c:/program files/winavr/bin/../lib/gcc/avr/4.3.2/avr5\libgcc.a(_fpcmp_parts_sf.o)
                0x00001144                __fpcmp_parts_f
 .text          0x000011f6       0x98 c:/program files/winavr/bin/../lib/gcc/avr/4.3.2/../../../../avr/lib/avr5\libc.a(fdevopen.o)
                0x000011f6                fdevopen
 .text          0x0000128e        0x0 c:/program files/winavr/bin/../lib/gcc/avr/4.3.2/../../../../avr/lib/avr5\libc.a(iob.o)
 .text          0x0000128e       0x2a c:/program files/winavr/bin/../lib/gcc/avr/4.3.2/../../../../avr/lib/avr5\libc.a(printf.o)
                0x0000128e                printf
 .text          0x000012b8       0x6a c:/program files/winavr/bin/../lib/gcc/avr/4.3.2/../../../../avr/lib/avr5\libc.a(puts.o)
                0x000012b8                puts
 .text          0x00001322      0x3ba c:/program files/winavr/bin/../lib/gcc/avr/4.3.2/../../../../avr/lib/avr5\libc.a(vfprintf_std.o)
                0x00001322                vfprintf
 .text          0x000016dc       0x38 c:/program files/winavr/bin/../lib/gcc/avr/4.3.2/../../../../avr/lib/avr5\libc.a(calloc.o)
                0x000016dc                calloc
 .text          0x00001714      0x20a c:/program files/winavr/bin/../lib/gcc/avr/4.3.2/../../../../avr/lib/avr5\libc.a(malloc.o)
                0x00001714                malloc
                0x0000186e                free
 .text          0x0000191e       0x16 c:/program files/winavr/bin/../lib/gcc/avr/4.3.2/../../../../avr/lib/avr5\libc.a(strnlen_P.o)
                0x0000191e                strnlen_P
 .text          0x00001934        0xe c:/program files/winavr/bin/../lib/gcc/avr/4.3.2/../../../../avr/lib/avr5\libc.a(memset.o)
                0x00001934                memset
 .text          0x00001942       0x16 c:/program files/winavr/bin/../lib/gcc/avr/4.3.2/../../../../avr/lib/avr5\libc.a(strnlen.o)
                0x00001942                strnlen
 .text          0x00001958       0x58 c:/program files/winavr/bin/../lib/gcc/avr/4.3.2/../../../../avr/lib/avr5\libc.a(fputc.o)
                0x00001958                fputc
 .text          0x000019b0       0xbc c:/program files/winavr/bin/../lib/gcc/avr/4.3.2/../../../../avr/lib/avr5\libc.a(ultoa_invert.o)
                0x000019b0                __ultoa_invert
                0x00001a6c                . = ALIGN (0x2)
 *(.text.*)
 .text.libgcc   0x00001a6c       0x44 c:/program files/winavr/bin/../lib/gcc/avr/4.3.2/avr5\libgcc.a(_udivmodsi4.o)
                0x00001a6c                __udivmodsi4
 .text.libgcc   0x00001ab0        0x0 c:/program files/winavr/bin/../lib/gcc/avr/4.3.2/avr5\libgcc.a(_exit.o)
 .text.libgcc   0x00001ab0        0x0 c:/program files/winavr/bin/../lib/gcc/avr/4.3.2/avr5\libgcc.a(_copy_data.o)
 .text.libgcc   0x00001ab0        0x0 c:/program files/winavr/bin/../lib/gcc/avr/4.3.2/avr5\libgcc.a(_clear_bss.o)
 .text.libgcc   0x00001ab0       0x38 c:/program files/winavr/bin/../lib/gcc/avr/4.3.2/avr5\libgcc.a(_prologue.o)
                0x00001ab0                __prologue_saves__
 .text.libgcc   0x00001ae8       0x36 c:/program files/winavr/bin/../lib/gcc/avr/4.3.2/avr5\libgcc.a(_epilogue.o)
                0x00001ae8                __epilogue_restores__
                0x00001b1e                . = ALIGN (0x2)
 *(.fini9)
 .fini9         0x00001b1e        0x0 c:/program files/winavr/bin/../lib/gcc/avr/4.3.2/avr5\libgcc.a(_exit.o)
                0x00001b1e                exit
                0x00001b1e                _exit
 *(.fini9)
 *(.fini8)
 *(.fini8)
 *(.fini7)
 *(.fini7)
 *(.fini6)
 *(.fini6)
 *(.fini5)
 *(.fini5)
 *(.fini4)
 *(.fini4)
 *(.fini3)
 *(.fini3)
 *(.fini2)
 *(.fini2)
 *(.fini1)
 *(.fini1)
 *(.fini0)
 .fini0         0x00001b1e        0x4 c:/program files/winavr/bin/../lib/gcc/avr/4.3.2/avr5\libgcc.a(_exit.o)
 *(.fini0)
                0x00001b22                _etext = .

.data           0x00800100       0x6a load address 0x00001b22
                0x00800100                PROVIDE (__data_start, .)
 *(.data)
 .data          0x00800100        0x0 c:/program files/winavr/bin/../lib/gcc/avr/4.3.2/../../../../avr/lib/avr5/crtm162.o
 .data          0x00800100       0x2d bygger_gruppe_15.o
 .data          0x0080012d        0x0 uart.o
 .data          0x0080012d       0x2f sram.o
 .data          0x0080015c        0x0 joystick.o
 .data          0x0080015c        0x0 c:/program files/winavr/bin/../lib/gcc/avr/4.3.2/avr5\libgcc.a(_udivmodsi4.o)
 .data          0x0080015c        0x0 c:/program files/winavr/bin/../lib/gcc/avr/4.3.2/avr5\libgcc.a(_exit.o)
 .data          0x0080015c        0x0 c:/program files/winavr/bin/../lib/gcc/avr/4.3.2/avr5\libgcc.a(_copy_data.o)
 .data          0x0080015c        0x0 c:/program files/winavr/bin/../lib/gcc/avr/4.3.2/avr5\libgcc.a(_clear_bss.o)
 .data          0x0080015c        0x0 c:/program files/winavr/bin/../lib/gcc/avr/4.3.2/avr5\libgcc.a(_fixunssfsi.o)
 .data          0x0080015c        0x0 c:/program files/winavr/bin/../lib/gcc/avr/4.3.2/avr5\libgcc.a(_addsub_sf.o)
 .data          0x0080015c        0x0 c:/program files/winavr/bin/../lib/gcc/avr/4.3.2/avr5\libgcc.a(_mul_sf.o)
 .data          0x0080015c        0x0 c:/program files/winavr/bin/../lib/gcc/avr/4.3.2/avr5\libgcc.a(_gt_sf.o)
 .data          0x0080015c        0x0 c:/program files/winavr/bin/../lib/gcc/avr/4.3.2/avr5\libgcc.a(_ge_sf.o)
 .data          0x0080015c        0x0 c:/program files/winavr/bin/../lib/gcc/avr/4.3.2/avr5\libgcc.a(_lt_sf.o)
 .data          0x0080015c        0x0 c:/program files/winavr/bin/../lib/gcc/avr/4.3.2/avr5\libgcc.a(_sf_to_si.o)
 .data          0x0080015c        0x8 c:/program files/winavr/bin/../lib/gcc/avr/4.3.2/avr5\libgcc.a(_thenan_sf.o)
                0x0080015c                __thenan_sf
 .data          0x00800164        0x0 c:/program files/winavr/bin/../lib/gcc/avr/4.3.2/avr5\libgcc.a(_prologue.o)
 .data          0x00800164        0x0 c:/program files/winavr/bin/../lib/gcc/avr/4.3.2/avr5\libgcc.a(_epilogue.o)
 .data          0x00800164        0x0 c:/program files/winavr/bin/../lib/gcc/avr/4.3.2/avr5\libgcc.a(_pack_sf.o)
 .data          0x00800164        0x0 c:/program files/winavr/bin/../lib/gcc/avr/4.3.2/avr5\libgcc.a(_unpack_sf.o)
 .data          0x00800164        0x0 c:/program files/winavr/bin/../lib/gcc/avr/4.3.2/avr5\libgcc.a(_fpcmp_parts_sf.o)
 .data          0x00800164        0x0 c:/program files/winavr/bin/../lib/gcc/avr/4.3.2/../../../../avr/lib/avr5\libc.a(fdevopen.o)
 .data          0x00800164        0x0 c:/program files/winavr/bin/../lib/gcc/avr/4.3.2/../../../../avr/lib/avr5\libc.a(iob.o)
 .data          0x00800164        0x0 c:/program files/winavr/bin/../lib/gcc/avr/4.3.2/../../../../avr/lib/avr5\libc.a(printf.o)
 .data          0x00800164        0x0 c:/program files/winavr/bin/../lib/gcc/avr/4.3.2/../../../../avr/lib/avr5\libc.a(puts.o)
 .data          0x00800164        0x0 c:/program files/winavr/bin/../lib/gcc/avr/4.3.2/../../../../avr/lib/avr5\libc.a(vfprintf_std.o)
 .data          0x00800164        0x0 c:/program files/winavr/bin/../lib/gcc/avr/4.3.2/../../../../avr/lib/avr5\libc.a(calloc.o)
 .data          0x00800164        0x6 c:/program files/winavr/bin/../lib/gcc/avr/4.3.2/../../../../avr/lib/avr5\libc.a(malloc.o)
                0x00800166                __malloc_heap_start
                0x00800168                __malloc_heap_end
                0x00800164                __malloc_margin
 .data          0x0080016a        0x0 c:/program files/winavr/bin/../lib/gcc/avr/4.3.2/../../../../avr/lib/avr5\libc.a(strnlen_P.o)
 .data          0x0080016a        0x0 c:/program files/winavr/bin/../lib/gcc/avr/4.3.2/../../../../avr/lib/avr5\libc.a(memset.o)
 .data          0x0080016a        0x0 c:/program files/winavr/bin/../lib/gcc/avr/4.3.2/../../../../avr/lib/avr5\libc.a(strnlen.o)
 .data          0x0080016a        0x0 c:/program files/winavr/bin/../lib/gcc/avr/4.3.2/../../../../avr/lib/avr5\libc.a(fputc.o)
 .data          0x0080016a        0x0 c:/program files/winavr/bin/../lib/gcc/avr/4.3.2/../../../../avr/lib/avr5\libc.a(ultoa_invert.o)
 *(.data*)
 *(.rodata)
 *(.rodata*)
 *(.gnu.linkonce.d*)
                0x0080016a                . = ALIGN (0x2)
                0x0080016a                _edata = .
                0x0080016a                PROVIDE (__data_end, .)

.bss            0x0080016a       0x1d
                0x0080016a                PROVIDE (__bss_start, .)
 *(.bss)
 .bss           0x0080016a        0x0 c:/program files/winavr/bin/../lib/gcc/avr/4.3.2/../../../../avr/lib/avr5/crtm162.o
 .bss           0x0080016a        0x0 bygger_gruppe_15.o
 .bss           0x0080016a        0x0 uart.o
 .bss           0x0080016a        0x0 sram.o
 .bss           0x0080016a        0x0 joystick.o
 .bss           0x0080016a        0x0 c:/program files/winavr/bin/../lib/gcc/avr/4.3.2/avr5\libgcc.a(_udivmodsi4.o)
 .bss           0x0080016a        0x0 c:/program files/winavr/bin/../lib/gcc/avr/4.3.2/avr5\libgcc.a(_exit.o)
 .bss           0x0080016a        0x0 c:/program files/winavr/bin/../lib/gcc/avr/4.3.2/avr5\libgcc.a(_copy_data.o)
 .bss           0x0080016a        0x0 c:/program files/winavr/bin/../lib/gcc/avr/4.3.2/avr5\libgcc.a(_clear_bss.o)
 .bss           0x0080016a        0x0 c:/program files/winavr/bin/../lib/gcc/avr/4.3.2/avr5\libgcc.a(_fixunssfsi.o)
 .bss           0x0080016a        0x0 c:/program files/winavr/bin/../lib/gcc/avr/4.3.2/avr5\libgcc.a(_addsub_sf.o)
 .bss           0x0080016a        0x0 c:/program files/winavr/bin/../lib/gcc/avr/4.3.2/avr5\libgcc.a(_mul_sf.o)
 .bss           0x0080016a        0x0 c:/program files/winavr/bin/../lib/gcc/avr/4.3.2/avr5\libgcc.a(_gt_sf.o)
 .bss           0x0080016a        0x0 c:/program files/winavr/bin/../lib/gcc/avr/4.3.2/avr5\libgcc.a(_ge_sf.o)
 .bss           0x0080016a        0x0 c:/program files/winavr/bin/../lib/gcc/avr/4.3.2/avr5\libgcc.a(_lt_sf.o)
 .bss           0x0080016a        0x0 c:/program files/winavr/bin/../lib/gcc/avr/4.3.2/avr5\libgcc.a(_sf_to_si.o)
 .bss           0x0080016a        0x0 c:/program files/winavr/bin/../lib/gcc/avr/4.3.2/avr5\libgcc.a(_thenan_sf.o)
 .bss           0x0080016a        0x0 c:/program files/winavr/bin/../lib/gcc/avr/4.3.2/avr5\libgcc.a(_prologue.o)
 .bss           0x0080016a        0x0 c:/program files/winavr/bin/../lib/gcc/avr/4.3.2/avr5\libgcc.a(_epilogue.o)
 .bss           0x0080016a        0x0 c:/program files/winavr/bin/../lib/gcc/avr/4.3.2/avr5\libgcc.a(_pack_sf.o)
 .bss           0x0080016a        0x0 c:/program files/winavr/bin/../lib/gcc/avr/4.3.2/avr5\libgcc.a(_unpack_sf.o)
 .bss           0x0080016a        0x0 c:/program files/winavr/bin/../lib/gcc/avr/4.3.2/avr5\libgcc.a(_fpcmp_parts_sf.o)
 .bss           0x0080016a        0x0 c:/program files/winavr/bin/../lib/gcc/avr/4.3.2/../../../../avr/lib/avr5\libc.a(fdevopen.o)
 .bss           0x0080016a        0x0 c:/program files/winavr/bin/../lib/gcc/avr/4.3.2/../../../../avr/lib/avr5\libc.a(iob.o)
 .bss           0x0080016a        0x0 c:/program files/winavr/bin/../lib/gcc/avr/4.3.2/../../../../avr/lib/avr5\libc.a(printf.o)
 .bss           0x0080016a        0x0 c:/program files/winavr/bin/../lib/gcc/avr/4.3.2/../../../../avr/lib/avr5\libc.a(puts.o)
 .bss           0x0080016a        0x0 c:/program files/winavr/bin/../lib/gcc/avr/4.3.2/../../../../avr/lib/avr5\libc.a(vfprintf_std.o)
 .bss           0x0080016a        0x0 c:/program files/winavr/bin/../lib/gcc/avr/4.3.2/../../../../avr/lib/avr5\libc.a(calloc.o)
 .bss           0x0080016a        0x0 c:/program files/winavr/bin/../lib/gcc/avr/4.3.2/../../../../avr/lib/avr5\libc.a(malloc.o)
 .bss           0x0080016a        0x0 c:/program files/winavr/bin/../lib/gcc/avr/4.3.2/../../../../avr/lib/avr5\libc.a(strnlen_P.o)
 .bss           0x0080016a        0x0 c:/program files/winavr/bin/../lib/gcc/avr/4.3.2/../../../../avr/lib/avr5\libc.a(memset.o)
 .bss           0x0080016a        0x0 c:/program files/winavr/bin/../lib/gcc/avr/4.3.2/../../../../avr/lib/avr5\libc.a(strnlen.o)
 .bss           0x0080016a        0x0 c:/program files/winavr/bin/../lib/gcc/avr/4.3.2/../../../../avr/lib/avr5\libc.a(fputc.o)
 .bss           0x0080016a        0x0 c:/program files/winavr/bin/../lib/gcc/avr/4.3.2/../../../../avr/lib/avr5\libc.a(ultoa_invert.o)
 *(.bss*)
 *(COMMON)
 COMMON         0x0080016a       0x13 uart.o
                0x0080016a                buffer_used
                0x0080016b                buffer_stop
                0x0080016c                buffer
                0x0080017c                buffer_start
 COMMON         0x0080017d        0x6 c:/program files/winavr/bin/../lib/gcc/avr/4.3.2/../../../../avr/lib/avr5\libc.a(iob.o)
                0x0080017d                __iob
 COMMON         0x00800183        0x4 c:/program files/winavr/bin/../lib/gcc/avr/4.3.2/../../../../avr/lib/avr5\libc.a(malloc.o)
                0x00800183                __brkval
                0x00800185                __flp
                0x00800187                PROVIDE (__bss_end, .)
                0x00001b22                __data_load_start = LOADADDR (.data)
                0x00001b8c                __data_load_end = (__data_load_start + SIZEOF (.data))

.noinit         0x00800187        0x0
                0x00800187                PROVIDE (__noinit_start, .)
 *(.noinit*)
                0x00800187                PROVIDE (__noinit_end, .)
                0x00800187                _end = .
                0x00800187                PROVIDE (__heap_start, .)

.eeprom         0x00810000        0x0
 *(.eeprom*)
                0x00810000                __eeprom_end = .

.fuse
 *(.fuse)
 *(.lfuse)
 *(.hfuse)
 *(.efuse)

.lock
 *(.lock*)

.signature
 *(.signature*)

.stab
 *(.stab)

.stabstr
 *(.stabstr)

.stab.excl
 *(.stab.excl)

.stab.exclstr
 *(.stab.exclstr)

.stab.index
 *(.stab.index)

.stab.indexstr
 *(.stab.indexstr)

.comment
 *(.comment)

.debug
 *(.debug)

.line
 *(.line)

.debug_srcinfo
 *(.debug_srcinfo)

.debug_sfnames
 *(.debug_sfnames)

.debug_aranges  0x00000000       0x80
 *(.debug_aranges)
 .debug_aranges
                0x00000000       0x20 bygger_gruppe_15.o
 .debug_aranges
                0x00000020       0x20 uart.o
 .debug_aranges
                0x00000040       0x20 sram.o
 .debug_aranges
                0x00000060       0x20 joystick.o

.debug_pubnames
                0x00000000      0x11c
 *(.debug_pubnames)
 .debug_pubnames
                0x00000000       0x1b bygger_gruppe_15.o
 .debug_pubnames
                0x0000001b       0x90 uart.o
 .debug_pubnames
                0x000000ab       0x2e sram.o
 .debug_pubnames
                0x000000d9       0x43 joystick.o

.debug_info     0x00000000      0x61d
 *(.debug_info)
 .debug_info    0x00000000      0x120 bygger_gruppe_15.o
 .debug_info    0x00000120      0x255 uart.o
 .debug_info    0x00000375      0x17a sram.o
 .debug_info    0x000004ef      0x12e joystick.o
 *(.gnu.linkonce.wi.*)

.debug_abbrev   0x00000000      0x3a1
 *(.debug_abbrev)
 .debug_abbrev  0x00000000       0xa9 bygger_gruppe_15.o
 .debug_abbrev  0x000000a9      0x13a uart.o
 .debug_abbrev  0x000001e3       0xe7 sram.o
 .debug_abbrev  0x000002ca       0xd7 joystick.o

.debug_line     0x00000000      0x6bf
 *(.debug_line)
 .debug_line    0x00000000      0x179 bygger_gruppe_15.o
 .debug_line    0x00000179      0x1c7 uart.o
 .debug_line    0x00000340      0x1da sram.o
 .debug_line    0x0000051a      0x1a5 joystick.o

.debug_frame    0x00000000       0xf0
 *(.debug_frame)
 .debug_frame   0x00000000       0x20 bygger_gruppe_15.o
 .debug_frame   0x00000020       0x50 uart.o
 .debug_frame   0x00000070       0x30 sram.o
 .debug_frame   0x000000a0       0x50 joystick.o

.debug_str      0x00000000      0x218
 *(.debug_str)
 .debug_str     0x00000000       0xef bygger_gruppe_15.o
                                0x128 (size before relaxing)
 .debug_str     0x000000ef       0xa6 uart.o
                                0x170 (size before relaxing)
 .debug_str     0x00000195       0x2a sram.o
                                0x137 (size before relaxing)
 .debug_str     0x000001bf       0x59 joystick.o
                                0x137 (size before relaxing)

.debug_loc
 *(.debug_loc)

.debug_macinfo
 *(.debug_macinfo)
OUTPUT(bygger_gruppe_15.elf elf32-avr)
LOAD linker stubs
