Archive member included because of file (symbol)

c:/program files/winavr/bin/../lib/gcc/avr/4.3.2/avr51\libgcc.a(_exit.o)
                              c:/program files/winavr/bin/../lib/gcc/avr/4.3.2/../../../../avr/lib/avr51/crtm128.o (exit)
c:/program files/winavr/bin/../lib/gcc/avr/4.3.2/avr51\libgcc.a(_clear_bss.o)
                              servo.o (__do_clear_bss)
c:/program files/winavr/bin/../lib/gcc/avr/4.3.2/avr51\libgcc.a(_fixunssfsi.o)
                              solenoid.o (__fixunssfsi)
c:/program files/winavr/bin/../lib/gcc/avr/4.3.2/avr51\libgcc.a(_addsub_sf.o)
                              motor.o (__subsf3)
c:/program files/winavr/bin/../lib/gcc/avr/4.3.2/avr51\libgcc.a(_mul_sf.o)
                              servo.o (__mulsf3)
c:/program files/winavr/bin/../lib/gcc/avr/4.3.2/avr51\libgcc.a(_div_sf.o)
                              servo.o (__divsf3)
c:/program files/winavr/bin/../lib/gcc/avr/4.3.2/avr51\libgcc.a(_gt_sf.o)
                              servo.o (__gtsf2)
c:/program files/winavr/bin/../lib/gcc/avr/4.3.2/avr51\libgcc.a(_ge_sf.o)
                              c:/program files/winavr/bin/../lib/gcc/avr/4.3.2/avr51\libgcc.a(_fixunssfsi.o) (__gesf2)
c:/program files/winavr/bin/../lib/gcc/avr/4.3.2/avr51\libgcc.a(_lt_sf.o)
                              servo.o (__ltsf2)
c:/program files/winavr/bin/../lib/gcc/avr/4.3.2/avr51\libgcc.a(_si_to_sf.o)
                              servo.o (__floatsisf)
c:/program files/winavr/bin/../lib/gcc/avr/4.3.2/avr51\libgcc.a(_sf_to_si.o)
                              servo.o (__fixsfsi)
c:/program files/winavr/bin/../lib/gcc/avr/4.3.2/avr51\libgcc.a(_thenan_sf.o)
                              c:/program files/winavr/bin/../lib/gcc/avr/4.3.2/avr51\libgcc.a(_addsub_sf.o) (__thenan_sf)
c:/program files/winavr/bin/../lib/gcc/avr/4.3.2/avr51\libgcc.a(_prologue.o)
                              c:/program files/winavr/bin/../lib/gcc/avr/4.3.2/avr51\libgcc.a(_addsub_sf.o) (__prologue_saves__)
c:/program files/winavr/bin/../lib/gcc/avr/4.3.2/avr51\libgcc.a(_epilogue.o)
                              c:/program files/winavr/bin/../lib/gcc/avr/4.3.2/avr51\libgcc.a(_addsub_sf.o) (__epilogue_restores__)
c:/program files/winavr/bin/../lib/gcc/avr/4.3.2/avr51\libgcc.a(_clzsi2.o)
                              c:/program files/winavr/bin/../lib/gcc/avr/4.3.2/avr51\libgcc.a(_si_to_sf.o) (__clzsi2)
c:/program files/winavr/bin/../lib/gcc/avr/4.3.2/avr51\libgcc.a(_pack_sf.o)
                              c:/program files/winavr/bin/../lib/gcc/avr/4.3.2/avr51\libgcc.a(_addsub_sf.o) (__pack_f)
c:/program files/winavr/bin/../lib/gcc/avr/4.3.2/avr51\libgcc.a(_unpack_sf.o)
                              c:/program files/winavr/bin/../lib/gcc/avr/4.3.2/avr51\libgcc.a(_addsub_sf.o) (__unpack_f)
c:/program files/winavr/bin/../lib/gcc/avr/4.3.2/avr51\libgcc.a(_fpcmp_parts_sf.o)
                              c:/program files/winavr/bin/../lib/gcc/avr/4.3.2/avr51\libgcc.a(_gt_sf.o) (__fpcmp_parts_f)
c:/program files/winavr/bin/../lib/gcc/avr/4.3.2/avr51\libgcc.a(_clz.o)
                              c:/program files/winavr/bin/../lib/gcc/avr/4.3.2/avr51\libgcc.a(_clzsi2.o) (__clz_tab)
c:/program files/winavr/bin/../lib/gcc/avr/4.3.2/../../../../avr/lib/avr51\libc.a(putchar.o)
                              mcp2515.o (putchar)
c:/program files/winavr/bin/../lib/gcc/avr/4.3.2/../../../../avr/lib/avr51\libc.a(sprintf.o)
                              can.o (sprintf)
c:/program files/winavr/bin/../lib/gcc/avr/4.3.2/../../../../avr/lib/avr51\libc.a(vfprintf_std.o)
                              c:/program files/winavr/bin/../lib/gcc/avr/4.3.2/../../../../avr/lib/avr51\libc.a(sprintf.o) (vfprintf)
c:/program files/winavr/bin/../lib/gcc/avr/4.3.2/../../../../avr/lib/avr51\libc.a(strnlen_P.o)
                              c:/program files/winavr/bin/../lib/gcc/avr/4.3.2/../../../../avr/lib/avr51\libc.a(vfprintf_std.o) (strnlen_P)
c:/program files/winavr/bin/../lib/gcc/avr/4.3.2/../../../../avr/lib/avr51\libc.a(strnlen.o)
                              c:/program files/winavr/bin/../lib/gcc/avr/4.3.2/../../../../avr/lib/avr51\libc.a(vfprintf_std.o) (strnlen)
c:/program files/winavr/bin/../lib/gcc/avr/4.3.2/../../../../avr/lib/avr51\libc.a(fputc.o)
                              c:/program files/winavr/bin/../lib/gcc/avr/4.3.2/../../../../avr/lib/avr51\libc.a(putchar.o) (fputc)
c:/program files/winavr/bin/../lib/gcc/avr/4.3.2/../../../../avr/lib/avr51\libc.a(iob.o)
                              c:/program files/winavr/bin/../lib/gcc/avr/4.3.2/../../../../avr/lib/avr51\libc.a(putchar.o) (__iob)
c:/program files/winavr/bin/../lib/gcc/avr/4.3.2/../../../../avr/lib/avr51\libc.a(ultoa_invert.o)
                              c:/program files/winavr/bin/../lib/gcc/avr/4.3.2/../../../../avr/lib/avr51\libc.a(vfprintf_std.o) (__ultoa_invert)

Allocating common symbols
Common symbol       size              file

__iob               0x6               c:/program files/winavr/bin/../lib/gcc/avr/4.3.2/../../../../avr/lib/avr51\libc.a(iob.o)

Memory Configuration

Name             Origin             Length             Attributes
text             0x00000000         0x00020000         xr
data             0x00800060         0x0000ffa0         rw !x
eeprom           0x00810000         0x00010000         rw !x
fuse             0x00820000         0x00000400         rw !x
lock             0x00830000         0x00000400         rw !x
signature        0x00840000         0x00000400         rw !x
*default*        0x00000000         0xffffffff

Linker script and memory map

Address of section .data set to 0x800100
LOAD c:/program files/winavr/bin/../lib/gcc/avr/4.3.2/../../../../avr/lib/avr51/crtm128.o
LOAD can.o
LOAD mcp2515.o
LOAD spi.o
LOAD node2.o
LOAD servo.o
LOAD ir.o
LOAD solenoid.o
LOAD motor.o
LOAD TWI_Master.o
LOAD c:/program files/winavr/bin/../lib/gcc/avr/4.3.2/avr51\libgcc.a
LOAD c:/program files/winavr/bin/../lib/gcc/avr/4.3.2/../../../../avr/lib/avr51\libc.a
LOAD c:/program files/winavr/bin/../lib/gcc/avr/4.3.2/avr51\libgcc.a

.hash
 *(.hash)

.dynsym
 *(.dynsym)

.dynstr
 *(.dynstr)

.gnu.version
 *(.gnu.version)

.gnu.version_d
 *(.gnu.version_d)

.gnu.version_r
 *(.gnu.version_r)

.rel.init
 *(.rel.init)

.rela.init
 *(.rela.init)

.rel.text
 *(.rel.text)
 *(.rel.text.*)
 *(.rel.gnu.linkonce.t*)

.rela.text
 *(.rela.text)
 *(.rela.text.*)
 *(.rela.gnu.linkonce.t*)

.rel.fini
 *(.rel.fini)

.rela.fini
 *(.rela.fini)

.rel.rodata
 *(.rel.rodata)
 *(.rel.rodata.*)
 *(.rel.gnu.linkonce.r*)

.rela.rodata
 *(.rela.rodata)
 *(.rela.rodata.*)
 *(.rela.gnu.linkonce.r*)

.rel.data
 *(.rel.data)
 *(.rel.data.*)
 *(.rel.gnu.linkonce.d*)

.rela.data
 *(.rela.data)
 *(.rela.data.*)
 *(.rela.gnu.linkonce.d*)

.rel.ctors
 *(.rel.ctors)

.rela.ctors
 *(.rela.ctors)

.rel.dtors
 *(.rel.dtors)

.rela.dtors
 *(.rela.dtors)

.rel.got
 *(.rel.got)

.rela.got
 *(.rela.got)

.rel.bss
 *(.rel.bss)

.rela.bss
 *(.rela.bss)

.rel.plt
 *(.rel.plt)

.rela.plt
 *(.rela.plt)

.text           0x00000000     0x2786
 *(.vectors)
 .vectors       0x00000000       0x8c c:/program files/winavr/bin/../lib/gcc/avr/4.3.2/../../../../avr/lib/avr51/crtm128.o
                0x00000000                __vectors
                0x00000000                __vector_default
 *(.vectors)
 *(.progmem.gcc*)
 *(.progmem*)
                0x0000008c                . = ALIGN (0x2)
                0x0000008c                __trampolines_start = .
 *(.trampolines)
 .trampolines   0x0000008c        0x0 linker stubs
 *(.trampolines*)
                0x0000008c                __trampolines_end = .
 *(.jumptables)
 *(.jumptables*)
 *(.lowtext)
 *(.lowtext*)
                0x0000008c                __ctors_start = .
 *(.ctors)
                0x0000008c                __ctors_end = .
                0x0000008c                __dtors_start = .
 *(.dtors)
                0x0000008c                __dtors_end = .
 SORT(*)(.ctors)
 SORT(*)(.dtors)
 *(.init0)
 .init0         0x0000008c        0x0 c:/program files/winavr/bin/../lib/gcc/avr/4.3.2/../../../../avr/lib/avr51/crtm128.o
                0x0000008c                __init
 *(.init0)
 *(.init1)
 *(.init1)
 *(.init2)
 .init2         0x0000008c        0xc c:/program files/winavr/bin/../lib/gcc/avr/4.3.2/../../../../avr/lib/avr51/crtm128.o
 *(.init2)
 *(.init3)
 *(.init3)
 *(.init4)
 .init4         0x00000098       0x1a c:/program files/winavr/bin/../lib/gcc/avr/4.3.2/../../../../avr/lib/avr51/crtm128.o
                0x00000098                __do_copy_data
 .init4         0x000000b2       0x10 c:/program files/winavr/bin/../lib/gcc/avr/4.3.2/avr51\libgcc.a(_clear_bss.o)
                0x000000b2                __do_clear_bss
 *(.init4)
 *(.init5)
 *(.init5)
 *(.init6)
 *(.init6)
 *(.init7)
 *(.init7)
 *(.init8)
 *(.init8)
 *(.init9)
 .init9         0x000000c2        0x8 c:/program files/winavr/bin/../lib/gcc/avr/4.3.2/../../../../avr/lib/avr51/crtm128.o
 *(.init9)
 *(.text)
 .text          0x000000ca        0x4 c:/program files/winavr/bin/../lib/gcc/avr/4.3.2/../../../../avr/lib/avr51/crtm128.o
                0x000000ca                __vector_22
                0x000000ca                __vector_28
                0x000000ca                __vector_1
                0x000000ca                __vector_32
                0x000000ca                __vector_34
                0x000000ca                __vector_24
                0x000000ca                __vector_12
                0x000000ca                __bad_interrupt
                0x000000ca                __vector_6
                0x000000ca                __vector_31
                0x000000ca                __vector_3
                0x000000ca                __vector_23
                0x000000ca                __vector_30
                0x000000ca                __vector_25
                0x000000ca                __vector_11
                0x000000ca                __vector_13
                0x000000ca                __vector_17
                0x000000ca                __vector_19
                0x000000ca                __vector_7
                0x000000ca                __vector_27
                0x000000ca                __vector_4
                0x000000ca                __vector_9
                0x000000ca                __vector_2
                0x000000ca                __vector_15
                0x000000ca                __vector_29
                0x000000ca                __vector_8
                0x000000ca                __vector_14
                0x000000ca                __vector_10
                0x000000ca                __vector_16
                0x000000ca                __vector_18
                0x000000ca                __vector_20
 .text          0x000000ce      0x34a can.o
                0x00000138                CAN_test
                0x0000027c                CAN_receive
                0x00000172                CAN_send
                0x00000312                sig_interrupt4
                0x000000ce                CAN_init
                0x000002d4                CAN_init_interrupt
 .text          0x00000418      0x2ce mcp2515.o
                0x000004b8                CAN_read_rx
                0x000006a6                CAN_bit_modify
                0x00000418                CAN_reset
                0x0000060a                CAN_rts
                0x00000652                CAN_read_status
                0x0000067c                CAN_rx_status
                0x00000436                CAN_read
                0x0000054e                CAN_write
                0x00000588                CAN_load_tx
 .text          0x000006e6       0xaa spi.o
                0x00000752                SPI_SelectSlave
                0x0000072e                SPI_MasterReceive
                0x000006e6                SPI_MasterInit
                0x00000708                SPI_MasterTransmit
                0x00000774                SPI_NoSlave
 .text          0x00000790      0x16a node2.o
                0x000007ba                __vector_5
                0x0000089a                __vector_33
                0x00000790                main
                0x0000081a                __vector_21
                0x0000083a                __vector_26
 .text          0x000008fa      0x1a6 servo.o
                0x000008fa                servo_init
                0x00000930                set_position
 .text          0x00000aa0      0x15c ir.o
                0x00000abe                get_ir
                0x00000b12                adc_interrupt
                0x00000afc                reset_score
                0x00000aa0                ir_init
                0x00000ae6                get_score
 .text          0x00000bfc      0x150 solenoid.o
                0x00000bfc                solenoid_init
                0x00000c26                trig_solenoid
 .text          0x00000d4c      0x42c motor.o
                0x00000fac                motor_regulator
                0x00000ea8                motor_get_position
                0x00000d4c                motor_init
                0x00000e08                motor_reset
                0x00000f88                motor_set_reference
                0x00000e16                motor_set_input
 .text          0x00001178      0x2e6 TWI_Master.o
                0x00001286                TWI_Get_Data_From_Transceiver
                0x0000125e                TWI_Start_Transceiver
                0x000011ce                TWI_Start_Transceiver_With_Data
                0x000012f0                TWI_interrupt
                0x000011b4                TWI_Get_State_Info
                0x0000119e                TWI_Transceiver_Busy
                0x00001178                TWI_Master_Initialise
 .text          0x0000145e        0x0 c:/program files/winavr/bin/../lib/gcc/avr/4.3.2/avr51\libgcc.a(_exit.o)
 .text          0x0000145e        0x0 c:/program files/winavr/bin/../lib/gcc/avr/4.3.2/avr51\libgcc.a(_clear_bss.o)
 .text          0x0000145e       0x58 c:/program files/winavr/bin/../lib/gcc/avr/4.3.2/avr51\libgcc.a(_fixunssfsi.o)
                0x0000145e                __fixunssfsi
 .text          0x000014b6      0x354 c:/program files/winavr/bin/../lib/gcc/avr/4.3.2/avr51\libgcc.a(_addsub_sf.o)
                0x0000174e                __subsf3
                0x000017b0                __addsf3
 .text          0x0000180a      0x1f4 c:/program files/winavr/bin/../lib/gcc/avr/4.3.2/avr51\libgcc.a(_mul_sf.o)
                0x0000180a                __mulsf3
 .text          0x000019fe      0x158 c:/program files/winavr/bin/../lib/gcc/avr/4.3.2/avr51\libgcc.a(_div_sf.o)
                0x000019fe                __divsf3
 .text          0x00001b56       0x60 c:/program files/winavr/bin/../lib/gcc/avr/4.3.2/avr51\libgcc.a(_gt_sf.o)
                0x00001b56                __gtsf2
 .text          0x00001bb6       0x60 c:/program files/winavr/bin/../lib/gcc/avr/4.3.2/avr51\libgcc.a(_ge_sf.o)
                0x00001bb6                __gesf2
 .text          0x00001c16       0x60 c:/program files/winavr/bin/../lib/gcc/avr/4.3.2/avr51\libgcc.a(_lt_sf.o)
                0x00001c16                __ltsf2
 .text          0x00001c76       0xbc c:/program files/winavr/bin/../lib/gcc/avr/4.3.2/avr51\libgcc.a(_si_to_sf.o)
                0x00001c76                __floatsisf
 .text          0x00001d32       0xa8 c:/program files/winavr/bin/../lib/gcc/avr/4.3.2/avr51\libgcc.a(_sf_to_si.o)
                0x00001d32                __fixsfsi
 .text          0x00001dda        0x0 c:/program files/winavr/bin/../lib/gcc/avr/4.3.2/avr51\libgcc.a(_thenan_sf.o)
 .text          0x00001dda        0x0 c:/program files/winavr/bin/../lib/gcc/avr/4.3.2/avr51\libgcc.a(_prologue.o)
 .text          0x00001dda        0x0 c:/program files/winavr/bin/../lib/gcc/avr/4.3.2/avr51\libgcc.a(_epilogue.o)
 .text          0x00001dda       0x9e c:/program files/winavr/bin/../lib/gcc/avr/4.3.2/avr51\libgcc.a(_clzsi2.o)
                0x00001dda                __clzsi2
 .text          0x00001e78      0x1aa c:/program files/winavr/bin/../lib/gcc/avr/4.3.2/avr51\libgcc.a(_pack_sf.o)
                0x00001e78                __pack_f
 .text          0x00002022       0xf0 c:/program files/winavr/bin/../lib/gcc/avr/4.3.2/avr51\libgcc.a(_unpack_sf.o)
                0x00002022                __unpack_f
 .text          0x00002112       0xb2 c:/program files/winavr/bin/../lib/gcc/avr/4.3.2/avr51\libgcc.a(_fpcmp_parts_sf.o)
                0x00002112                __fpcmp_parts_f
 .text          0x000021c4        0x0 c:/program files/winavr/bin/../lib/gcc/avr/4.3.2/avr51\libgcc.a(_clz.o)
 .text          0x000021c4        0xe c:/program files/winavr/bin/../lib/gcc/avr/4.3.2/../../../../avr/lib/avr51\libc.a(putchar.o)
                0x000021c4                putchar
 .text          0x000021d2       0x48 c:/program files/winavr/bin/../lib/gcc/avr/4.3.2/../../../../avr/lib/avr51\libc.a(sprintf.o)
                0x000021d2                sprintf
 .text          0x0000221a      0x3ba c:/program files/winavr/bin/../lib/gcc/avr/4.3.2/../../../../avr/lib/avr51\libc.a(vfprintf_std.o)
                0x0000221a                vfprintf
 .text          0x000025d4       0x16 c:/program files/winavr/bin/../lib/gcc/avr/4.3.2/../../../../avr/lib/avr51\libc.a(strnlen_P.o)
                0x000025d4                strnlen_P
 .text          0x000025ea       0x16 c:/program files/winavr/bin/../lib/gcc/avr/4.3.2/../../../../avr/lib/avr51\libc.a(strnlen.o)
                0x000025ea                strnlen
 .text          0x00002600       0x58 c:/program files/winavr/bin/../lib/gcc/avr/4.3.2/../../../../avr/lib/avr51\libc.a(fputc.o)
                0x00002600                fputc
 .text          0x00002658        0x0 c:/program files/winavr/bin/../lib/gcc/avr/4.3.2/../../../../avr/lib/avr51\libc.a(iob.o)
 .text          0x00002658       0xbc c:/program files/winavr/bin/../lib/gcc/avr/4.3.2/../../../../avr/lib/avr51\libc.a(ultoa_invert.o)
                0x00002658                __ultoa_invert
                0x00002714                . = ALIGN (0x2)
 *(.text.*)
 .text.libgcc   0x00002714        0x0 c:/program files/winavr/bin/../lib/gcc/avr/4.3.2/avr51\libgcc.a(_exit.o)
 .text.libgcc   0x00002714        0x0 c:/program files/winavr/bin/../lib/gcc/avr/4.3.2/avr51\libgcc.a(_clear_bss.o)
 .text.libgcc   0x00002714       0x38 c:/program files/winavr/bin/../lib/gcc/avr/4.3.2/avr51\libgcc.a(_prologue.o)
                0x00002714                __prologue_saves__
 .text.libgcc   0x0000274c       0x36 c:/program files/winavr/bin/../lib/gcc/avr/4.3.2/avr51\libgcc.a(_epilogue.o)
                0x0000274c                __epilogue_restores__
                0x00002782                . = ALIGN (0x2)
 *(.fini9)
 .fini9         0x00002782        0x0 c:/program files/winavr/bin/../lib/gcc/avr/4.3.2/avr51\libgcc.a(_exit.o)
                0x00002782                exit
                0x00002782                _exit
 *(.fini9)
 *(.fini8)
 *(.fini8)
 *(.fini7)
 *(.fini7)
 *(.fini6)
 *(.fini6)
 *(.fini5)
 *(.fini5)
 *(.fini4)
 *(.fini4)
 *(.fini3)
 *(.fini3)
 *(.fini2)
 *(.fini2)
 *(.fini1)
 *(.fini1)
 *(.fini0)
 .fini0         0x00002782        0x4 c:/program files/winavr/bin/../lib/gcc/avr/4.3.2/avr51\libgcc.a(_exit.o)
 *(.fini0)
                0x00002786                _etext = .

.data           0x00800100      0x122 load address 0x00002786
                0x00800100                PROVIDE (__data_start, .)
 *(.data)
 .data          0x00800100        0x0 c:/program files/winavr/bin/../lib/gcc/avr/4.3.2/../../../../avr/lib/avr51/crtm128.o
 .data          0x00800100       0x16 can.o
 .data          0x00800116        0x0 mcp2515.o
 .data          0x00800116        0x0 spi.o
 .data          0x00800116        0x0 node2.o
 .data          0x00800116        0x0 servo.o
 .data          0x00800116        0x2 ir.o
 .data          0x00800118        0x0 solenoid.o
 .data          0x00800118        0x0 motor.o
 .data          0x00800118        0x1 TWI_Master.o
 .data          0x00800119        0x0 c:/program files/winavr/bin/../lib/gcc/avr/4.3.2/avr51\libgcc.a(_exit.o)
 .data          0x00800119        0x0 c:/program files/winavr/bin/../lib/gcc/avr/4.3.2/avr51\libgcc.a(_clear_bss.o)
 .data          0x00800119        0x0 c:/program files/winavr/bin/../lib/gcc/avr/4.3.2/avr51\libgcc.a(_fixunssfsi.o)
 .data          0x00800119        0x0 c:/program files/winavr/bin/../lib/gcc/avr/4.3.2/avr51\libgcc.a(_addsub_sf.o)
 .data          0x00800119        0x0 c:/program files/winavr/bin/../lib/gcc/avr/4.3.2/avr51\libgcc.a(_mul_sf.o)
 .data          0x00800119        0x0 c:/program files/winavr/bin/../lib/gcc/avr/4.3.2/avr51\libgcc.a(_div_sf.o)
 .data          0x00800119        0x0 c:/program files/winavr/bin/../lib/gcc/avr/4.3.2/avr51\libgcc.a(_gt_sf.o)
 .data          0x00800119        0x0 c:/program files/winavr/bin/../lib/gcc/avr/4.3.2/avr51\libgcc.a(_ge_sf.o)
 .data          0x00800119        0x0 c:/program files/winavr/bin/../lib/gcc/avr/4.3.2/avr51\libgcc.a(_lt_sf.o)
 .data          0x00800119        0x0 c:/program files/winavr/bin/../lib/gcc/avr/4.3.2/avr51\libgcc.a(_si_to_sf.o)
 .data          0x00800119        0x0 c:/program files/winavr/bin/../lib/gcc/avr/4.3.2/avr51\libgcc.a(_sf_to_si.o)
 .data          0x00800119        0x8 c:/program files/winavr/bin/../lib/gcc/avr/4.3.2/avr51\libgcc.a(_thenan_sf.o)
                0x00800119                __thenan_sf
 .data          0x00800121        0x0 c:/program files/winavr/bin/../lib/gcc/avr/4.3.2/avr51\libgcc.a(_prologue.o)
 .data          0x00800121        0x0 c:/program files/winavr/bin/../lib/gcc/avr/4.3.2/avr51\libgcc.a(_epilogue.o)
 .data          0x00800121        0x0 c:/program files/winavr/bin/../lib/gcc/avr/4.3.2/avr51\libgcc.a(_clzsi2.o)
 .data          0x00800121        0x0 c:/program files/winavr/bin/../lib/gcc/avr/4.3.2/avr51\libgcc.a(_pack_sf.o)
 .data          0x00800121        0x0 c:/program files/winavr/bin/../lib/gcc/avr/4.3.2/avr51\libgcc.a(_unpack_sf.o)
 .data          0x00800121        0x0 c:/program files/winavr/bin/../lib/gcc/avr/4.3.2/avr51\libgcc.a(_fpcmp_parts_sf.o)
 .data          0x00800121      0x100 c:/program files/winavr/bin/../lib/gcc/avr/4.3.2/avr51\libgcc.a(_clz.o)
                0x00800121                __clz_tab
 .data          0x00800221        0x0 c:/program files/winavr/bin/../lib/gcc/avr/4.3.2/../../../../avr/lib/avr51\libc.a(putchar.o)
 .data          0x00800221        0x0 c:/program files/winavr/bin/../lib/gcc/avr/4.3.2/../../../../avr/lib/avr51\libc.a(sprintf.o)
 .data          0x00800221        0x0 c:/program files/winavr/bin/../lib/gcc/avr/4.3.2/../../../../avr/lib/avr51\libc.a(vfprintf_std.o)
 .data          0x00800221        0x0 c:/program files/winavr/bin/../lib/gcc/avr/4.3.2/../../../../avr/lib/avr51\libc.a(strnlen_P.o)
 .data          0x00800221        0x0 c:/program files/winavr/bin/../lib/gcc/avr/4.3.2/../../../../avr/lib/avr51\libc.a(strnlen.o)
 .data          0x00800221        0x0 c:/program files/winavr/bin/../lib/gcc/avr/4.3.2/../../../../avr/lib/avr51\libc.a(fputc.o)
 .data          0x00800221        0x0 c:/program files/winavr/bin/../lib/gcc/avr/4.3.2/../../../../avr/lib/avr51\libc.a(iob.o)
 .data          0x00800221        0x0 c:/program files/winavr/bin/../lib/gcc/avr/4.3.2/../../../../avr/lib/avr51\libc.a(ultoa_invert.o)
 *(.data*)
 *(.rodata)
 *(.rodata*)
 *(.gnu.linkonce.d*)
                0x00800222                . = ALIGN (0x2)
 *fill*         0x00800221        0x1 00
                0x00800222                _edata = .
                0x00800222                PROVIDE (__data_end, .)

.bss            0x00800222       0x2b
                0x00800222                PROVIDE (__bss_start, .)
 *(.bss)
 .bss           0x00800222        0x0 c:/program files/winavr/bin/../lib/gcc/avr/4.3.2/../../../../avr/lib/avr51/crtm128.o
 .bss           0x00800222        0x0 can.o
 .bss           0x00800222        0x0 mcp2515.o
 .bss           0x00800222        0x0 spi.o
 .bss           0x00800222        0x0 node2.o
 .bss           0x00800222        0x4 servo.o
 .bss           0x00800226        0xa ir.o
                0x00800226                ir_blocked
                0x00800228                score
                0x0080022a                scoring_enabled
 .bss           0x00800230        0x0 solenoid.o
 .bss           0x00800230       0x10 motor.o
                0x00800230                position_ref
 .bss           0x00800240        0x7 TWI_Master.o
                0x00800240                TWI_statusReg
 .bss           0x00800247        0x0 c:/program files/winavr/bin/../lib/gcc/avr/4.3.2/avr51\libgcc.a(_exit.o)
 .bss           0x00800247        0x0 c:/program files/winavr/bin/../lib/gcc/avr/4.3.2/avr51\libgcc.a(_clear_bss.o)
 .bss           0x00800247        0x0 c:/program files/winavr/bin/../lib/gcc/avr/4.3.2/avr51\libgcc.a(_fixunssfsi.o)
 .bss           0x00800247        0x0 c:/program files/winavr/bin/../lib/gcc/avr/4.3.2/avr51\libgcc.a(_addsub_sf.o)
 .bss           0x00800247        0x0 c:/program files/winavr/bin/../lib/gcc/avr/4.3.2/avr51\libgcc.a(_mul_sf.o)
 .bss           0x00800247        0x0 c:/program files/winavr/bin/../lib/gcc/avr/4.3.2/avr51\libgcc.a(_div_sf.o)
 .bss           0x00800247        0x0 c:/program files/winavr/bin/../lib/gcc/avr/4.3.2/avr51\libgcc.a(_gt_sf.o)
 .bss           0x00800247        0x0 c:/program files/winavr/bin/../lib/gcc/avr/4.3.2/avr51\libgcc.a(_ge_sf.o)
 .bss           0x00800247        0x0 c:/program files/winavr/bin/../lib/gcc/avr/4.3.2/avr51\libgcc.a(_lt_sf.o)
 .bss           0x00800247        0x0 c:/program files/winavr/bin/../lib/gcc/avr/4.3.2/avr51\libgcc.a(_si_to_sf.o)
 .bss           0x00800247        0x0 c:/program files/winavr/bin/../lib/gcc/avr/4.3.2/avr51\libgcc.a(_sf_to_si.o)
 .bss           0x00800247        0x0 c:/program files/winavr/bin/../lib/gcc/avr/4.3.2/avr51\libgcc.a(_thenan_sf.o)
 .bss           0x00800247        0x0 c:/program files/winavr/bin/../lib/gcc/avr/4.3.2/avr51\libgcc.a(_prologue.o)
 .bss           0x00800247        0x0 c:/program files/winavr/bin/../lib/gcc/avr/4.3.2/avr51\libgcc.a(_epilogue.o)
 .bss           0x00800247        0x0 c:/program files/winavr/bin/../lib/gcc/avr/4.3.2/avr51\libgcc.a(_clzsi2.o)
 .bss           0x00800247        0x0 c:/program files/winavr/bin/../lib/gcc/avr/4.3.2/avr51\libgcc.a(_pack_sf.o)
 .bss           0x00800247        0x0 c:/program files/winavr/bin/../lib/gcc/avr/4.3.2/avr51\libgcc.a(_unpack_sf.o)
 .bss           0x00800247        0x0 c:/program files/winavr/bin/../lib/gcc/avr/4.3.2/avr51\libgcc.a(_fpcmp_parts_sf.o)
 .bss           0x00800247        0x0 c:/program files/winavr/bin/../lib/gcc/avr/4.3.2/avr51\libgcc.a(_clz.o)
 .bss           0x00800247        0x0 c:/program files/winavr/bin/../lib/gcc/avr/4.3.2/../../../../avr/lib/avr51\libc.a(putchar.o)
 .bss           0x00800247        0x0 c:/program files/winavr/bin/../lib/gcc/avr/4.3.2/../../../../avr/lib/avr51\libc.a(sprintf.o)
 .bss           0x00800247        0x0 c:/program files/winavr/bin/../lib/gcc/avr/4.3.2/../../../../avr/lib/avr51\libc.a(vfprintf_std.o)
 .bss           0x00800247        0x0 c:/program files/winavr/bin/../lib/gcc/avr/4.3.2/../../../../avr/lib/avr51\libc.a(strnlen_P.o)
 .bss           0x00800247        0x0 c:/program files/winavr/bin/../lib/gcc/avr/4.3.2/../../../../avr/lib/avr51\libc.a(strnlen.o)
 .bss           0x00800247        0x0 c:/program files/winavr/bin/../lib/gcc/avr/4.3.2/../../../../avr/lib/avr51\libc.a(fputc.o)
 .bss           0x00800247        0x0 c:/program files/winavr/bin/../lib/gcc/avr/4.3.2/../../../../avr/lib/avr51\libc.a(iob.o)
 .bss           0x00800247        0x0 c:/program files/winavr/bin/../lib/gcc/avr/4.3.2/../../../../avr/lib/avr51\libc.a(ultoa_invert.o)
 *(.bss*)
 *(COMMON)
 COMMON         0x00800247        0x6 c:/program files/winavr/bin/../lib/gcc/avr/4.3.2/../../../../avr/lib/avr51\libc.a(iob.o)
                0x00800247                __iob
                0x0080024d                PROVIDE (__bss_end, .)
                0x00002786                __data_load_start = LOADADDR (.data)
                0x000028a8                __data_load_end = (__data_load_start + SIZEOF (.data))

.noinit         0x0080024d        0x0
                0x0080024d                PROVIDE (__noinit_start, .)
 *(.noinit*)
                0x0080024d                PROVIDE (__noinit_end, .)
                0x0080024d                _end = .
                0x0080024d                PROVIDE (__heap_start, .)

.eeprom         0x00810000        0x0
 *(.eeprom*)
                0x00810000                __eeprom_end = .

.fuse
 *(.fuse)
 *(.lfuse)
 *(.hfuse)
 *(.efuse)

.lock
 *(.lock*)

.signature
 *(.signature*)

.stab
 *(.stab)

.stabstr
 *(.stabstr)

.stab.excl
 *(.stab.excl)

.stab.exclstr
 *(.stab.exclstr)

.stab.index
 *(.stab.index)

.stab.indexstr
 *(.stab.indexstr)

.comment
 *(.comment)

.debug
 *(.debug)

.line
 *(.line)

.debug_srcinfo
 *(.debug_srcinfo)

.debug_sfnames
 *(.debug_sfnames)

.debug_aranges  0x00000000      0x120
 *(.debug_aranges)
 .debug_aranges
                0x00000000       0x20 can.o
 .debug_aranges
                0x00000020       0x20 mcp2515.o
 .debug_aranges
                0x00000040       0x20 spi.o
 .debug_aranges
                0x00000060       0x20 node2.o
 .debug_aranges
                0x00000080       0x20 servo.o
 .debug_aranges
                0x000000a0       0x20 ir.o
 .debug_aranges
                0x000000c0       0x20 solenoid.o
 .debug_aranges
                0x000000e0       0x20 motor.o
 .debug_aranges
                0x00000100       0x20 TWI_Master.o

.debug_pubnames
                0x00000000      0x44a
 *(.debug_pubnames)
 .debug_pubnames
                0x00000000       0x73 can.o
 .debug_pubnames
                0x00000073       0xa0 mcp2515.o
 .debug_pubnames
                0x00000113       0x76 spi.o
 .debug_pubnames
                0x00000189       0x5a node2.o
 .debug_pubnames
                0x000001e3       0x32 servo.o
 .debug_pubnames
                0x00000215       0x86 ir.o
 .debug_pubnames
                0x0000029b       0x36 solenoid.o
 .debug_pubnames
                0x000002d1       0x99 motor.o
 .debug_pubnames
                0x0000036a       0xe0 TWI_Master.o

.debug_info     0x00000000      0xd97
 *(.debug_info)
 .debug_info    0x00000000      0x244 can.o
 .debug_info    0x00000244      0x298 mcp2515.o
 .debug_info    0x000004dc       0xf3 spi.o
 .debug_info    0x000005cf       0xcd node2.o
 .debug_info    0x0000069c       0xd1 servo.o
 .debug_info    0x0000076d      0x141 ir.o
 .debug_info    0x000008ae      0x129 solenoid.o
 .debug_info    0x000009d7      0x1b2 motor.o
 .debug_info    0x00000b89      0x20e TWI_Master.o
 *(.gnu.linkonce.wi.*)

.debug_abbrev   0x00000000      0x6e7
 *(.debug_abbrev)
 .debug_abbrev  0x00000000      0x10e can.o
 .debug_abbrev  0x0000010e      0x101 mcp2515.o
 .debug_abbrev  0x0000020f       0x7c spi.o
 .debug_abbrev  0x0000028b       0x56 node2.o
 .debug_abbrev  0x000002e1       0x81 servo.o
 .debug_abbrev  0x00000362       0xa9 ir.o
 .debug_abbrev  0x0000040b       0xbc solenoid.o
 .debug_abbrev  0x000004c7       0xe4 motor.o
 .debug_abbrev  0x000005ab      0x13c TWI_Master.o

.debug_line     0x00000000     0x1016
 *(.debug_line)
 .debug_line    0x00000000      0x290 can.o
 .debug_line    0x00000290      0x2e4 mcp2515.o
 .debug_line    0x00000574       0xed spi.o
 .debug_line    0x00000661       0xf7 node2.o
 .debug_line    0x00000758      0x10d servo.o
 .debug_line    0x00000865      0x162 ir.o
 .debug_line    0x000009c7      0x18e solenoid.o
 .debug_line    0x00000b55      0x295 motor.o
 .debug_line    0x00000dea      0x22c TWI_Master.o

.debug_frame    0x00000000      0x380
 *(.debug_frame)
 .debug_frame   0x00000000       0x70 can.o
 .debug_frame   0x00000070       0xa0 mcp2515.o
 .debug_frame   0x00000110       0x60 spi.o
 .debug_frame   0x00000170       0x60 node2.o
 .debug_frame   0x000001d0       0x30 servo.o
 .debug_frame   0x00000200       0x60 ir.o
 .debug_frame   0x00000260       0x30 solenoid.o
 .debug_frame   0x00000290       0x70 motor.o
 .debug_frame   0x00000300       0x80 TWI_Master.o

.debug_str      0x00000000      0x4d1
 *(.debug_str)
 .debug_str     0x00000000      0x10b can.o
                                0x14c (size before relaxing)
 .debug_str     0x0000010b       0x8f mcp2515.o
                                0x16f (size before relaxing)
 .debug_str     0x0000019a       0x65 spi.o
                                0x11e (size before relaxing)
 .debug_str     0x000001ff       0x3f node2.o
                                 0xf8 (size before relaxing)
 .debug_str     0x0000023e       0x34 servo.o
                                 0xfd (size before relaxing)
 .debug_str     0x00000272       0x5b ir.o
                                0x123 (size before relaxing)
 .debug_str     0x000002cd       0x6d solenoid.o
                                0x121 (size before relaxing)
 .debug_str     0x0000033a       0x99 motor.o
                                0x165 (size before relaxing)
 .debug_str     0x000003d3       0xfe TWI_Master.o
                                0x1bf (size before relaxing)

.debug_loc
 *(.debug_loc)

.debug_macinfo
 *(.debug_macinfo)
OUTPUT(Node2.elf elf32-avr)
LOAD linker stubs
