Archive member included because of file (symbol)

c:/program files/winavr/bin/../lib/gcc/avr/4.3.2/avr51\libgcc.a(_mulsi3.o)
                              servo.o (__mulsi3)
c:/program files/winavr/bin/../lib/gcc/avr/4.3.2/avr51\libgcc.a(_divmodsi4.o)
                              servo.o (__divmodsi4)
c:/program files/winavr/bin/../lib/gcc/avr/4.3.2/avr51\libgcc.a(_exit.o)
                              c:/program files/winavr/bin/../lib/gcc/avr/4.3.2/../../../../avr/lib/avr51/crtm128.o (exit)
c:/program files/winavr/bin/../lib/gcc/avr/4.3.2/avr51\libgcc.a(_udivmodsi4.o)
                              c:/program files/winavr/bin/../lib/gcc/avr/4.3.2/avr51\libgcc.a(_divmodsi4.o) (__udivmodsi4)
c:/program files/winavr/bin/../lib/gcc/avr/4.3.2/../../../../avr/lib/avr51\libc.a(putchar.o)
                              mcp2515.o (putchar)
c:/program files/winavr/bin/../lib/gcc/avr/4.3.2/../../../../avr/lib/avr51\libc.a(fputc.o)
                              c:/program files/winavr/bin/../lib/gcc/avr/4.3.2/../../../../avr/lib/avr51\libc.a(putchar.o) (fputc)
c:/program files/winavr/bin/../lib/gcc/avr/4.3.2/../../../../avr/lib/avr51\libc.a(iob.o)
                              c:/program files/winavr/bin/../lib/gcc/avr/4.3.2/../../../../avr/lib/avr51\libc.a(putchar.o) (__iob)
c:/program files/winavr/bin/../lib/gcc/avr/4.3.2/avr51\libgcc.a(_clear_bss.o)
                              c:/program files/winavr/bin/../lib/gcc/avr/4.3.2/../../../../avr/lib/avr51\libc.a(iob.o) (__do_clear_bss)

Allocating common symbols
Common symbol       size              file

__iob               0x6               c:/program files/winavr/bin/../lib/gcc/avr/4.3.2/../../../../avr/lib/avr51\libc.a(iob.o)

Memory Configuration

Name             Origin             Length             Attributes
text             0x00000000         0x00020000         xr
data             0x00800060         0x0000ffa0         rw !x
eeprom           0x00810000         0x00010000         rw !x
fuse             0x00820000         0x00000400         rw !x
lock             0x00830000         0x00000400         rw !x
signature        0x00840000         0x00000400         rw !x
*default*        0x00000000         0xffffffff

Linker script and memory map

Address of section .data set to 0x800100
LOAD c:/program files/winavr/bin/../lib/gcc/avr/4.3.2/../../../../avr/lib/avr51/crtm128.o
LOAD can.o
LOAD mcp2515.o
LOAD spi.o
LOAD node2.o
LOAD servo.o
LOAD c:/program files/winavr/bin/../lib/gcc/avr/4.3.2/avr51\libgcc.a
LOAD c:/program files/winavr/bin/../lib/gcc/avr/4.3.2/../../../../avr/lib/avr51\libc.a
LOAD c:/program files/winavr/bin/../lib/gcc/avr/4.3.2/avr51\libgcc.a

.hash
 *(.hash)

.dynsym
 *(.dynsym)

.dynstr
 *(.dynstr)

.gnu.version
 *(.gnu.version)

.gnu.version_d
 *(.gnu.version_d)

.gnu.version_r
 *(.gnu.version_r)

.rel.init
 *(.rel.init)

.rela.init
 *(.rela.init)

.rel.text
 *(.rel.text)
 *(.rel.text.*)
 *(.rel.gnu.linkonce.t*)

.rela.text
 *(.rela.text)
 *(.rela.text.*)
 *(.rela.gnu.linkonce.t*)

.rel.fini
 *(.rel.fini)

.rela.fini
 *(.rela.fini)

.rel.rodata
 *(.rel.rodata)
 *(.rel.rodata.*)
 *(.rel.gnu.linkonce.r*)

.rela.rodata
 *(.rela.rodata)
 *(.rela.rodata.*)
 *(.rela.gnu.linkonce.r*)

.rel.data
 *(.rel.data)
 *(.rel.data.*)
 *(.rel.gnu.linkonce.d*)

.rela.data
 *(.rela.data)
 *(.rela.data.*)
 *(.rela.gnu.linkonce.d*)

.rel.ctors
 *(.rel.ctors)

.rela.ctors
 *(.rela.ctors)

.rel.dtors
 *(.rel.dtors)

.rela.dtors
 *(.rela.dtors)

.rel.got
 *(.rel.got)

.rela.got
 *(.rela.got)

.rel.bss
 *(.rel.bss)

.rela.bss
 *(.rela.bss)

.rel.plt
 *(.rel.plt)

.rela.plt
 *(.rela.plt)

.text           0x00000000      0x98e
 *(.vectors)
 .vectors       0x00000000       0x8c c:/program files/winavr/bin/../lib/gcc/avr/4.3.2/../../../../avr/lib/avr51/crtm128.o
                0x00000000                __vectors
                0x00000000                __vector_default
 *(.vectors)
 *(.progmem.gcc*)
 *(.progmem*)
                0x0000008c                . = ALIGN (0x2)
                0x0000008c                __trampolines_start = .
 *(.trampolines)
 .trampolines   0x0000008c        0x0 linker stubs
 *(.trampolines*)
                0x0000008c                __trampolines_end = .
 *(.jumptables)
 *(.jumptables*)
 *(.lowtext)
 *(.lowtext*)
                0x0000008c                __ctors_start = .
 *(.ctors)
                0x0000008c                __ctors_end = .
                0x0000008c                __dtors_start = .
 *(.dtors)
                0x0000008c                __dtors_end = .
 SORT(*)(.ctors)
 SORT(*)(.dtors)
 *(.init0)
 .init0         0x0000008c        0x0 c:/program files/winavr/bin/../lib/gcc/avr/4.3.2/../../../../avr/lib/avr51/crtm128.o
                0x0000008c                __init
 *(.init0)
 *(.init1)
 *(.init1)
 *(.init2)
 .init2         0x0000008c        0xc c:/program files/winavr/bin/../lib/gcc/avr/4.3.2/../../../../avr/lib/avr51/crtm128.o
 *(.init2)
 *(.init3)
 *(.init3)
 *(.init4)
 .init4         0x00000098       0x1a c:/program files/winavr/bin/../lib/gcc/avr/4.3.2/../../../../avr/lib/avr51/crtm128.o
                0x00000098                __do_copy_data
 .init4         0x000000b2       0x10 c:/program files/winavr/bin/../lib/gcc/avr/4.3.2/avr51\libgcc.a(_clear_bss.o)
                0x000000b2                __do_clear_bss
 *(.init4)
 *(.init5)
 *(.init5)
 *(.init6)
 *(.init6)
 *(.init7)
 *(.init7)
 *(.init8)
 *(.init8)
 *(.init9)
 .init9         0x000000c2        0x8 c:/program files/winavr/bin/../lib/gcc/avr/4.3.2/../../../../avr/lib/avr51/crtm128.o
 *(.init9)
 *(.text)
 .text          0x000000ca        0x4 c:/program files/winavr/bin/../lib/gcc/avr/4.3.2/../../../../avr/lib/avr51/crtm128.o
                0x000000ca                __vector_22
                0x000000ca                __vector_28
                0x000000ca                __vector_1
                0x000000ca                __vector_32
                0x000000ca                __vector_34
                0x000000ca                __vector_24
                0x000000ca                __vector_12
                0x000000ca                __bad_interrupt
                0x000000ca                __vector_6
                0x000000ca                __vector_31
                0x000000ca                __vector_3
                0x000000ca                __vector_23
                0x000000ca                __vector_30
                0x000000ca                __vector_25
                0x000000ca                __vector_11
                0x000000ca                __vector_13
                0x000000ca                __vector_17
                0x000000ca                __vector_19
                0x000000ca                __vector_7
                0x000000ca                __vector_27
                0x000000ca                __vector_33
                0x000000ca                __vector_4
                0x000000ca                __vector_9
                0x000000ca                __vector_2
                0x000000ca                __vector_21
                0x000000ca                __vector_15
                0x000000ca                __vector_29
                0x000000ca                __vector_8
                0x000000ca                __vector_26
                0x000000ca                __vector_14
                0x000000ca                __vector_10
                0x000000ca                __vector_16
                0x000000ca                __vector_18
                0x000000ca                __vector_20
 .text          0x000000ce      0x246 can.o
                0x00000138                CAN_test
                0x0000027c                CAN_receive
                0x00000172                CAN_send
                0x000000ce                CAN_init
                0x000002d4                CAN_init_interrupt
 .text          0x00000314      0x2ce mcp2515.o
                0x000003b4                CAN_read_rx
                0x000005a2                CAN_bit_modify
                0x00000314                CAN_reset
                0x00000506                CAN_rts
                0x0000054e                CAN_read_status
                0x00000578                CAN_rx_status
                0x00000332                CAN_read
                0x0000044a                CAN_write
                0x00000484                CAN_load_tx
 .text          0x000005e2       0xaa spi.o
                0x0000064e                SPI_SelectSlave
                0x0000062a                SPI_MasterReceive
                0x000005e2                SPI_MasterInit
                0x00000604                SPI_MasterTransmit
                0x00000670                SPI_NoSlave
 .text          0x0000068c       0x7a node2.o
                0x000006a6                __vector_5
                0x0000068c                main
 .text          0x00000706      0x166 servo.o
                0x00000706                servo_init
                0x0000080e                sig_interrupt4
                0x0000073c                set_position
 .text          0x0000086c        0x0 c:/program files/winavr/bin/../lib/gcc/avr/4.3.2/avr51\libgcc.a(_mulsi3.o)
 .text          0x0000086c        0x0 c:/program files/winavr/bin/../lib/gcc/avr/4.3.2/avr51\libgcc.a(_divmodsi4.o)
 .text          0x0000086c        0x0 c:/program files/winavr/bin/../lib/gcc/avr/4.3.2/avr51\libgcc.a(_exit.o)
 .text          0x0000086c        0x0 c:/program files/winavr/bin/../lib/gcc/avr/4.3.2/avr51\libgcc.a(_udivmodsi4.o)
 .text          0x0000086c        0xe c:/program files/winavr/bin/../lib/gcc/avr/4.3.2/../../../../avr/lib/avr51\libc.a(putchar.o)
                0x0000086c                putchar
 .text          0x0000087a       0x58 c:/program files/winavr/bin/../lib/gcc/avr/4.3.2/../../../../avr/lib/avr51\libc.a(fputc.o)
                0x0000087a                fputc
 .text          0x000008d2        0x0 c:/program files/winavr/bin/../lib/gcc/avr/4.3.2/../../../../avr/lib/avr51\libc.a(iob.o)
 .text          0x000008d2        0x0 c:/program files/winavr/bin/../lib/gcc/avr/4.3.2/avr51\libgcc.a(_clear_bss.o)
                0x000008d2                . = ALIGN (0x2)
 *(.text.*)
 .text.libgcc   0x000008d2       0x3e c:/program files/winavr/bin/../lib/gcc/avr/4.3.2/avr51\libgcc.a(_mulsi3.o)
                0x000008d2                __mulsi3
 .text.libgcc   0x00000910       0x36 c:/program files/winavr/bin/../lib/gcc/avr/4.3.2/avr51\libgcc.a(_divmodsi4.o)
                0x00000910                __divmodsi4
 .text.libgcc   0x00000946        0x0 c:/program files/winavr/bin/../lib/gcc/avr/4.3.2/avr51\libgcc.a(_exit.o)
 .text.libgcc   0x00000946       0x44 c:/program files/winavr/bin/../lib/gcc/avr/4.3.2/avr51\libgcc.a(_udivmodsi4.o)
                0x00000946                __udivmodsi4
 .text.libgcc   0x0000098a        0x0 c:/program files/winavr/bin/../lib/gcc/avr/4.3.2/avr51\libgcc.a(_clear_bss.o)
                0x0000098a                . = ALIGN (0x2)
 *(.fini9)
 .fini9         0x0000098a        0x0 c:/program files/winavr/bin/../lib/gcc/avr/4.3.2/avr51\libgcc.a(_exit.o)
                0x0000098a                exit
                0x0000098a                _exit
 *(.fini9)
 *(.fini8)
 *(.fini8)
 *(.fini7)
 *(.fini7)
 *(.fini6)
 *(.fini6)
 *(.fini5)
 *(.fini5)
 *(.fini4)
 *(.fini4)
 *(.fini3)
 *(.fini3)
 *(.fini2)
 *(.fini2)
 *(.fini1)
 *(.fini1)
 *(.fini0)
 .fini0         0x0000098a        0x4 c:/program files/winavr/bin/../lib/gcc/avr/4.3.2/avr51\libgcc.a(_exit.o)
 *(.fini0)
                0x0000098e                _etext = .

.data           0x00800100       0x14 load address 0x0000098e
                0x00800100                PROVIDE (__data_start, .)
 *(.data)
 .data          0x00800100        0x0 c:/program files/winavr/bin/../lib/gcc/avr/4.3.2/../../../../avr/lib/avr51/crtm128.o
 .data          0x00800100        0xa can.o
 .data          0x0080010a        0x0 mcp2515.o
 .data          0x0080010a        0x0 spi.o
 .data          0x0080010a        0x0 node2.o
 .data          0x0080010a        0x9 servo.o
 .data          0x00800113        0x0 c:/program files/winavr/bin/../lib/gcc/avr/4.3.2/avr51\libgcc.a(_mulsi3.o)
 .data          0x00800113        0x0 c:/program files/winavr/bin/../lib/gcc/avr/4.3.2/avr51\libgcc.a(_divmodsi4.o)
 .data          0x00800113        0x0 c:/program files/winavr/bin/../lib/gcc/avr/4.3.2/avr51\libgcc.a(_exit.o)
 .data          0x00800113        0x0 c:/program files/winavr/bin/../lib/gcc/avr/4.3.2/avr51\libgcc.a(_udivmodsi4.o)
 .data          0x00800113        0x0 c:/program files/winavr/bin/../lib/gcc/avr/4.3.2/../../../../avr/lib/avr51\libc.a(putchar.o)
 .data          0x00800113        0x0 c:/program files/winavr/bin/../lib/gcc/avr/4.3.2/../../../../avr/lib/avr51\libc.a(fputc.o)
 .data          0x00800113        0x0 c:/program files/winavr/bin/../lib/gcc/avr/4.3.2/../../../../avr/lib/avr51\libc.a(iob.o)
 .data          0x00800113        0x0 c:/program files/winavr/bin/../lib/gcc/avr/4.3.2/avr51\libgcc.a(_clear_bss.o)
 *(.data*)
 *(.rodata)
 *(.rodata*)
 *(.gnu.linkonce.d*)
                0x00800114                . = ALIGN (0x2)
 *fill*         0x00800113        0x1 00
                0x00800114                _edata = .
                0x00800114                PROVIDE (__data_end, .)

.bss            0x00800114        0x6
                0x00800114                PROVIDE (__bss_start, .)
 *(.bss)
 .bss           0x00800114        0x0 c:/program files/winavr/bin/../lib/gcc/avr/4.3.2/../../../../avr/lib/avr51/crtm128.o
 .bss           0x00800114        0x0 can.o
 .bss           0x00800114        0x0 mcp2515.o
 .bss           0x00800114        0x0 spi.o
 .bss           0x00800114        0x0 node2.o
 .bss           0x00800114        0x0 servo.o
 .bss           0x00800114        0x0 c:/program files/winavr/bin/../lib/gcc/avr/4.3.2/avr51\libgcc.a(_mulsi3.o)
 .bss           0x00800114        0x0 c:/program files/winavr/bin/../lib/gcc/avr/4.3.2/avr51\libgcc.a(_divmodsi4.o)
 .bss           0x00800114        0x0 c:/program files/winavr/bin/../lib/gcc/avr/4.3.2/avr51\libgcc.a(_exit.o)
 .bss           0x00800114        0x0 c:/program files/winavr/bin/../lib/gcc/avr/4.3.2/avr51\libgcc.a(_udivmodsi4.o)
 .bss           0x00800114        0x0 c:/program files/winavr/bin/../lib/gcc/avr/4.3.2/../../../../avr/lib/avr51\libc.a(putchar.o)
 .bss           0x00800114        0x0 c:/program files/winavr/bin/../lib/gcc/avr/4.3.2/../../../../avr/lib/avr51\libc.a(fputc.o)
 .bss           0x00800114        0x0 c:/program files/winavr/bin/../lib/gcc/avr/4.3.2/../../../../avr/lib/avr51\libc.a(iob.o)
 .bss           0x00800114        0x0 c:/program files/winavr/bin/../lib/gcc/avr/4.3.2/avr51\libgcc.a(_clear_bss.o)
 *(.bss*)
 *(COMMON)
 COMMON         0x00800114        0x6 c:/program files/winavr/bin/../lib/gcc/avr/4.3.2/../../../../avr/lib/avr51\libc.a(iob.o)
                0x00800114                __iob
                0x0080011a                PROVIDE (__bss_end, .)
                0x0000098e                __data_load_start = LOADADDR (.data)
                0x000009a2                __data_load_end = (__data_load_start + SIZEOF (.data))

.noinit         0x0080011a        0x0
                0x0080011a                PROVIDE (__noinit_start, .)
 *(.noinit*)
                0x0080011a                PROVIDE (__noinit_end, .)
                0x0080011a                _end = .
                0x0080011a                PROVIDE (__heap_start, .)

.eeprom         0x00810000        0x0
 *(.eeprom*)
                0x00810000                __eeprom_end = .

.fuse
 *(.fuse)
 *(.lfuse)
 *(.hfuse)
 *(.efuse)

.lock
 *(.lock*)

.signature
 *(.signature*)

.stab
 *(.stab)

.stabstr
 *(.stabstr)

.stab.excl
 *(.stab.excl)

.stab.exclstr
 *(.stab.exclstr)

.stab.index
 *(.stab.index)

.stab.indexstr
 *(.stab.indexstr)

.comment
 *(.comment)

.debug
 *(.debug)

.line
 *(.line)

.debug_srcinfo
 *(.debug_srcinfo)

.debug_sfnames
 *(.debug_sfnames)

.debug_aranges  0x00000000       0xa0
 *(.debug_aranges)
 .debug_aranges
                0x00000000       0x20 can.o
 .debug_aranges
                0x00000020       0x20 mcp2515.o
 .debug_aranges
                0x00000040       0x20 spi.o
 .debug_aranges
                0x00000060       0x20 node2.o
 .debug_aranges
                0x00000080       0x20 servo.o

.debug_pubnames
                0x00000000      0x1e5
 *(.debug_pubnames)
 .debug_pubnames
                0x00000000       0x60 can.o
 .debug_pubnames
                0x00000060       0xa0 mcp2515.o
 .debug_pubnames
                0x00000100       0x76 spi.o
 .debug_pubnames
                0x00000176       0x2a node2.o
 .debug_pubnames
                0x000001a0       0x45 servo.o

.debug_info     0x00000000      0x72a
 *(.debug_info)
 .debug_info    0x00000000      0x1e4 can.o
 .debug_info    0x000001e4      0x298 mcp2515.o
 .debug_info    0x0000047c       0xf3 spi.o
 .debug_info    0x0000056f       0x91 node2.o
 .debug_info    0x00000600      0x12a servo.o
 *(.gnu.linkonce.wi.*)

.debug_abbrev   0x00000000      0x395
 *(.debug_abbrev)
 .debug_abbrev  0x00000000       0xf8 can.o
 .debug_abbrev  0x000000f8      0x101 mcp2515.o
 .debug_abbrev  0x000001f9       0x7c spi.o
 .debug_abbrev  0x00000275       0x56 node2.o
 .debug_abbrev  0x000002cb       0xca servo.o

.debug_line     0x00000000      0x7ea
 *(.debug_line)
 .debug_line    0x00000000      0x240 can.o
 .debug_line    0x00000240      0x2e4 mcp2515.o
 .debug_line    0x00000524       0xed spi.o
 .debug_line    0x00000611       0x8f node2.o
 .debug_line    0x000006a0      0x14a servo.o

.debug_frame    0x00000000      0x1d0
 *(.debug_frame)
 .debug_frame   0x00000000       0x60 can.o
 .debug_frame   0x00000060       0xa0 mcp2515.o
 .debug_frame   0x00000100       0x60 spi.o
 .debug_frame   0x00000160       0x30 node2.o
 .debug_frame   0x00000190       0x40 servo.o

.debug_str      0x00000000      0x243
 *(.debug_str)
 .debug_str     0x00000000       0xf4 can.o
                                0x135 (size before relaxing)
 .debug_str     0x000000f4       0x8f mcp2515.o
                                0x170 (size before relaxing)
 .debug_str     0x00000183       0x65 spi.o
                                0x11f (size before relaxing)
 .debug_str     0x000001e8       0x1b node2.o
                                 0xd5 (size before relaxing)
 .debug_str     0x00000203       0x40 servo.o
                                0x12a (size before relaxing)

.debug_loc
 *(.debug_loc)

.debug_macinfo
 *(.debug_macinfo)
OUTPUT(Node2.elf elf32-avr)
LOAD linker stubs
