Archive member included because of file (symbol)

c:/program files/winavr/bin/../lib/gcc/avr/4.3.2/avr5\libgcc.a(_udivmodsi4.o)
                              uart.o (__udivmodsi4)
c:/program files/winavr/bin/../lib/gcc/avr/4.3.2/avr5\libgcc.a(_exit.o)
                              c:/program files/winavr/bin/../lib/gcc/avr/4.3.2/../../../../avr/lib/avr5/crtm162.o (exit)
c:/program files/winavr/bin/../lib/gcc/avr/4.3.2/avr5\libgcc.a(_copy_data.o)
                              joystick_calib.o (__do_copy_data)
c:/program files/winavr/bin/../lib/gcc/avr/4.3.2/avr5\libgcc.a(_clear_bss.o)
                              uart.o (__do_clear_bss)
c:/program files/winavr/bin/../lib/gcc/avr/4.3.2/avr5\libgcc.a(_addsub_sf.o)
                              joystick_calib.o (__subsf3)
c:/program files/winavr/bin/../lib/gcc/avr/4.3.2/avr5\libgcc.a(_mul_sf.o)
                              joystick_calib.o (__mulsf3)
c:/program files/winavr/bin/../lib/gcc/avr/4.3.2/avr5\libgcc.a(_si_to_sf.o)
                              joystick_calib.o (__floatsisf)
c:/program files/winavr/bin/../lib/gcc/avr/4.3.2/avr5\libgcc.a(_sf_to_si.o)
                              joystick_calib.o (__fixsfsi)
c:/program files/winavr/bin/../lib/gcc/avr/4.3.2/avr5\libgcc.a(_thenan_sf.o)
                              c:/program files/winavr/bin/../lib/gcc/avr/4.3.2/avr5\libgcc.a(_addsub_sf.o) (__thenan_sf)
c:/program files/winavr/bin/../lib/gcc/avr/4.3.2/avr5\libgcc.a(_prologue.o)
                              c:/program files/winavr/bin/../lib/gcc/avr/4.3.2/avr5\libgcc.a(_addsub_sf.o) (__prologue_saves__)
c:/program files/winavr/bin/../lib/gcc/avr/4.3.2/avr5\libgcc.a(_epilogue.o)
                              c:/program files/winavr/bin/../lib/gcc/avr/4.3.2/avr5\libgcc.a(_addsub_sf.o) (__epilogue_restores__)
c:/program files/winavr/bin/../lib/gcc/avr/4.3.2/avr5\libgcc.a(_clzsi2.o)
                              c:/program files/winavr/bin/../lib/gcc/avr/4.3.2/avr5\libgcc.a(_si_to_sf.o) (__clzsi2)
c:/program files/winavr/bin/../lib/gcc/avr/4.3.2/avr5\libgcc.a(_pack_sf.o)
                              c:/program files/winavr/bin/../lib/gcc/avr/4.3.2/avr5\libgcc.a(_addsub_sf.o) (__pack_f)
c:/program files/winavr/bin/../lib/gcc/avr/4.3.2/avr5\libgcc.a(_unpack_sf.o)
                              c:/program files/winavr/bin/../lib/gcc/avr/4.3.2/avr5\libgcc.a(_addsub_sf.o) (__unpack_f)
c:/program files/winavr/bin/../lib/gcc/avr/4.3.2/avr5\libgcc.a(_clz.o)
                              c:/program files/winavr/bin/../lib/gcc/avr/4.3.2/avr5\libgcc.a(_clzsi2.o) (__clz_tab)
c:/program files/winavr/bin/../lib/gcc/avr/4.3.2/../../../../avr/lib/avr5\libc.a(fdevopen.o)
                              uart.o (fdevopen)
c:/program files/winavr/bin/../lib/gcc/avr/4.3.2/../../../../avr/lib/avr5\libc.a(iob.o)
                              c:/program files/winavr/bin/../lib/gcc/avr/4.3.2/../../../../avr/lib/avr5\libc.a(fdevopen.o) (__iob)
c:/program files/winavr/bin/../lib/gcc/avr/4.3.2/../../../../avr/lib/avr5\libc.a(printf.o)
                              joystick_calib.o (printf)
c:/program files/winavr/bin/../lib/gcc/avr/4.3.2/../../../../avr/lib/avr5\libc.a(vfprintf_std.o)
                              c:/program files/winavr/bin/../lib/gcc/avr/4.3.2/../../../../avr/lib/avr5\libc.a(printf.o) (vfprintf)
c:/program files/winavr/bin/../lib/gcc/avr/4.3.2/../../../../avr/lib/avr5\libc.a(calloc.o)
                              c:/program files/winavr/bin/../lib/gcc/avr/4.3.2/../../../../avr/lib/avr5\libc.a(fdevopen.o) (calloc)
c:/program files/winavr/bin/../lib/gcc/avr/4.3.2/../../../../avr/lib/avr5\libc.a(malloc.o)
                              c:/program files/winavr/bin/../lib/gcc/avr/4.3.2/../../../../avr/lib/avr5\libc.a(calloc.o) (malloc)
c:/program files/winavr/bin/../lib/gcc/avr/4.3.2/../../../../avr/lib/avr5\libc.a(strnlen_P.o)
                              c:/program files/winavr/bin/../lib/gcc/avr/4.3.2/../../../../avr/lib/avr5\libc.a(vfprintf_std.o) (strnlen_P)
c:/program files/winavr/bin/../lib/gcc/avr/4.3.2/../../../../avr/lib/avr5\libc.a(memset.o)
                              c:/program files/winavr/bin/../lib/gcc/avr/4.3.2/../../../../avr/lib/avr5\libc.a(calloc.o) (memset)
c:/program files/winavr/bin/../lib/gcc/avr/4.3.2/../../../../avr/lib/avr5\libc.a(strnlen.o)
                              c:/program files/winavr/bin/../lib/gcc/avr/4.3.2/../../../../avr/lib/avr5\libc.a(vfprintf_std.o) (strnlen)
c:/program files/winavr/bin/../lib/gcc/avr/4.3.2/../../../../avr/lib/avr5\libc.a(fputc.o)
                              c:/program files/winavr/bin/../lib/gcc/avr/4.3.2/../../../../avr/lib/avr5\libc.a(vfprintf_std.o) (fputc)
c:/program files/winavr/bin/../lib/gcc/avr/4.3.2/../../../../avr/lib/avr5\libc.a(ultoa_invert.o)
                              c:/program files/winavr/bin/../lib/gcc/avr/4.3.2/../../../../avr/lib/avr5\libc.a(vfprintf_std.o) (__ultoa_invert)

Allocating common symbols
Common symbol       size              file

buffer_used         0x1               uart.o
__brkval            0x2               c:/program files/winavr/bin/../lib/gcc/avr/4.3.2/../../../../avr/lib/avr5\libc.a(malloc.o)
buffer_stop         0x1               uart.o
buffer              0x10              uart.o
__flp               0x2               c:/program files/winavr/bin/../lib/gcc/avr/4.3.2/../../../../avr/lib/avr5\libc.a(malloc.o)
__iob               0x6               c:/program files/winavr/bin/../lib/gcc/avr/4.3.2/../../../../avr/lib/avr5\libc.a(iob.o)
buffer_start        0x1               uart.o

Memory Configuration

Name             Origin             Length             Attributes
text             0x00000000         0x00020000         xr
data             0x00800060         0x0000ffa0         rw !x
eeprom           0x00810000         0x00010000         rw !x
fuse             0x00820000         0x00000400         rw !x
lock             0x00830000         0x00000400         rw !x
signature        0x00840000         0x00000400         rw !x
*default*        0x00000000         0xffffffff

Linker script and memory map

Address of section .data set to 0x800100
LOAD c:/program files/winavr/bin/../lib/gcc/avr/4.3.2/../../../../avr/lib/avr5/crtm162.o
LOAD joystick_calib.o
LOAD uart.o
LOAD c:/program files/winavr/bin/../lib/gcc/avr/4.3.2/avr5\libgcc.a
LOAD c:/program files/winavr/bin/../lib/gcc/avr/4.3.2/../../../../avr/lib/avr5\libc.a
LOAD c:/program files/winavr/bin/../lib/gcc/avr/4.3.2/avr5\libgcc.a

.hash
 *(.hash)

.dynsym
 *(.dynsym)

.dynstr
 *(.dynstr)

.gnu.version
 *(.gnu.version)

.gnu.version_d
 *(.gnu.version_d)

.gnu.version_r
 *(.gnu.version_r)

.rel.init
 *(.rel.init)

.rela.init
 *(.rela.init)

.rel.text
 *(.rel.text)
 *(.rel.text.*)
 *(.rel.gnu.linkonce.t*)

.rela.text
 *(.rela.text)
 *(.rela.text.*)
 *(.rela.gnu.linkonce.t*)

.rel.fini
 *(.rel.fini)

.rela.fini
 *(.rela.fini)

.rel.rodata
 *(.rel.rodata)
 *(.rel.rodata.*)
 *(.rel.gnu.linkonce.r*)

.rela.rodata
 *(.rela.rodata)
 *(.rela.rodata.*)
 *(.rela.gnu.linkonce.r*)

.rel.data
 *(.rel.data)
 *(.rel.data.*)
 *(.rel.gnu.linkonce.d*)

.rela.data
 *(.rela.data)
 *(.rela.data.*)
 *(.rela.gnu.linkonce.d*)

.rel.ctors
 *(.rel.ctors)

.rela.ctors
 *(.rela.ctors)

.rel.dtors
 *(.rel.dtors)

.rela.dtors
 *(.rela.dtors)

.rel.got
 *(.rel.got)

.rela.got
 *(.rela.got)

.rel.bss
 *(.rel.bss)

.rela.bss
 *(.rela.bss)

.rel.plt
 *(.rel.plt)

.rela.plt
 *(.rela.plt)

.text           0x00000000     0x16a0
 *(.vectors)
 .vectors       0x00000000       0x70 c:/program files/winavr/bin/../lib/gcc/avr/4.3.2/../../../../avr/lib/avr5/crtm162.o
                0x00000000                __vectors
                0x00000000                __vector_default
 *(.vectors)
 *(.progmem.gcc*)
 *(.progmem*)
                0x00000070                . = ALIGN (0x2)
                0x00000070                __trampolines_start = .
 *(.trampolines)
 .trampolines   0x00000070        0x0 linker stubs
 *(.trampolines*)
                0x00000070                __trampolines_end = .
 *(.jumptables)
 *(.jumptables*)
 *(.lowtext)
 *(.lowtext*)
                0x00000070                __ctors_start = .
 *(.ctors)
                0x00000070                __ctors_end = .
                0x00000070                __dtors_start = .
 *(.dtors)
                0x00000070                __dtors_end = .
 SORT(*)(.ctors)
 SORT(*)(.dtors)
 *(.init0)
 .init0         0x00000070        0x0 c:/program files/winavr/bin/../lib/gcc/avr/4.3.2/../../../../avr/lib/avr5/crtm162.o
                0x00000070                __init
 *(.init0)
 *(.init1)
 *(.init1)
 *(.init2)
 .init2         0x00000070        0xc c:/program files/winavr/bin/../lib/gcc/avr/4.3.2/../../../../avr/lib/avr5/crtm162.o
 *(.init2)
 *(.init3)
 *(.init3)
 *(.init4)
 .init4         0x0000007c       0x16 c:/program files/winavr/bin/../lib/gcc/avr/4.3.2/avr5\libgcc.a(_copy_data.o)
                0x0000007c                __do_copy_data
 .init4         0x00000092       0x10 c:/program files/winavr/bin/../lib/gcc/avr/4.3.2/avr5\libgcc.a(_clear_bss.o)
                0x00000092                __do_clear_bss
 *(.init4)
 *(.init5)
 *(.init5)
 *(.init6)
 *(.init6)
 *(.init7)
 *(.init7)
 *(.init8)
 *(.init8)
 *(.init9)
 .init9         0x000000a2        0x8 c:/program files/winavr/bin/../lib/gcc/avr/4.3.2/../../../../avr/lib/avr5/crtm162.o
 *(.init9)
 *(.text)
 .text          0x000000aa        0x4 c:/program files/winavr/bin/../lib/gcc/avr/4.3.2/../../../../avr/lib/avr5/crtm162.o
                0x000000aa                __vector_22
                0x000000aa                __vector_1
                0x000000aa                __vector_24
                0x000000aa                __vector_12
                0x000000aa                __bad_interrupt
                0x000000aa                __vector_6
                0x000000aa                __vector_3
                0x000000aa                __vector_23
                0x000000aa                __vector_25
                0x000000aa                __vector_11
                0x000000aa                __vector_13
                0x000000aa                __vector_17
                0x000000aa                __vector_19
                0x000000aa                __vector_7
                0x000000aa                __vector_27
                0x000000aa                __vector_5
                0x000000aa                __vector_4
                0x000000aa                __vector_9
                0x000000aa                __vector_2
                0x000000aa                __vector_15
                0x000000aa                __vector_8
                0x000000aa                __vector_26
                0x000000aa                __vector_14
                0x000000aa                __vector_10
                0x000000aa                __vector_16
                0x000000aa                __vector_18
                0x000000aa                __vector_20
 .text          0x000000ae      0x26e joystick_calib.o
                0x000000ae                main
 .text          0x0000031c       0xde uart.o
                0x00000338                UART_get_char
                0x0000039c                init_UART
                0x00000344                __vector_21
                0x0000031c                UART_put_char
 .text          0x000003fa        0x0 c:/program files/winavr/bin/../lib/gcc/avr/4.3.2/avr5\libgcc.a(_udivmodsi4.o)
 .text          0x000003fa        0x0 c:/program files/winavr/bin/../lib/gcc/avr/4.3.2/avr5\libgcc.a(_exit.o)
 .text          0x000003fa        0x0 c:/program files/winavr/bin/../lib/gcc/avr/4.3.2/avr5\libgcc.a(_copy_data.o)
 .text          0x000003fa        0x0 c:/program files/winavr/bin/../lib/gcc/avr/4.3.2/avr5\libgcc.a(_clear_bss.o)
 .text          0x000003fa      0x354 c:/program files/winavr/bin/../lib/gcc/avr/4.3.2/avr5\libgcc.a(_addsub_sf.o)
                0x00000692                __subsf3
                0x000006f4                __addsf3
 .text          0x0000074e      0x1f4 c:/program files/winavr/bin/../lib/gcc/avr/4.3.2/avr5\libgcc.a(_mul_sf.o)
                0x0000074e                __mulsf3
 .text          0x00000942       0xbc c:/program files/winavr/bin/../lib/gcc/avr/4.3.2/avr5\libgcc.a(_si_to_sf.o)
                0x00000942                __floatsisf
 .text          0x000009fe       0xa8 c:/program files/winavr/bin/../lib/gcc/avr/4.3.2/avr5\libgcc.a(_sf_to_si.o)
                0x000009fe                __fixsfsi
 .text          0x00000aa6        0x0 c:/program files/winavr/bin/../lib/gcc/avr/4.3.2/avr5\libgcc.a(_thenan_sf.o)
 .text          0x00000aa6        0x0 c:/program files/winavr/bin/../lib/gcc/avr/4.3.2/avr5\libgcc.a(_prologue.o)
 .text          0x00000aa6        0x0 c:/program files/winavr/bin/../lib/gcc/avr/4.3.2/avr5\libgcc.a(_epilogue.o)
 .text          0x00000aa6       0x9e c:/program files/winavr/bin/../lib/gcc/avr/4.3.2/avr5\libgcc.a(_clzsi2.o)
                0x00000aa6                __clzsi2
 .text          0x00000b44      0x1aa c:/program files/winavr/bin/../lib/gcc/avr/4.3.2/avr5\libgcc.a(_pack_sf.o)
                0x00000b44                __pack_f
 .text          0x00000cee       0xf0 c:/program files/winavr/bin/../lib/gcc/avr/4.3.2/avr5\libgcc.a(_unpack_sf.o)
                0x00000cee                __unpack_f
 .text          0x00000dde        0x0 c:/program files/winavr/bin/../lib/gcc/avr/4.3.2/avr5\libgcc.a(_clz.o)
 .text          0x00000dde       0x98 c:/program files/winavr/bin/../lib/gcc/avr/4.3.2/../../../../avr/lib/avr5\libc.a(fdevopen.o)
                0x00000dde                fdevopen
 .text          0x00000e76        0x0 c:/program files/winavr/bin/../lib/gcc/avr/4.3.2/../../../../avr/lib/avr5\libc.a(iob.o)
 .text          0x00000e76       0x2a c:/program files/winavr/bin/../lib/gcc/avr/4.3.2/../../../../avr/lib/avr5\libc.a(printf.o)
                0x00000e76                printf
 .text          0x00000ea0      0x3ba c:/program files/winavr/bin/../lib/gcc/avr/4.3.2/../../../../avr/lib/avr5\libc.a(vfprintf_std.o)
                0x00000ea0                vfprintf
 .text          0x0000125a       0x38 c:/program files/winavr/bin/../lib/gcc/avr/4.3.2/../../../../avr/lib/avr5\libc.a(calloc.o)
                0x0000125a                calloc
 .text          0x00001292      0x20a c:/program files/winavr/bin/../lib/gcc/avr/4.3.2/../../../../avr/lib/avr5\libc.a(malloc.o)
                0x00001292                malloc
                0x000013ec                free
 .text          0x0000149c       0x16 c:/program files/winavr/bin/../lib/gcc/avr/4.3.2/../../../../avr/lib/avr5\libc.a(strnlen_P.o)
                0x0000149c                strnlen_P
 .text          0x000014b2        0xe c:/program files/winavr/bin/../lib/gcc/avr/4.3.2/../../../../avr/lib/avr5\libc.a(memset.o)
                0x000014b2                memset
 .text          0x000014c0       0x16 c:/program files/winavr/bin/../lib/gcc/avr/4.3.2/../../../../avr/lib/avr5\libc.a(strnlen.o)
                0x000014c0                strnlen
 .text          0x000014d6       0x58 c:/program files/winavr/bin/../lib/gcc/avr/4.3.2/../../../../avr/lib/avr5\libc.a(fputc.o)
                0x000014d6                fputc
 .text          0x0000152e       0xbc c:/program files/winavr/bin/../lib/gcc/avr/4.3.2/../../../../avr/lib/avr5\libc.a(ultoa_invert.o)
                0x0000152e                __ultoa_invert
                0x000015ea                . = ALIGN (0x2)
 *(.text.*)
 .text.libgcc   0x000015ea       0x44 c:/program files/winavr/bin/../lib/gcc/avr/4.3.2/avr5\libgcc.a(_udivmodsi4.o)
                0x000015ea                __udivmodsi4
 .text.libgcc   0x0000162e        0x0 c:/program files/winavr/bin/../lib/gcc/avr/4.3.2/avr5\libgcc.a(_exit.o)
 .text.libgcc   0x0000162e        0x0 c:/program files/winavr/bin/../lib/gcc/avr/4.3.2/avr5\libgcc.a(_copy_data.o)
 .text.libgcc   0x0000162e        0x0 c:/program files/winavr/bin/../lib/gcc/avr/4.3.2/avr5\libgcc.a(_clear_bss.o)
 .text.libgcc   0x0000162e       0x38 c:/program files/winavr/bin/../lib/gcc/avr/4.3.2/avr5\libgcc.a(_prologue.o)
                0x0000162e                __prologue_saves__
 .text.libgcc   0x00001666       0x36 c:/program files/winavr/bin/../lib/gcc/avr/4.3.2/avr5\libgcc.a(_epilogue.o)
                0x00001666                __epilogue_restores__
                0x0000169c                . = ALIGN (0x2)
 *(.fini9)
 .fini9         0x0000169c        0x0 c:/program files/winavr/bin/../lib/gcc/avr/4.3.2/avr5\libgcc.a(_exit.o)
                0x0000169c                exit
                0x0000169c                _exit
 *(.fini9)
 *(.fini8)
 *(.fini8)
 *(.fini7)
 *(.fini7)
 *(.fini6)
 *(.fini6)
 *(.fini5)
 *(.fini5)
 *(.fini4)
 *(.fini4)
 *(.fini3)
 *(.fini3)
 *(.fini2)
 *(.fini2)
 *(.fini1)
 *(.fini1)
 *(.fini0)
 .fini0         0x0000169c        0x4 c:/program files/winavr/bin/../lib/gcc/avr/4.3.2/avr5\libgcc.a(_exit.o)
 *(.fini0)
                0x000016a0                _etext = .

.data           0x00800100      0x148 load address 0x000016a0
                0x00800100                PROVIDE (__data_start, .)
 *(.data)
 .data          0x00800100        0x0 c:/program files/winavr/bin/../lib/gcc/avr/4.3.2/../../../../avr/lib/avr5/crtm162.o
 .data          0x00800100       0x3a joystick_calib.o
 .data          0x0080013a        0x0 uart.o
 .data          0x0080013a        0x0 c:/program files/winavr/bin/../lib/gcc/avr/4.3.2/avr5\libgcc.a(_udivmodsi4.o)
 .data          0x0080013a        0x0 c:/program files/winavr/bin/../lib/gcc/avr/4.3.2/avr5\libgcc.a(_exit.o)
 .data          0x0080013a        0x0 c:/program files/winavr/bin/../lib/gcc/avr/4.3.2/avr5\libgcc.a(_copy_data.o)
 .data          0x0080013a        0x0 c:/program files/winavr/bin/../lib/gcc/avr/4.3.2/avr5\libgcc.a(_clear_bss.o)
 .data          0x0080013a        0x0 c:/program files/winavr/bin/../lib/gcc/avr/4.3.2/avr5\libgcc.a(_addsub_sf.o)
 .data          0x0080013a        0x0 c:/program files/winavr/bin/../lib/gcc/avr/4.3.2/avr5\libgcc.a(_mul_sf.o)
 .data          0x0080013a        0x0 c:/program files/winavr/bin/../lib/gcc/avr/4.3.2/avr5\libgcc.a(_si_to_sf.o)
 .data          0x0080013a        0x0 c:/program files/winavr/bin/../lib/gcc/avr/4.3.2/avr5\libgcc.a(_sf_to_si.o)
 .data          0x0080013a        0x8 c:/program files/winavr/bin/../lib/gcc/avr/4.3.2/avr5\libgcc.a(_thenan_sf.o)
                0x0080013a                __thenan_sf
 .data          0x00800142        0x0 c:/program files/winavr/bin/../lib/gcc/avr/4.3.2/avr5\libgcc.a(_prologue.o)
 .data          0x00800142        0x0 c:/program files/winavr/bin/../lib/gcc/avr/4.3.2/avr5\libgcc.a(_epilogue.o)
 .data          0x00800142        0x0 c:/program files/winavr/bin/../lib/gcc/avr/4.3.2/avr5\libgcc.a(_clzsi2.o)
 .data          0x00800142        0x0 c:/program files/winavr/bin/../lib/gcc/avr/4.3.2/avr5\libgcc.a(_pack_sf.o)
 .data          0x00800142        0x0 c:/program files/winavr/bin/../lib/gcc/avr/4.3.2/avr5\libgcc.a(_unpack_sf.o)
 .data          0x00800142      0x100 c:/program files/winavr/bin/../lib/gcc/avr/4.3.2/avr5\libgcc.a(_clz.o)
                0x00800142                __clz_tab
 .data          0x00800242        0x0 c:/program files/winavr/bin/../lib/gcc/avr/4.3.2/../../../../avr/lib/avr5\libc.a(fdevopen.o)
 .data          0x00800242        0x0 c:/program files/winavr/bin/../lib/gcc/avr/4.3.2/../../../../avr/lib/avr5\libc.a(iob.o)
 .data          0x00800242        0x0 c:/program files/winavr/bin/../lib/gcc/avr/4.3.2/../../../../avr/lib/avr5\libc.a(printf.o)
 .data          0x00800242        0x0 c:/program files/winavr/bin/../lib/gcc/avr/4.3.2/../../../../avr/lib/avr5\libc.a(vfprintf_std.o)
 .data          0x00800242        0x0 c:/program files/winavr/bin/../lib/gcc/avr/4.3.2/../../../../avr/lib/avr5\libc.a(calloc.o)
 .data          0x00800242        0x6 c:/program files/winavr/bin/../lib/gcc/avr/4.3.2/../../../../avr/lib/avr5\libc.a(malloc.o)
                0x00800244                __malloc_heap_start
                0x00800246                __malloc_heap_end
                0x00800242                __malloc_margin
 .data          0x00800248        0x0 c:/program files/winavr/bin/../lib/gcc/avr/4.3.2/../../../../avr/lib/avr5\libc.a(strnlen_P.o)
 .data          0x00800248        0x0 c:/program files/winavr/bin/../lib/gcc/avr/4.3.2/../../../../avr/lib/avr5\libc.a(memset.o)
 .data          0x00800248        0x0 c:/program files/winavr/bin/../lib/gcc/avr/4.3.2/../../../../avr/lib/avr5\libc.a(strnlen.o)
 .data          0x00800248        0x0 c:/program files/winavr/bin/../lib/gcc/avr/4.3.2/../../../../avr/lib/avr5\libc.a(fputc.o)
 .data          0x00800248        0x0 c:/program files/winavr/bin/../lib/gcc/avr/4.3.2/../../../../avr/lib/avr5\libc.a(ultoa_invert.o)
 *(.data*)
 *(.rodata)
 *(.rodata*)
 *(.gnu.linkonce.d*)
                0x00800248                . = ALIGN (0x2)
                0x00800248                _edata = .
                0x00800248                PROVIDE (__data_end, .)

.bss            0x00800248       0x1d
                0x00800248                PROVIDE (__bss_start, .)
 *(.bss)
 .bss           0x00800248        0x0 c:/program files/winavr/bin/../lib/gcc/avr/4.3.2/../../../../avr/lib/avr5/crtm162.o
 .bss           0x00800248        0x0 joystick_calib.o
 .bss           0x00800248        0x0 uart.o
 .bss           0x00800248        0x0 c:/program files/winavr/bin/../lib/gcc/avr/4.3.2/avr5\libgcc.a(_udivmodsi4.o)
 .bss           0x00800248        0x0 c:/program files/winavr/bin/../lib/gcc/avr/4.3.2/avr5\libgcc.a(_exit.o)
 .bss           0x00800248        0x0 c:/program files/winavr/bin/../lib/gcc/avr/4.3.2/avr5\libgcc.a(_copy_data.o)
 .bss           0x00800248        0x0 c:/program files/winavr/bin/../lib/gcc/avr/4.3.2/avr5\libgcc.a(_clear_bss.o)
 .bss           0x00800248        0x0 c:/program files/winavr/bin/../lib/gcc/avr/4.3.2/avr5\libgcc.a(_addsub_sf.o)
 .bss           0x00800248        0x0 c:/program files/winavr/bin/../lib/gcc/avr/4.3.2/avr5\libgcc.a(_mul_sf.o)
 .bss           0x00800248        0x0 c:/program files/winavr/bin/../lib/gcc/avr/4.3.2/avr5\libgcc.a(_si_to_sf.o)
 .bss           0x00800248        0x0 c:/program files/winavr/bin/../lib/gcc/avr/4.3.2/avr5\libgcc.a(_sf_to_si.o)
 .bss           0x00800248        0x0 c:/program files/winavr/bin/../lib/gcc/avr/4.3.2/avr5\libgcc.a(_thenan_sf.o)
 .bss           0x00800248        0x0 c:/program files/winavr/bin/../lib/gcc/avr/4.3.2/avr5\libgcc.a(_prologue.o)
 .bss           0x00800248        0x0 c:/program files/winavr/bin/../lib/gcc/avr/4.3.2/avr5\libgcc.a(_epilogue.o)
 .bss           0x00800248        0x0 c:/program files/winavr/bin/../lib/gcc/avr/4.3.2/avr5\libgcc.a(_clzsi2.o)
 .bss           0x00800248        0x0 c:/program files/winavr/bin/../lib/gcc/avr/4.3.2/avr5\libgcc.a(_pack_sf.o)
 .bss           0x00800248        0x0 c:/program files/winavr/bin/../lib/gcc/avr/4.3.2/avr5\libgcc.a(_unpack_sf.o)
 .bss           0x00800248        0x0 c:/program files/winavr/bin/../lib/gcc/avr/4.3.2/avr5\libgcc.a(_clz.o)
 .bss           0x00800248        0x0 c:/program files/winavr/bin/../lib/gcc/avr/4.3.2/../../../../avr/lib/avr5\libc.a(fdevopen.o)
 .bss           0x00800248        0x0 c:/program files/winavr/bin/../lib/gcc/avr/4.3.2/../../../../avr/lib/avr5\libc.a(iob.o)
 .bss           0x00800248        0x0 c:/program files/winavr/bin/../lib/gcc/avr/4.3.2/../../../../avr/lib/avr5\libc.a(printf.o)
 .bss           0x00800248        0x0 c:/program files/winavr/bin/../lib/gcc/avr/4.3.2/../../../../avr/lib/avr5\libc.a(vfprintf_std.o)
 .bss           0x00800248        0x0 c:/program files/winavr/bin/../lib/gcc/avr/4.3.2/../../../../avr/lib/avr5\libc.a(calloc.o)
 .bss           0x00800248        0x0 c:/program files/winavr/bin/../lib/gcc/avr/4.3.2/../../../../avr/lib/avr5\libc.a(malloc.o)
 .bss           0x00800248        0x0 c:/program files/winavr/bin/../lib/gcc/avr/4.3.2/../../../../avr/lib/avr5\libc.a(strnlen_P.o)
 .bss           0x00800248        0x0 c:/program files/winavr/bin/../lib/gcc/avr/4.3.2/../../../../avr/lib/avr5\libc.a(memset.o)
 .bss           0x00800248        0x0 c:/program files/winavr/bin/../lib/gcc/avr/4.3.2/../../../../avr/lib/avr5\libc.a(strnlen.o)
 .bss           0x00800248        0x0 c:/program files/winavr/bin/../lib/gcc/avr/4.3.2/../../../../avr/lib/avr5\libc.a(fputc.o)
 .bss           0x00800248        0x0 c:/program files/winavr/bin/../lib/gcc/avr/4.3.2/../../../../avr/lib/avr5\libc.a(ultoa_invert.o)
 *(.bss*)
 *(COMMON)
 COMMON         0x00800248       0x13 uart.o
                0x00800248                buffer_used
                0x00800249                buffer_stop
                0x0080024a                buffer
                0x0080025a                buffer_start
 COMMON         0x0080025b        0x6 c:/program files/winavr/bin/../lib/gcc/avr/4.3.2/../../../../avr/lib/avr5\libc.a(iob.o)
                0x0080025b                __iob
 COMMON         0x00800261        0x4 c:/program files/winavr/bin/../lib/gcc/avr/4.3.2/../../../../avr/lib/avr5\libc.a(malloc.o)
                0x00800261                __brkval
                0x00800263                __flp
                0x00800265                PROVIDE (__bss_end, .)
                0x000016a0                __data_load_start = LOADADDR (.data)
                0x000017e8                __data_load_end = (__data_load_start + SIZEOF (.data))

.noinit         0x00800265        0x0
                0x00800265                PROVIDE (__noinit_start, .)
 *(.noinit*)
                0x00800265                PROVIDE (__noinit_end, .)
                0x00800265                _end = .
                0x00800265                PROVIDE (__heap_start, .)

.eeprom         0x00810000        0x0
 *(.eeprom*)
                0x00810000                __eeprom_end = .

.fuse
 *(.fuse)
 *(.lfuse)
 *(.hfuse)
 *(.efuse)

.lock
 *(.lock*)

.signature
 *(.signature*)

.stab
 *(.stab)

.stabstr
 *(.stabstr)

.stab.excl
 *(.stab.excl)

.stab.exclstr
 *(.stab.exclstr)

.stab.index
 *(.stab.index)

.stab.indexstr
 *(.stab.indexstr)

.comment
 *(.comment)

.debug
 *(.debug)

.line
 *(.line)

.debug_srcinfo
 *(.debug_srcinfo)

.debug_sfnames
 *(.debug_sfnames)

.debug_aranges  0x00000000       0x40
 *(.debug_aranges)
 .debug_aranges
                0x00000000       0x20 joystick_calib.o
 .debug_aranges
                0x00000020       0x20 uart.o

.debug_pubnames
                0x00000000       0xab
 *(.debug_pubnames)
 .debug_pubnames
                0x00000000       0x1b joystick_calib.o
 .debug_pubnames
                0x0000001b       0x90 uart.o

.debug_info     0x00000000      0x4d0
 *(.debug_info)
 .debug_info    0x00000000      0x278 joystick_calib.o
 .debug_info    0x00000278      0x258 uart.o
 *(.gnu.linkonce.wi.*)

.debug_abbrev   0x00000000      0x263
 *(.debug_abbrev)
 .debug_abbrev  0x00000000      0x11c joystick_calib.o
 .debug_abbrev  0x0000011c      0x147 uart.o

.debug_line     0x00000000      0x40e
 *(.debug_line)
 .debug_line    0x00000000      0x284 joystick_calib.o
 .debug_line    0x00000284      0x18a uart.o

.debug_frame    0x00000000       0x70
 *(.debug_frame)
 .debug_frame   0x00000000       0x20 joystick_calib.o
 .debug_frame   0x00000020       0x50 uart.o

.debug_str      0x00000000      0x1e3
 *(.debug_str)
 .debug_str     0x00000000      0x145 joystick_calib.o
                                0x17e (size before relaxing)
 .debug_str     0x00000145       0x9e uart.o
                                0x175 (size before relaxing)

.debug_loc      0x00000000       0xbd
 *(.debug_loc)
 .debug_loc     0x00000000       0xbd uart.o

.debug_macinfo
 *(.debug_macinfo)
OUTPUT(joystick_calib.elf elf32-avr)
LOAD linker stubs
