Archive member included because of file (symbol)

c:/program files/winavr/bin/../lib/gcc/avr/4.3.2/avr5\libgcc.a(_udivmodqi4.o)
                              bcd.o (__udivmodqi4)
c:/program files/winavr/bin/../lib/gcc/avr/4.3.2/avr5\libgcc.a(_udivmodsi4.o)
                              uart.o (__udivmodsi4)
c:/program files/winavr/bin/../lib/gcc/avr/4.3.2/avr5\libgcc.a(_exit.o)
                              c:/program files/winavr/bin/../lib/gcc/avr/4.3.2/../../../../avr/lib/avr5/crtm169.o (exit)
c:/program files/winavr/bin/../lib/gcc/avr/4.3.2/avr5\libgcc.a(_copy_data.o)
                              main.o (__do_copy_data)
c:/program files/winavr/bin/../lib/gcc/avr/4.3.2/avr5\libgcc.a(_clear_bss.o)
                              lcd_driver.o (__do_clear_bss)
c:/program files/winavr/bin/../lib/gcc/avr/4.3.2/../../../../avr/lib/avr5\libc.a(fdevopen.o)
                              uart.o (fdevopen)
c:/program files/winavr/bin/../lib/gcc/avr/4.3.2/../../../../avr/lib/avr5\libc.a(iob.o)
                              c:/program files/winavr/bin/../lib/gcc/avr/4.3.2/../../../../avr/lib/avr5\libc.a(fdevopen.o) (__iob)
c:/program files/winavr/bin/../lib/gcc/avr/4.3.2/../../../../avr/lib/avr5\libc.a(puts.o)
                              main.o (puts)
c:/program files/winavr/bin/../lib/gcc/avr/4.3.2/../../../../avr/lib/avr5\libc.a(calloc.o)
                              c:/program files/winavr/bin/../lib/gcc/avr/4.3.2/../../../../avr/lib/avr5\libc.a(fdevopen.o) (calloc)
c:/program files/winavr/bin/../lib/gcc/avr/4.3.2/../../../../avr/lib/avr5\libc.a(malloc.o)
                              c:/program files/winavr/bin/../lib/gcc/avr/4.3.2/../../../../avr/lib/avr5\libc.a(calloc.o) (malloc)
c:/program files/winavr/bin/../lib/gcc/avr/4.3.2/../../../../avr/lib/avr5\libc.a(memset.o)
                              c:/program files/winavr/bin/../lib/gcc/avr/4.3.2/../../../../avr/lib/avr5\libc.a(calloc.o) (memset)

Allocating common symbols
Common symbol       size              file

gScrollMode         0x1               lcd_driver.o
__brkval            0x2               c:/program files/winavr/bin/../lib/gcc/avr/4.3.2/../../../../avr/lib/avr5\libc.a(malloc.o)
LCD_Data            0x14              lcd_driver.o
gTextBuffer         0x19              lcd_driver.o
gScroll             0x1               lcd_driver.o
__flp               0x2               c:/program files/winavr/bin/../lib/gcc/avr/4.3.2/../../../../avr/lib/avr5\libc.a(malloc.o)
__iob               0x6               c:/program files/winavr/bin/../lib/gcc/avr/4.3.2/../../../../avr/lib/avr5\libc.a(iob.o)

Memory Configuration

Name             Origin             Length             Attributes
text             0x00000000         0x00020000         xr
data             0x00800060         0x0000ffa0         rw !x
eeprom           0x00810000         0x00010000         rw !x
fuse             0x00820000         0x00000400         rw !x
lock             0x00830000         0x00000400         rw !x
signature        0x00840000         0x00000400         rw !x
*default*        0x00000000         0xffffffff

Linker script and memory map

Address of section .data set to 0x800100
LOAD c:/program files/winavr/bin/../lib/gcc/avr/4.3.2/../../../../avr/lib/avr5/crtm169.o
LOAD butterfly.o
LOAD bcd.o
LOAD main.o
LOAD lcd_functions.o
LOAD lcd_driver.o
LOAD uart.o
LOAD c:/program files/winavr/bin/../lib/gcc/avr/4.3.2/avr5\libgcc.a
LOAD c:/program files/winavr/bin/../lib/gcc/avr/4.3.2/../../../../avr/lib/avr5\libc.a
LOAD c:/program files/winavr/bin/../lib/gcc/avr/4.3.2/avr5\libgcc.a

.hash
 *(.hash)

.dynsym
 *(.dynsym)

.dynstr
 *(.dynstr)

.gnu.version
 *(.gnu.version)

.gnu.version_d
 *(.gnu.version_d)

.gnu.version_r
 *(.gnu.version_r)

.rel.init
 *(.rel.init)

.rela.init
 *(.rela.init)

.rel.text
 *(.rel.text)
 *(.rel.text.*)
 *(.rel.gnu.linkonce.t*)

.rela.text
 *(.rela.text)
 *(.rela.text.*)
 *(.rela.gnu.linkonce.t*)

.rel.fini
 *(.rel.fini)

.rela.fini
 *(.rela.fini)

.rel.rodata
 *(.rel.rodata)
 *(.rel.rodata.*)
 *(.rel.gnu.linkonce.r*)

.rela.rodata
 *(.rela.rodata)
 *(.rela.rodata.*)
 *(.rela.gnu.linkonce.r*)

.rel.data
 *(.rel.data)
 *(.rel.data.*)
 *(.rel.gnu.linkonce.d*)

.rela.data
 *(.rela.data)
 *(.rela.data.*)
 *(.rela.gnu.linkonce.d*)

.rel.ctors
 *(.rel.ctors)

.rela.ctors
 *(.rela.ctors)

.rel.dtors
 *(.rel.dtors)

.rela.dtors
 *(.rela.dtors)

.rel.got
 *(.rel.got)

.rela.got
 *(.rela.got)

.rel.bss
 *(.rel.bss)

.rela.bss
 *(.rela.bss)

.rel.plt
 *(.rel.plt)

.rela.plt
 *(.rela.plt)

.text           0x00000000      0x8dc
 *(.vectors)
 .vectors       0x00000000       0x5c c:/program files/winavr/bin/../lib/gcc/avr/4.3.2/../../../../avr/lib/avr5/crtm169.o
                0x00000000                __vectors
                0x00000000                __vector_default
 *(.vectors)
 *(.progmem.gcc*)
 *(.progmem*)
 .progmem.data  0x0000005c       0x6c lcd_driver.o
                0x0000005c                LCD_character_table
                0x000000c8                . = ALIGN (0x2)
                0x000000c8                __trampolines_start = .
 *(.trampolines)
 .trampolines   0x000000c8        0x0 linker stubs
 *(.trampolines*)
                0x000000c8                __trampolines_end = .
 *(.jumptables)
 *(.jumptables*)
 *(.lowtext)
 *(.lowtext*)
                0x000000c8                __ctors_start = .
 *(.ctors)
                0x000000c8                __ctors_end = .
                0x000000c8                __dtors_start = .
 *(.dtors)
                0x000000c8                __dtors_end = .
 SORT(*)(.ctors)
 SORT(*)(.dtors)
 *(.init0)
 .init0         0x000000c8        0x0 c:/program files/winavr/bin/../lib/gcc/avr/4.3.2/../../../../avr/lib/avr5/crtm169.o
                0x000000c8                __init
 *(.init0)
 *(.init1)
 *(.init1)
 *(.init2)
 .init2         0x000000c8        0xc c:/program files/winavr/bin/../lib/gcc/avr/4.3.2/../../../../avr/lib/avr5/crtm169.o
 *(.init2)
 *(.init3)
 *(.init3)
 *(.init4)
 .init4         0x000000d4       0x16 c:/program files/winavr/bin/../lib/gcc/avr/4.3.2/avr5\libgcc.a(_copy_data.o)
                0x000000d4                __do_copy_data
 .init4         0x000000ea       0x10 c:/program files/winavr/bin/../lib/gcc/avr/4.3.2/avr5\libgcc.a(_clear_bss.o)
                0x000000ea                __do_clear_bss
 *(.init4)
 *(.init5)
 *(.init5)
 *(.init6)
 *(.init6)
 *(.init7)
 *(.init7)
 *(.init8)
 *(.init8)
 *(.init9)
 .init9         0x000000fa        0x8 c:/program files/winavr/bin/../lib/gcc/avr/4.3.2/../../../../avr/lib/avr5/crtm169.o
 *(.init9)
 *(.text)
 .text          0x00000102        0x4 c:/program files/winavr/bin/../lib/gcc/avr/4.3.2/../../../../avr/lib/avr5/crtm169.o
                0x00000102                __vector_1
                0x00000102                __vector_12
                0x00000102                __bad_interrupt
                0x00000102                __vector_6
                0x00000102                __vector_3
                0x00000102                __vector_11
                0x00000102                __vector_13
                0x00000102                __vector_17
                0x00000102                __vector_19
                0x00000102                __vector_7
                0x00000102                __vector_5
                0x00000102                __vector_4
                0x00000102                __vector_9
                0x00000102                __vector_2
                0x00000102                __vector_21
                0x00000102                __vector_15
                0x00000102                __vector_8
                0x00000102                __vector_14
                0x00000102                __vector_10
                0x00000102                __vector_16
                0x00000102                __vector_18
                0x00000102                __vector_20
 .text          0x00000106        0x0 butterfly.o
 .text          0x00000106       0x68 bcd.o
                0x00000106                CHAR2BCD2
                0x00000128                CHAR2BCD3
 .text          0x0000016e       0x10 main.o
                0x0000016e                Initialization
                0x00000174                main
 .text          0x0000017e      0x104 lcd_functions.o
                0x0000024c                LCD_Clear
                0x0000017e                LCD_puts_f
                0x0000025e                LCD_Colon
                0x0000027c                LCD_FlashReset
                0x000001dc                LCD_puts
                0x00000264                LCD_UpdateRequired
                0x0000023c                LCD_putc
 .text          0x00000282      0x21a lcd_driver.o
                0x00000340                __vector_22
                0x000002b8                LCD_WriteDigit
                0x00000282                LCD_Init
                0x0000032c                LCD_AllSegments
 .text          0x0000049c       0x8e uart.o
                0x000004be                UART_get_char
                0x000004d2                init_UART
                0x0000049c                UART_put_char
 .text          0x0000052a        0x0 c:/program files/winavr/bin/../lib/gcc/avr/4.3.2/avr5\libgcc.a(_udivmodqi4.o)
 .text          0x0000052a        0x0 c:/program files/winavr/bin/../lib/gcc/avr/4.3.2/avr5\libgcc.a(_udivmodsi4.o)
 .text          0x0000052a        0x0 c:/program files/winavr/bin/../lib/gcc/avr/4.3.2/avr5\libgcc.a(_exit.o)
 .text          0x0000052a        0x0 c:/program files/winavr/bin/../lib/gcc/avr/4.3.2/avr5\libgcc.a(_copy_data.o)
 .text          0x0000052a        0x0 c:/program files/winavr/bin/../lib/gcc/avr/4.3.2/avr5\libgcc.a(_clear_bss.o)
 .text          0x0000052a       0x98 c:/program files/winavr/bin/../lib/gcc/avr/4.3.2/../../../../avr/lib/avr5\libc.a(fdevopen.o)
                0x0000052a                fdevopen
 .text          0x000005c2        0x0 c:/program files/winavr/bin/../lib/gcc/avr/4.3.2/../../../../avr/lib/avr5\libc.a(iob.o)
 .text          0x000005c2       0x6a c:/program files/winavr/bin/../lib/gcc/avr/4.3.2/../../../../avr/lib/avr5\libc.a(puts.o)
                0x000005c2                puts
 .text          0x0000062c       0x38 c:/program files/winavr/bin/../lib/gcc/avr/4.3.2/../../../../avr/lib/avr5\libc.a(calloc.o)
                0x0000062c                calloc
 .text          0x00000664      0x20a c:/program files/winavr/bin/../lib/gcc/avr/4.3.2/../../../../avr/lib/avr5\libc.a(malloc.o)
                0x00000664                malloc
                0x000007be                free
 .text          0x0000086e        0xe c:/program files/winavr/bin/../lib/gcc/avr/4.3.2/../../../../avr/lib/avr5\libc.a(memset.o)
                0x0000086e                memset
                0x0000087c                . = ALIGN (0x2)
 *(.text.*)
 .text.libgcc   0x0000087c       0x18 c:/program files/winavr/bin/../lib/gcc/avr/4.3.2/avr5\libgcc.a(_udivmodqi4.o)
                0x0000087c                __udivmodqi4
 .text.libgcc   0x00000894       0x44 c:/program files/winavr/bin/../lib/gcc/avr/4.3.2/avr5\libgcc.a(_udivmodsi4.o)
                0x00000894                __udivmodsi4
 .text.libgcc   0x000008d8        0x0 c:/program files/winavr/bin/../lib/gcc/avr/4.3.2/avr5\libgcc.a(_exit.o)
 .text.libgcc   0x000008d8        0x0 c:/program files/winavr/bin/../lib/gcc/avr/4.3.2/avr5\libgcc.a(_copy_data.o)
 .text.libgcc   0x000008d8        0x0 c:/program files/winavr/bin/../lib/gcc/avr/4.3.2/avr5\libgcc.a(_clear_bss.o)
                0x000008d8                . = ALIGN (0x2)
 *(.fini9)
 .fini9         0x000008d8        0x0 c:/program files/winavr/bin/../lib/gcc/avr/4.3.2/avr5\libgcc.a(_exit.o)
                0x000008d8                exit
                0x000008d8                _exit
 *(.fini9)
 *(.fini8)
 *(.fini8)
 *(.fini7)
 *(.fini7)
 *(.fini6)
 *(.fini6)
 *(.fini5)
 *(.fini5)
 *(.fini4)
 *(.fini4)
 *(.fini3)
 *(.fini3)
 *(.fini2)
 *(.fini2)
 *(.fini1)
 *(.fini1)
 *(.fini0)
 .fini0         0x000008d8        0x4 c:/program files/winavr/bin/../lib/gcc/avr/4.3.2/avr5\libgcc.a(_exit.o)
 *(.fini0)
                0x000008dc                _etext = .

.data           0x00800100        0xe load address 0x000008dc
                0x00800100                PROVIDE (__data_start, .)
 *(.data)
 .data          0x00800100        0x0 c:/program files/winavr/bin/../lib/gcc/avr/4.3.2/../../../../avr/lib/avr5/crtm169.o
 .data          0x00800100        0x0 butterfly.o
 .data          0x00800100        0x0 bcd.o
 .data          0x00800100        0x6 main.o
 .data          0x00800106        0x1 lcd_functions.o
                0x00800106                CONTRAST
 .data          0x00800107        0x1 lcd_driver.o
 .data          0x00800108        0x0 uart.o
 .data          0x00800108        0x0 c:/program files/winavr/bin/../lib/gcc/avr/4.3.2/avr5\libgcc.a(_udivmodqi4.o)
 .data          0x00800108        0x0 c:/program files/winavr/bin/../lib/gcc/avr/4.3.2/avr5\libgcc.a(_udivmodsi4.o)
 .data          0x00800108        0x0 c:/program files/winavr/bin/../lib/gcc/avr/4.3.2/avr5\libgcc.a(_exit.o)
 .data          0x00800108        0x0 c:/program files/winavr/bin/../lib/gcc/avr/4.3.2/avr5\libgcc.a(_copy_data.o)
 .data          0x00800108        0x0 c:/program files/winavr/bin/../lib/gcc/avr/4.3.2/avr5\libgcc.a(_clear_bss.o)
 .data          0x00800108        0x0 c:/program files/winavr/bin/../lib/gcc/avr/4.3.2/../../../../avr/lib/avr5\libc.a(fdevopen.o)
 .data          0x00800108        0x0 c:/program files/winavr/bin/../lib/gcc/avr/4.3.2/../../../../avr/lib/avr5\libc.a(iob.o)
 .data          0x00800108        0x0 c:/program files/winavr/bin/../lib/gcc/avr/4.3.2/../../../../avr/lib/avr5\libc.a(puts.o)
 .data          0x00800108        0x0 c:/program files/winavr/bin/../lib/gcc/avr/4.3.2/../../../../avr/lib/avr5\libc.a(calloc.o)
 .data          0x00800108        0x6 c:/program files/winavr/bin/../lib/gcc/avr/4.3.2/../../../../avr/lib/avr5\libc.a(malloc.o)
                0x0080010a                __malloc_heap_start
                0x0080010c                __malloc_heap_end
                0x00800108                __malloc_margin
 .data          0x0080010e        0x0 c:/program files/winavr/bin/../lib/gcc/avr/4.3.2/../../../../avr/lib/avr5\libc.a(memset.o)
 *(.data*)
 *(.rodata)
 *(.rodata*)
 *(.gnu.linkonce.d*)
                0x0080010e                . = ALIGN (0x2)
                0x0080010e                _edata = .
                0x0080010e                PROVIDE (__data_end, .)

.bss            0x0080010e       0x3d
                0x0080010e                PROVIDE (__bss_start, .)
 *(.bss)
 .bss           0x0080010e        0x0 c:/program files/winavr/bin/../lib/gcc/avr/4.3.2/../../../../avr/lib/avr5/crtm169.o
 .bss           0x0080010e        0x0 butterfly.o
 .bss           0x0080010e        0x0 bcd.o
 .bss           0x0080010e        0x0 main.o
 .bss           0x0080010e        0x0 lcd_functions.o
 .bss           0x0080010e        0x4 lcd_driver.o
                0x0080010e                gLCD_Update_Required
                0x00800111                gColon
                0x00800110                gFlashTimer
                0x0080010f                gLCD_Start_Scroll_Timer
 .bss           0x00800112        0x0 uart.o
 .bss           0x00800112        0x0 c:/program files/winavr/bin/../lib/gcc/avr/4.3.2/avr5\libgcc.a(_udivmodqi4.o)
 .bss           0x00800112        0x0 c:/program files/winavr/bin/../lib/gcc/avr/4.3.2/avr5\libgcc.a(_udivmodsi4.o)
 .bss           0x00800112        0x0 c:/program files/winavr/bin/../lib/gcc/avr/4.3.2/avr5\libgcc.a(_exit.o)
 .bss           0x00800112        0x0 c:/program files/winavr/bin/../lib/gcc/avr/4.3.2/avr5\libgcc.a(_copy_data.o)
 .bss           0x00800112        0x0 c:/program files/winavr/bin/../lib/gcc/avr/4.3.2/avr5\libgcc.a(_clear_bss.o)
 .bss           0x00800112        0x0 c:/program files/winavr/bin/../lib/gcc/avr/4.3.2/../../../../avr/lib/avr5\libc.a(fdevopen.o)
 .bss           0x00800112        0x0 c:/program files/winavr/bin/../lib/gcc/avr/4.3.2/../../../../avr/lib/avr5\libc.a(iob.o)
 .bss           0x00800112        0x0 c:/program files/winavr/bin/../lib/gcc/avr/4.3.2/../../../../avr/lib/avr5\libc.a(puts.o)
 .bss           0x00800112        0x0 c:/program files/winavr/bin/../lib/gcc/avr/4.3.2/../../../../avr/lib/avr5\libc.a(calloc.o)
 .bss           0x00800112        0x0 c:/program files/winavr/bin/../lib/gcc/avr/4.3.2/../../../../avr/lib/avr5\libc.a(malloc.o)
 .bss           0x00800112        0x0 c:/program files/winavr/bin/../lib/gcc/avr/4.3.2/../../../../avr/lib/avr5\libc.a(memset.o)
 *(.bss*)
 *(COMMON)
 COMMON         0x00800112       0x2f lcd_driver.o
                0x00800112                gScrollMode
                0x00800113                LCD_Data
                0x00800127                gTextBuffer
                0x00800140                gScroll
 COMMON         0x00800141        0x6 c:/program files/winavr/bin/../lib/gcc/avr/4.3.2/../../../../avr/lib/avr5\libc.a(iob.o)
                0x00800141                __iob
 COMMON         0x00800147        0x4 c:/program files/winavr/bin/../lib/gcc/avr/4.3.2/../../../../avr/lib/avr5\libc.a(malloc.o)
                0x00800147                __brkval
                0x00800149                __flp
                0x0080014b                PROVIDE (__bss_end, .)
                0x000008dc                __data_load_start = LOADADDR (.data)
                0x000008ea                __data_load_end = (__data_load_start + SIZEOF (.data))

.noinit         0x0080014b        0x0
                0x0080014b                PROVIDE (__noinit_start, .)
 *(.noinit*)
                0x0080014b                PROVIDE (__noinit_end, .)
                0x0080014b                _end = .
                0x0080014b                PROVIDE (__heap_start, .)

.eeprom         0x00810000        0x0
 *(.eeprom*)
                0x00810000                __eeprom_end = .

.fuse
 *(.fuse)
 *(.lfuse)
 *(.hfuse)
 *(.efuse)

.lock
 *(.lock*)

.signature
 *(.signature*)

.stab
 *(.stab)

.stabstr
 *(.stabstr)

.stab.excl
 *(.stab.excl)

.stab.exclstr
 *(.stab.exclstr)

.stab.index
 *(.stab.index)

.stab.indexstr
 *(.stab.indexstr)

.comment
 *(.comment)

.debug
 *(.debug)

.line
 *(.line)

.debug_srcinfo
 *(.debug_srcinfo)

.debug_sfnames
 *(.debug_sfnames)

.debug_aranges  0x00000000       0xa0
 *(.debug_aranges)
 .debug_aranges
                0x00000000       0x20 bcd.o
 .debug_aranges
                0x00000020       0x20 main.o
 .debug_aranges
                0x00000040       0x20 lcd_functions.o
 .debug_aranges
                0x00000060       0x20 lcd_driver.o
 .debug_aranges
                0x00000080       0x20 uart.o

.debug_pubnames
                0x00000000      0x225
 *(.debug_pubnames)
 .debug_pubnames
                0x00000000       0x2e bcd.o
 .debug_pubnames
                0x0000002e       0x2e main.o
 .debug_pubnames
                0x0000005c       0x8e lcd_functions.o
 .debug_pubnames
                0x000000ea       0xf7 lcd_driver.o
 .debug_pubnames
                0x000001e1       0x44 uart.o

.debug_info     0x00000000      0x8bd
 *(.debug_info)
 .debug_info    0x00000000        0x0 butterfly.o
 .debug_info    0x00000000       0xa9 bcd.o
 .debug_info    0x000000a9       0xba main.o
 .debug_info    0x00000163      0x287 lcd_functions.o
 .debug_info    0x000003ea      0x2ee lcd_driver.o
 .debug_info    0x000006d8      0x1e5 uart.o
 *(.gnu.linkonce.wi.*)

.debug_abbrev   0x00000000      0x490
 *(.debug_abbrev)
 .debug_abbrev  0x00000000        0x1 butterfly.o
 .debug_abbrev  0x00000001       0x5f bcd.o
 .debug_abbrev  0x00000060       0x8b main.o
 .debug_abbrev  0x000000eb      0x116 lcd_functions.o
 .debug_abbrev  0x00000201      0x172 lcd_driver.o
 .debug_abbrev  0x00000373      0x11d uart.o

.debug_line     0x00000000      0x742
 *(.debug_line)
 .debug_line    0x00000000       0x24 butterfly.o
 .debug_line    0x00000024       0x85 bcd.o
 .debug_line    0x000000a9       0xbc main.o
 .debug_line    0x00000165      0x215 lcd_functions.o
 .debug_line    0x0000037a      0x29f lcd_driver.o
 .debug_line    0x00000619      0x129 uart.o

.debug_frame    0x00000000      0x170
 *(.debug_frame)
 .debug_frame   0x00000000       0x30 bcd.o
 .debug_frame   0x00000030       0x30 main.o
 .debug_frame   0x00000060       0x80 lcd_functions.o
 .debug_frame   0x000000e0       0x50 lcd_driver.o
 .debug_frame   0x00000130       0x40 uart.o

.debug_str      0x00000000      0x2f6
 *(.debug_str)
 .debug_str     0x00000000       0x86 bcd.o
                                 0x98 (size before relaxing)
 .debug_str     0x00000086       0x65 main.o
                                 0xfc (size before relaxing)
 .debug_str     0x000000eb      0x128 lcd_functions.o
                                0x1f2 (size before relaxing)
 .debug_str     0x00000213       0x7f lcd_driver.o
                                0x1d5 (size before relaxing)
 .debug_str     0x00000292       0x64 uart.o
                                0x136 (size before relaxing)

.debug_loc      0x00000000      0x3a6
 *(.debug_loc)
 .debug_loc     0x00000000       0x3c bcd.o
 .debug_loc     0x0000003c      0x155 lcd_functions.o
 .debug_loc     0x00000191      0x158 lcd_driver.o
 .debug_loc     0x000002e9       0xbd uart.o

.debug_macinfo
 *(.debug_macinfo)
OUTPUT(butterfly.elf elf32-avr)
LOAD linker stubs
