Archive member included because of file (symbol)

c:/program files/winavr/bin/../lib/gcc/avr/4.3.2/avr5\libgcc.a(_udivmodsi4.o)
                              uart.o (__udivmodsi4)
c:/program files/winavr/bin/../lib/gcc/avr/4.3.2/avr5\libgcc.a(_exit.o)
                              c:/program files/winavr/bin/../lib/gcc/avr/4.3.2/../../../../avr/lib/avr5/crtm162.o (exit)
c:/program files/winavr/bin/../lib/gcc/avr/4.3.2/avr5\libgcc.a(_copy_data.o)
                              bygger_gruppe_15.o (__do_copy_data)
c:/program files/winavr/bin/../lib/gcc/avr/4.3.2/avr5\libgcc.a(_fixunssfsi.o)
                              sram.o (__fixunssfsi)
c:/program files/winavr/bin/../lib/gcc/avr/4.3.2/avr5\libgcc.a(_addsub_sf.o)
                              c:/program files/winavr/bin/../lib/gcc/avr/4.3.2/avr5\libgcc.a(_fixunssfsi.o) (__subsf3)
c:/program files/winavr/bin/../lib/gcc/avr/4.3.2/avr5\libgcc.a(_mul_sf.o)
                              sram.o (__mulsf3)
c:/program files/winavr/bin/../lib/gcc/avr/4.3.2/avr5\libgcc.a(_gt_sf.o)
                              sram.o (__gtsf2)
c:/program files/winavr/bin/../lib/gcc/avr/4.3.2/avr5\libgcc.a(_ge_sf.o)
                              c:/program files/winavr/bin/../lib/gcc/avr/4.3.2/avr5\libgcc.a(_fixunssfsi.o) (__gesf2)
c:/program files/winavr/bin/../lib/gcc/avr/4.3.2/avr5\libgcc.a(_lt_sf.o)
                              sram.o (__ltsf2)
c:/program files/winavr/bin/../lib/gcc/avr/4.3.2/avr5\libgcc.a(_sf_to_si.o)
                              c:/program files/winavr/bin/../lib/gcc/avr/4.3.2/avr5\libgcc.a(_fixunssfsi.o) (__fixsfsi)
c:/program files/winavr/bin/../lib/gcc/avr/4.3.2/avr5\libgcc.a(_thenan_sf.o)
                              c:/program files/winavr/bin/../lib/gcc/avr/4.3.2/avr5\libgcc.a(_addsub_sf.o) (__thenan_sf)
c:/program files/winavr/bin/../lib/gcc/avr/4.3.2/avr5\libgcc.a(_prologue.o)
                              c:/program files/winavr/bin/../lib/gcc/avr/4.3.2/avr5\libgcc.a(_addsub_sf.o) (__prologue_saves__)
c:/program files/winavr/bin/../lib/gcc/avr/4.3.2/avr5\libgcc.a(_epilogue.o)
                              c:/program files/winavr/bin/../lib/gcc/avr/4.3.2/avr5\libgcc.a(_addsub_sf.o) (__epilogue_restores__)
c:/program files/winavr/bin/../lib/gcc/avr/4.3.2/avr5\libgcc.a(_pack_sf.o)
                              c:/program files/winavr/bin/../lib/gcc/avr/4.3.2/avr5\libgcc.a(_addsub_sf.o) (__pack_f)
c:/program files/winavr/bin/../lib/gcc/avr/4.3.2/avr5\libgcc.a(_unpack_sf.o)
                              c:/program files/winavr/bin/../lib/gcc/avr/4.3.2/avr5\libgcc.a(_addsub_sf.o) (__unpack_f)
c:/program files/winavr/bin/../lib/gcc/avr/4.3.2/avr5\libgcc.a(_fpcmp_parts_sf.o)
                              c:/program files/winavr/bin/../lib/gcc/avr/4.3.2/avr5\libgcc.a(_gt_sf.o) (__fpcmp_parts_f)
c:/program files/winavr/bin/../lib/gcc/avr/4.3.2/../../../../avr/lib/avr5\libc.a(fdevopen.o)
                              uart.o (fdevopen)
c:/program files/winavr/bin/../lib/gcc/avr/4.3.2/../../../../avr/lib/avr5\libc.a(iob.o)
                              c:/program files/winavr/bin/../lib/gcc/avr/4.3.2/../../../../avr/lib/avr5\libc.a(fdevopen.o) (__iob)
c:/program files/winavr/bin/../lib/gcc/avr/4.3.2/../../../../avr/lib/avr5\libc.a(printf.o)
                              bygger_gruppe_15.o (printf)
c:/program files/winavr/bin/../lib/gcc/avr/4.3.2/../../../../avr/lib/avr5\libc.a(putchar.o)
                              can.o (putchar)
c:/program files/winavr/bin/../lib/gcc/avr/4.3.2/../../../../avr/lib/avr5\libc.a(puts.o)
                              bygger_gruppe_15.o (puts)
c:/program files/winavr/bin/../lib/gcc/avr/4.3.2/../../../../avr/lib/avr5\libc.a(vfprintf_std.o)
                              c:/program files/winavr/bin/../lib/gcc/avr/4.3.2/../../../../avr/lib/avr5\libc.a(printf.o) (vfprintf)
c:/program files/winavr/bin/../lib/gcc/avr/4.3.2/../../../../avr/lib/avr5\libc.a(calloc.o)
                              c:/program files/winavr/bin/../lib/gcc/avr/4.3.2/../../../../avr/lib/avr5\libc.a(fdevopen.o) (calloc)
c:/program files/winavr/bin/../lib/gcc/avr/4.3.2/../../../../avr/lib/avr5\libc.a(malloc.o)
                              c:/program files/winavr/bin/../lib/gcc/avr/4.3.2/../../../../avr/lib/avr5\libc.a(calloc.o) (malloc)
c:/program files/winavr/bin/../lib/gcc/avr/4.3.2/../../../../avr/lib/avr5\libc.a(strnlen_P.o)
                              c:/program files/winavr/bin/../lib/gcc/avr/4.3.2/../../../../avr/lib/avr5\libc.a(vfprintf_std.o) (strnlen_P)
c:/program files/winavr/bin/../lib/gcc/avr/4.3.2/../../../../avr/lib/avr5\libc.a(memset.o)
                              c:/program files/winavr/bin/../lib/gcc/avr/4.3.2/../../../../avr/lib/avr5\libc.a(calloc.o) (memset)
c:/program files/winavr/bin/../lib/gcc/avr/4.3.2/../../../../avr/lib/avr5\libc.a(strnlen.o)
                              c:/program files/winavr/bin/../lib/gcc/avr/4.3.2/../../../../avr/lib/avr5\libc.a(vfprintf_std.o) (strnlen)
c:/program files/winavr/bin/../lib/gcc/avr/4.3.2/../../../../avr/lib/avr5\libc.a(fputc.o)
                              c:/program files/winavr/bin/../lib/gcc/avr/4.3.2/../../../../avr/lib/avr5\libc.a(putchar.o) (fputc)
c:/program files/winavr/bin/../lib/gcc/avr/4.3.2/../../../../avr/lib/avr5\libc.a(ultoa_invert.o)
                              c:/program files/winavr/bin/../lib/gcc/avr/4.3.2/../../../../avr/lib/avr5\libc.a(vfprintf_std.o) (__ultoa_invert)
c:/program files/winavr/bin/../lib/gcc/avr/4.3.2/avr5\libgcc.a(_clear_bss.o)
                              c:/program files/winavr/bin/../lib/gcc/avr/4.3.2/../../../../avr/lib/avr5\libc.a(iob.o) (__do_clear_bss)

Allocating common symbols
Common symbol       size              file

__brkval            0x2               c:/program files/winavr/bin/../lib/gcc/avr/4.3.2/../../../../avr/lib/avr5\libc.a(malloc.o)
__flp               0x2               c:/program files/winavr/bin/../lib/gcc/avr/4.3.2/../../../../avr/lib/avr5\libc.a(malloc.o)
__iob               0x6               c:/program files/winavr/bin/../lib/gcc/avr/4.3.2/../../../../avr/lib/avr5\libc.a(iob.o)

Memory Configuration

Name             Origin             Length             Attributes
text             0x00000000         0x00020000         xr
data             0x00800060         0x0000ffa0         rw !x
eeprom           0x00810000         0x00010000         rw !x
fuse             0x00820000         0x00000400         rw !x
lock             0x00830000         0x00000400         rw !x
signature        0x00840000         0x00000400         rw !x
*default*        0x00000000         0xffffffff

Linker script and memory map

Address of section .data set to 0x800100
LOAD c:/program files/winavr/bin/../lib/gcc/avr/4.3.2/../../../../avr/lib/avr5/crtm162.o
LOAD bygger_gruppe_15.o
LOAD uart.o
LOAD sram.o
LOAD joystick.o
LOAD spi.o
LOAD can.o
LOAD butterfly_interface.o
LOAD game.o
LOAD c:/program files/winavr/bin/../lib/gcc/avr/4.3.2/avr5\libgcc.a
LOAD c:/program files/winavr/bin/../lib/gcc/avr/4.3.2/../../../../avr/lib/avr5\libc.a
LOAD c:/program files/winavr/bin/../lib/gcc/avr/4.3.2/avr5\libgcc.a

.hash
 *(.hash)

.dynsym
 *(.dynsym)

.dynstr
 *(.dynstr)

.gnu.version
 *(.gnu.version)

.gnu.version_d
 *(.gnu.version_d)

.gnu.version_r
 *(.gnu.version_r)

.rel.init
 *(.rel.init)

.rela.init
 *(.rela.init)

.rel.text
 *(.rel.text)
 *(.rel.text.*)
 *(.rel.gnu.linkonce.t*)

.rela.text
 *(.rela.text)
 *(.rela.text.*)
 *(.rela.gnu.linkonce.t*)

.rel.fini
 *(.rel.fini)

.rela.fini
 *(.rela.fini)

.rel.rodata
 *(.rel.rodata)
 *(.rel.rodata.*)
 *(.rel.gnu.linkonce.r*)

.rela.rodata
 *(.rela.rodata)
 *(.rela.rodata.*)
 *(.rela.gnu.linkonce.r*)

.rel.data
 *(.rel.data)
 *(.rel.data.*)
 *(.rel.gnu.linkonce.d*)

.rela.data
 *(.rela.data)
 *(.rela.data.*)
 *(.rela.gnu.linkonce.d*)

.rel.ctors
 *(.rel.ctors)

.rela.ctors
 *(.rela.ctors)

.rel.dtors
 *(.rel.dtors)

.rela.dtors
 *(.rela.dtors)

.rel.got
 *(.rel.got)

.rela.got
 *(.rela.got)

.rel.bss
 *(.rel.bss)

.rela.bss
 *(.rela.bss)

.rel.plt
 *(.rel.plt)

.rela.plt
 *(.rela.plt)

.text           0x00000000     0x246c
 *(.vectors)
 .vectors       0x00000000       0x70 c:/program files/winavr/bin/../lib/gcc/avr/4.3.2/../../../../avr/lib/avr5/crtm162.o
                0x00000000                __vectors
                0x00000000                __vector_default
 *(.vectors)
 *(.progmem.gcc*)
 *(.progmem*)
                0x00000070                . = ALIGN (0x2)
                0x00000070                __trampolines_start = .
 *(.trampolines)
 .trampolines   0x00000070        0x0 linker stubs
 *(.trampolines*)
                0x00000070                __trampolines_end = .
 *(.jumptables)
 *(.jumptables*)
 *(.lowtext)
 *(.lowtext*)
                0x00000070                __ctors_start = .
 *(.ctors)
                0x00000070                __ctors_end = .
                0x00000070                __dtors_start = .
 *(.dtors)
                0x00000070                __dtors_end = .
 SORT(*)(.ctors)
 SORT(*)(.dtors)
 *(.init0)
 .init0         0x00000070        0x0 c:/program files/winavr/bin/../lib/gcc/avr/4.3.2/../../../../avr/lib/avr5/crtm162.o
                0x00000070                __init
 *(.init0)
 *(.init1)
 *(.init1)
 *(.init2)
 .init2         0x00000070        0xc c:/program files/winavr/bin/../lib/gcc/avr/4.3.2/../../../../avr/lib/avr5/crtm162.o
 *(.init2)
 *(.init3)
 *(.init3)
 *(.init4)
 .init4         0x0000007c       0x16 c:/program files/winavr/bin/../lib/gcc/avr/4.3.2/avr5\libgcc.a(_copy_data.o)
                0x0000007c                __do_copy_data
 .init4         0x00000092       0x10 c:/program files/winavr/bin/../lib/gcc/avr/4.3.2/avr5\libgcc.a(_clear_bss.o)
                0x00000092                __do_clear_bss
 *(.init4)
 *(.init5)
 *(.init5)
 *(.init6)
 *(.init6)
 *(.init7)
 *(.init7)
 *(.init8)
 *(.init8)
 *(.init9)
 .init9         0x000000a2        0x8 c:/program files/winavr/bin/../lib/gcc/avr/4.3.2/../../../../avr/lib/avr5/crtm162.o
 *(.init9)
 *(.text)
 .text          0x000000aa        0x4 c:/program files/winavr/bin/../lib/gcc/avr/4.3.2/../../../../avr/lib/avr5/crtm162.o
                0x000000aa                __vector_22
                0x000000aa                __vector_1
                0x000000aa                __vector_24
                0x000000aa                __vector_12
                0x000000aa                __bad_interrupt
                0x000000aa                __vector_6
                0x000000aa                __vector_3
                0x000000aa                __vector_23
                0x000000aa                __vector_25
                0x000000aa                __vector_11
                0x000000aa                __vector_13
                0x000000aa                __vector_17
                0x000000aa                __vector_19
                0x000000aa                __vector_7
                0x000000aa                __vector_27
                0x000000aa                __vector_5
                0x000000aa                __vector_4
                0x000000aa                __vector_9
                0x000000aa                __vector_2
                0x000000aa                __vector_21
                0x000000aa                __vector_15
                0x000000aa                __vector_8
                0x000000aa                __vector_26
                0x000000aa                __vector_14
                0x000000aa                __vector_10
                0x000000aa                __vector_16
                0x000000aa                __vector_18
                0x000000aa                __vector_20
 .text          0x000000ae       0x62 bygger_gruppe_15.o
                0x000000ae                main
 .text          0x00000110      0x16e uart.o
                0x0000023c                UART_get_char
                0x00000110                init_UART
                0x000001ee                UART_put_char
 .text          0x0000027e      0x1ec sram.o
                0x000002b6                SRAM_test
                0x0000027e                init_SRAM
 .text          0x0000046a      0x110 joystick.o
                0x0000055a                read_buttons
                0x00000486                read_axis
                0x0000046a                init_joystick
 .text          0x0000057a       0xce spi.o
                0x000005ee                SPI_SelectSlave
                0x000005ca                SPI_MasterReceive
                0x0000057a                SPI_MasterInit
                0x000005a4                SPI_MasterTransmit
                0x0000062c                SPI_NoSlave
 .text          0x00000648      0x4ec can.o
                0x000008ca                CAN_read_rx
                0x00000af4                CAN_bit_modify
                0x0000082a                CAN_reset
                0x0000066e                CAN_test
                0x000007e8                CAN_receive
                0x00000a72                CAN_rts
                0x00000aba                CAN_read_status
                0x00000732                CAN_send
                0x00000ae4                CAN_rx_status
                0x00000848                CAN_read
                0x00000960                CAN_write
                0x000009d8                CAN_load_tx
                0x00000648                CAN_init
 .text          0x00000b34      0x54a butterfly_interface.o
                0x00000de8                butterfly_poll_joystick
                0x00000f0a                start_game
                0x00000cbe                butterfly_joystick_test
                0x00000d78                butterfly_print
                0x00000b34                butterfly_menu
 .text          0x0000107e        0x0 game.o
 .text          0x0000107e        0x0 c:/program files/winavr/bin/../lib/gcc/avr/4.3.2/avr5\libgcc.a(_udivmodsi4.o)
 .text          0x0000107e        0x0 c:/program files/winavr/bin/../lib/gcc/avr/4.3.2/avr5\libgcc.a(_exit.o)
 .text          0x0000107e        0x0 c:/program files/winavr/bin/../lib/gcc/avr/4.3.2/avr5\libgcc.a(_copy_data.o)
 .text          0x0000107e       0x58 c:/program files/winavr/bin/../lib/gcc/avr/4.3.2/avr5\libgcc.a(_fixunssfsi.o)
                0x0000107e                __fixunssfsi
 .text          0x000010d6      0x354 c:/program files/winavr/bin/../lib/gcc/avr/4.3.2/avr5\libgcc.a(_addsub_sf.o)
                0x0000136e                __subsf3
                0x000013d0                __addsf3
 .text          0x0000142a      0x1f4 c:/program files/winavr/bin/../lib/gcc/avr/4.3.2/avr5\libgcc.a(_mul_sf.o)
                0x0000142a                __mulsf3
 .text          0x0000161e       0x60 c:/program files/winavr/bin/../lib/gcc/avr/4.3.2/avr5\libgcc.a(_gt_sf.o)
                0x0000161e                __gtsf2
 .text          0x0000167e       0x60 c:/program files/winavr/bin/../lib/gcc/avr/4.3.2/avr5\libgcc.a(_ge_sf.o)
                0x0000167e                __gesf2
 .text          0x000016de       0x60 c:/program files/winavr/bin/../lib/gcc/avr/4.3.2/avr5\libgcc.a(_lt_sf.o)
                0x000016de                __ltsf2
 .text          0x0000173e       0xa8 c:/program files/winavr/bin/../lib/gcc/avr/4.3.2/avr5\libgcc.a(_sf_to_si.o)
                0x0000173e                __fixsfsi
 .text          0x000017e6        0x0 c:/program files/winavr/bin/../lib/gcc/avr/4.3.2/avr5\libgcc.a(_thenan_sf.o)
 .text          0x000017e6        0x0 c:/program files/winavr/bin/../lib/gcc/avr/4.3.2/avr5\libgcc.a(_prologue.o)
 .text          0x000017e6        0x0 c:/program files/winavr/bin/../lib/gcc/avr/4.3.2/avr5\libgcc.a(_epilogue.o)
 .text          0x000017e6      0x1aa c:/program files/winavr/bin/../lib/gcc/avr/4.3.2/avr5\libgcc.a(_pack_sf.o)
                0x000017e6                __pack_f
 .text          0x00001990       0xf0 c:/program files/winavr/bin/../lib/gcc/avr/4.3.2/avr5\libgcc.a(_unpack_sf.o)
                0x00001990                __unpack_f
 .text          0x00001a80       0xb2 c:/program files/winavr/bin/../lib/gcc/avr/4.3.2/avr5\libgcc.a(_fpcmp_parts_sf.o)
                0x00001a80                __fpcmp_parts_f
 .text          0x00001b32       0x98 c:/program files/winavr/bin/../lib/gcc/avr/4.3.2/../../../../avr/lib/avr5\libc.a(fdevopen.o)
                0x00001b32                fdevopen
 .text          0x00001bca        0x0 c:/program files/winavr/bin/../lib/gcc/avr/4.3.2/../../../../avr/lib/avr5\libc.a(iob.o)
 .text          0x00001bca       0x2a c:/program files/winavr/bin/../lib/gcc/avr/4.3.2/../../../../avr/lib/avr5\libc.a(printf.o)
                0x00001bca                printf
 .text          0x00001bf4        0xe c:/program files/winavr/bin/../lib/gcc/avr/4.3.2/../../../../avr/lib/avr5\libc.a(putchar.o)
                0x00001bf4                putchar
 .text          0x00001c02       0x6a c:/program files/winavr/bin/../lib/gcc/avr/4.3.2/../../../../avr/lib/avr5\libc.a(puts.o)
                0x00001c02                puts
 .text          0x00001c6c      0x3ba c:/program files/winavr/bin/../lib/gcc/avr/4.3.2/../../../../avr/lib/avr5\libc.a(vfprintf_std.o)
                0x00001c6c                vfprintf
 .text          0x00002026       0x38 c:/program files/winavr/bin/../lib/gcc/avr/4.3.2/../../../../avr/lib/avr5\libc.a(calloc.o)
                0x00002026                calloc
 .text          0x0000205e      0x20a c:/program files/winavr/bin/../lib/gcc/avr/4.3.2/../../../../avr/lib/avr5\libc.a(malloc.o)
                0x0000205e                malloc
                0x000021b8                free
 .text          0x00002268       0x16 c:/program files/winavr/bin/../lib/gcc/avr/4.3.2/../../../../avr/lib/avr5\libc.a(strnlen_P.o)
                0x00002268                strnlen_P
 .text          0x0000227e        0xe c:/program files/winavr/bin/../lib/gcc/avr/4.3.2/../../../../avr/lib/avr5\libc.a(memset.o)
                0x0000227e                memset
 .text          0x0000228c       0x16 c:/program files/winavr/bin/../lib/gcc/avr/4.3.2/../../../../avr/lib/avr5\libc.a(strnlen.o)
                0x0000228c                strnlen
 .text          0x000022a2       0x58 c:/program files/winavr/bin/../lib/gcc/avr/4.3.2/../../../../avr/lib/avr5\libc.a(fputc.o)
                0x000022a2                fputc
 .text          0x000022fa       0xbc c:/program files/winavr/bin/../lib/gcc/avr/4.3.2/../../../../avr/lib/avr5\libc.a(ultoa_invert.o)
                0x000022fa                __ultoa_invert
 .text          0x000023b6        0x0 c:/program files/winavr/bin/../lib/gcc/avr/4.3.2/avr5\libgcc.a(_clear_bss.o)
                0x000023b6                . = ALIGN (0x2)
 *(.text.*)
 .text.libgcc   0x000023b6       0x44 c:/program files/winavr/bin/../lib/gcc/avr/4.3.2/avr5\libgcc.a(_udivmodsi4.o)
                0x000023b6                __udivmodsi4
 .text.libgcc   0x000023fa        0x0 c:/program files/winavr/bin/../lib/gcc/avr/4.3.2/avr5\libgcc.a(_exit.o)
 .text.libgcc   0x000023fa        0x0 c:/program files/winavr/bin/../lib/gcc/avr/4.3.2/avr5\libgcc.a(_copy_data.o)
 .text.libgcc   0x000023fa       0x38 c:/program files/winavr/bin/../lib/gcc/avr/4.3.2/avr5\libgcc.a(_prologue.o)
                0x000023fa                __prologue_saves__
 .text.libgcc   0x00002432       0x36 c:/program files/winavr/bin/../lib/gcc/avr/4.3.2/avr5\libgcc.a(_epilogue.o)
                0x00002432                __epilogue_restores__
 .text.libgcc   0x00002468        0x0 c:/program files/winavr/bin/../lib/gcc/avr/4.3.2/avr5\libgcc.a(_clear_bss.o)
                0x00002468                . = ALIGN (0x2)
 *(.fini9)
 .fini9         0x00002468        0x0 c:/program files/winavr/bin/../lib/gcc/avr/4.3.2/avr5\libgcc.a(_exit.o)
                0x00002468                exit
                0x00002468                _exit
 *(.fini9)
 *(.fini8)
 *(.fini8)
 *(.fini7)
 *(.fini7)
 *(.fini6)
 *(.fini6)
 *(.fini5)
 *(.fini5)
 *(.fini4)
 *(.fini4)
 *(.fini3)
 *(.fini3)
 *(.fini2)
 *(.fini2)
 *(.fini1)
 *(.fini1)
 *(.fini0)
 .fini0         0x00002468        0x4 c:/program files/winavr/bin/../lib/gcc/avr/4.3.2/avr5\libgcc.a(_exit.o)
 *(.fini0)
                0x0000246c                _etext = .

.data           0x00800100      0x180 load address 0x0000246c
                0x00800100                PROVIDE (__data_start, .)
 *(.data)
 .data          0x00800100        0x0 c:/program files/winavr/bin/../lib/gcc/avr/4.3.2/../../../../avr/lib/avr5/crtm162.o
 .data          0x00800100       0x25 bygger_gruppe_15.o
 .data          0x00800125        0x0 uart.o
 .data          0x00800125       0x2f sram.o
 .data          0x00800154        0x0 joystick.o
 .data          0x00800154        0x0 spi.o
 .data          0x00800154       0x3d can.o
 .data          0x00800191       0xe0 butterfly_interface.o
 .data          0x00800271        0x0 game.o
 .data          0x00800271        0x0 c:/program files/winavr/bin/../lib/gcc/avr/4.3.2/avr5\libgcc.a(_udivmodsi4.o)
 .data          0x00800271        0x0 c:/program files/winavr/bin/../lib/gcc/avr/4.3.2/avr5\libgcc.a(_exit.o)
 .data          0x00800271        0x0 c:/program files/winavr/bin/../lib/gcc/avr/4.3.2/avr5\libgcc.a(_copy_data.o)
 .data          0x00800271        0x0 c:/program files/winavr/bin/../lib/gcc/avr/4.3.2/avr5\libgcc.a(_fixunssfsi.o)
 .data          0x00800271        0x0 c:/program files/winavr/bin/../lib/gcc/avr/4.3.2/avr5\libgcc.a(_addsub_sf.o)
 .data          0x00800271        0x0 c:/program files/winavr/bin/../lib/gcc/avr/4.3.2/avr5\libgcc.a(_mul_sf.o)
 .data          0x00800271        0x0 c:/program files/winavr/bin/../lib/gcc/avr/4.3.2/avr5\libgcc.a(_gt_sf.o)
 .data          0x00800271        0x0 c:/program files/winavr/bin/../lib/gcc/avr/4.3.2/avr5\libgcc.a(_ge_sf.o)
 .data          0x00800271        0x0 c:/program files/winavr/bin/../lib/gcc/avr/4.3.2/avr5\libgcc.a(_lt_sf.o)
 .data          0x00800271        0x0 c:/program files/winavr/bin/../lib/gcc/avr/4.3.2/avr5\libgcc.a(_sf_to_si.o)
 .data          0x00800271        0x8 c:/program files/winavr/bin/../lib/gcc/avr/4.3.2/avr5\libgcc.a(_thenan_sf.o)
                0x00800271                __thenan_sf
 .data          0x00800279        0x0 c:/program files/winavr/bin/../lib/gcc/avr/4.3.2/avr5\libgcc.a(_prologue.o)
 .data          0x00800279        0x0 c:/program files/winavr/bin/../lib/gcc/avr/4.3.2/avr5\libgcc.a(_epilogue.o)
 .data          0x00800279        0x0 c:/program files/winavr/bin/../lib/gcc/avr/4.3.2/avr5\libgcc.a(_pack_sf.o)
 .data          0x00800279        0x0 c:/program files/winavr/bin/../lib/gcc/avr/4.3.2/avr5\libgcc.a(_unpack_sf.o)
 .data          0x00800279        0x0 c:/program files/winavr/bin/../lib/gcc/avr/4.3.2/avr5\libgcc.a(_fpcmp_parts_sf.o)
 .data          0x00800279        0x0 c:/program files/winavr/bin/../lib/gcc/avr/4.3.2/../../../../avr/lib/avr5\libc.a(fdevopen.o)
 .data          0x00800279        0x0 c:/program files/winavr/bin/../lib/gcc/avr/4.3.2/../../../../avr/lib/avr5\libc.a(iob.o)
 .data          0x00800279        0x0 c:/program files/winavr/bin/../lib/gcc/avr/4.3.2/../../../../avr/lib/avr5\libc.a(printf.o)
 .data          0x00800279        0x0 c:/program files/winavr/bin/../lib/gcc/avr/4.3.2/../../../../avr/lib/avr5\libc.a(putchar.o)
 .data          0x00800279        0x0 c:/program files/winavr/bin/../lib/gcc/avr/4.3.2/../../../../avr/lib/avr5\libc.a(puts.o)
 .data          0x00800279        0x0 c:/program files/winavr/bin/../lib/gcc/avr/4.3.2/../../../../avr/lib/avr5\libc.a(vfprintf_std.o)
 .data          0x00800279        0x0 c:/program files/winavr/bin/../lib/gcc/avr/4.3.2/../../../../avr/lib/avr5\libc.a(calloc.o)
 .data          0x00800279        0x6 c:/program files/winavr/bin/../lib/gcc/avr/4.3.2/../../../../avr/lib/avr5\libc.a(malloc.o)
                0x0080027b                __malloc_heap_start
                0x0080027d                __malloc_heap_end
                0x00800279                __malloc_margin
 .data          0x0080027f        0x0 c:/program files/winavr/bin/../lib/gcc/avr/4.3.2/../../../../avr/lib/avr5\libc.a(strnlen_P.o)
 .data          0x0080027f        0x0 c:/program files/winavr/bin/../lib/gcc/avr/4.3.2/../../../../avr/lib/avr5\libc.a(memset.o)
 .data          0x0080027f        0x0 c:/program files/winavr/bin/../lib/gcc/avr/4.3.2/../../../../avr/lib/avr5\libc.a(strnlen.o)
 .data          0x0080027f        0x0 c:/program files/winavr/bin/../lib/gcc/avr/4.3.2/../../../../avr/lib/avr5\libc.a(fputc.o)
 .data          0x0080027f        0x0 c:/program files/winavr/bin/../lib/gcc/avr/4.3.2/../../../../avr/lib/avr5\libc.a(ultoa_invert.o)
 .data          0x0080027f        0x0 c:/program files/winavr/bin/../lib/gcc/avr/4.3.2/avr5\libgcc.a(_clear_bss.o)
 *(.data*)
 *(.rodata)
 *(.rodata*)
 *(.gnu.linkonce.d*)
                0x00800280                . = ALIGN (0x2)
 *fill*         0x0080027f        0x1 00
                0x00800280                _edata = .
                0x00800280                PROVIDE (__data_end, .)

.bss            0x00800280        0xa
                0x00800280                PROVIDE (__bss_start, .)
 *(.bss)
 .bss           0x00800280        0x0 c:/program files/winavr/bin/../lib/gcc/avr/4.3.2/../../../../avr/lib/avr5/crtm162.o
 .bss           0x00800280        0x0 bygger_gruppe_15.o
 .bss           0x00800280        0x0 uart.o
 .bss           0x00800280        0x0 sram.o
 .bss           0x00800280        0x0 joystick.o
 .bss           0x00800280        0x0 spi.o
 .bss           0x00800280        0x0 can.o
 .bss           0x00800280        0x0 butterfly_interface.o
 .bss           0x00800280        0x0 game.o
 .bss           0x00800280        0x0 c:/program files/winavr/bin/../lib/gcc/avr/4.3.2/avr5\libgcc.a(_udivmodsi4.o)
 .bss           0x00800280        0x0 c:/program files/winavr/bin/../lib/gcc/avr/4.3.2/avr5\libgcc.a(_exit.o)
 .bss           0x00800280        0x0 c:/program files/winavr/bin/../lib/gcc/avr/4.3.2/avr5\libgcc.a(_copy_data.o)
 .bss           0x00800280        0x0 c:/program files/winavr/bin/../lib/gcc/avr/4.3.2/avr5\libgcc.a(_fixunssfsi.o)
 .bss           0x00800280        0x0 c:/program files/winavr/bin/../lib/gcc/avr/4.3.2/avr5\libgcc.a(_addsub_sf.o)
 .bss           0x00800280        0x0 c:/program files/winavr/bin/../lib/gcc/avr/4.3.2/avr5\libgcc.a(_mul_sf.o)
 .bss           0x00800280        0x0 c:/program files/winavr/bin/../lib/gcc/avr/4.3.2/avr5\libgcc.a(_gt_sf.o)
 .bss           0x00800280        0x0 c:/program files/winavr/bin/../lib/gcc/avr/4.3.2/avr5\libgcc.a(_ge_sf.o)
 .bss           0x00800280        0x0 c:/program files/winavr/bin/../lib/gcc/avr/4.3.2/avr5\libgcc.a(_lt_sf.o)
 .bss           0x00800280        0x0 c:/program files/winavr/bin/../lib/gcc/avr/4.3.2/avr5\libgcc.a(_sf_to_si.o)
 .bss           0x00800280        0x0 c:/program files/winavr/bin/../lib/gcc/avr/4.3.2/avr5\libgcc.a(_thenan_sf.o)
 .bss           0x00800280        0x0 c:/program files/winavr/bin/../lib/gcc/avr/4.3.2/avr5\libgcc.a(_prologue.o)
 .bss           0x00800280        0x0 c:/program files/winavr/bin/../lib/gcc/avr/4.3.2/avr5\libgcc.a(_epilogue.o)
 .bss           0x00800280        0x0 c:/program files/winavr/bin/../lib/gcc/avr/4.3.2/avr5\libgcc.a(_pack_sf.o)
 .bss           0x00800280        0x0 c:/program files/winavr/bin/../lib/gcc/avr/4.3.2/avr5\libgcc.a(_unpack_sf.o)
 .bss           0x00800280        0x0 c:/program files/winavr/bin/../lib/gcc/avr/4.3.2/avr5\libgcc.a(_fpcmp_parts_sf.o)
 .bss           0x00800280        0x0 c:/program files/winavr/bin/../lib/gcc/avr/4.3.2/../../../../avr/lib/avr5\libc.a(fdevopen.o)
 .bss           0x00800280        0x0 c:/program files/winavr/bin/../lib/gcc/avr/4.3.2/../../../../avr/lib/avr5\libc.a(iob.o)
 .bss           0x00800280        0x0 c:/program files/winavr/bin/../lib/gcc/avr/4.3.2/../../../../avr/lib/avr5\libc.a(printf.o)
 .bss           0x00800280        0x0 c:/program files/winavr/bin/../lib/gcc/avr/4.3.2/../../../../avr/lib/avr5\libc.a(putchar.o)
 .bss           0x00800280        0x0 c:/program files/winavr/bin/../lib/gcc/avr/4.3.2/../../../../avr/lib/avr5\libc.a(puts.o)
 .bss           0x00800280        0x0 c:/program files/winavr/bin/../lib/gcc/avr/4.3.2/../../../../avr/lib/avr5\libc.a(vfprintf_std.o)
 .bss           0x00800280        0x0 c:/program files/winavr/bin/../lib/gcc/avr/4.3.2/../../../../avr/lib/avr5\libc.a(calloc.o)
 .bss           0x00800280        0x0 c:/program files/winavr/bin/../lib/gcc/avr/4.3.2/../../../../avr/lib/avr5\libc.a(malloc.o)
 .bss           0x00800280        0x0 c:/program files/winavr/bin/../lib/gcc/avr/4.3.2/../../../../avr/lib/avr5\libc.a(strnlen_P.o)
 .bss           0x00800280        0x0 c:/program files/winavr/bin/../lib/gcc/avr/4.3.2/../../../../avr/lib/avr5\libc.a(memset.o)
 .bss           0x00800280        0x0 c:/program files/winavr/bin/../lib/gcc/avr/4.3.2/../../../../avr/lib/avr5\libc.a(strnlen.o)
 .bss           0x00800280        0x0 c:/program files/winavr/bin/../lib/gcc/avr/4.3.2/../../../../avr/lib/avr5\libc.a(fputc.o)
 .bss           0x00800280        0x0 c:/program files/winavr/bin/../lib/gcc/avr/4.3.2/../../../../avr/lib/avr5\libc.a(ultoa_invert.o)
 .bss           0x00800280        0x0 c:/program files/winavr/bin/../lib/gcc/avr/4.3.2/avr5\libgcc.a(_clear_bss.o)
 *(.bss*)
 *(COMMON)
 COMMON         0x00800280        0x6 c:/program files/winavr/bin/../lib/gcc/avr/4.3.2/../../../../avr/lib/avr5\libc.a(iob.o)
                0x00800280                __iob
 COMMON         0x00800286        0x4 c:/program files/winavr/bin/../lib/gcc/avr/4.3.2/../../../../avr/lib/avr5\libc.a(malloc.o)
                0x00800286                __brkval
                0x00800288                __flp
                0x0080028a                PROVIDE (__bss_end, .)
                0x0000246c                __data_load_start = LOADADDR (.data)
                0x000025ec                __data_load_end = (__data_load_start + SIZEOF (.data))

.noinit         0x0080028a        0x0
                0x0080028a                PROVIDE (__noinit_start, .)
 *(.noinit*)
                0x0080028a                PROVIDE (__noinit_end, .)
                0x0080028a                _end = .
                0x0080028a                PROVIDE (__heap_start, .)

.eeprom         0x00810000        0x0
 *(.eeprom*)
                0x00810000                __eeprom_end = .

.fuse
 *(.fuse)
 *(.lfuse)
 *(.hfuse)
 *(.efuse)

.lock
 *(.lock*)

.signature
 *(.signature*)

.stab
 *(.stab)

.stabstr
 *(.stabstr)

.stab.excl
 *(.stab.excl)

.stab.exclstr
 *(.stab.exclstr)

.stab.index
 *(.stab.index)

.stab.indexstr
 *(.stab.indexstr)

.comment
 *(.comment)

.debug
 *(.debug)

.line
 *(.line)

.debug_srcinfo
 *(.debug_srcinfo)

.debug_sfnames
 *(.debug_sfnames)

.debug_aranges  0x00000000       0xe0
 *(.debug_aranges)
 .debug_aranges
                0x00000000       0x20 bygger_gruppe_15.o
 .debug_aranges
                0x00000020       0x20 uart.o
 .debug_aranges
                0x00000040       0x20 sram.o
 .debug_aranges
                0x00000060       0x20 joystick.o
 .debug_aranges
                0x00000080       0x20 spi.o
 .debug_aranges
                0x000000a0       0x20 can.o
 .debug_aranges
                0x000000c0       0x20 butterfly_interface.o

.debug_pubnames
                0x00000000      0x29d
 *(.debug_pubnames)
 .debug_pubnames
                0x00000000       0x1b bygger_gruppe_15.o
 .debug_pubnames
                0x0000001b       0x44 uart.o
 .debug_pubnames
                0x0000005f       0x2e sram.o
 .debug_pubnames
                0x0000008d       0x43 joystick.o
 .debug_pubnames
                0x000000d0       0x76 spi.o
 .debug_pubnames
                0x00000146       0xd7 can.o
 .debug_pubnames
                0x0000021d       0x80 butterfly_interface.o

.debug_info     0x00000000      0xc38
 *(.debug_info)
 .debug_info    0x00000000       0x7d bygger_gruppe_15.o
 .debug_info    0x0000007d      0x1e2 uart.o
 .debug_info    0x0000025f      0x17a sram.o
 .debug_info    0x000003d9      0x12e joystick.o
 .debug_info    0x00000507       0xf3 spi.o
 .debug_info    0x000005fa      0x35b can.o
 .debug_info    0x00000955      0x27e butterfly_interface.o
 .debug_info    0x00000bd3       0x65 game.o
 *(.gnu.linkonce.wi.*)

.debug_abbrev   0x00000000      0x616
 *(.debug_abbrev)
 .debug_abbrev  0x00000000       0x41 bygger_gruppe_15.o
 .debug_abbrev  0x00000041      0x110 uart.o
 .debug_abbrev  0x00000151       0xe7 sram.o
 .debug_abbrev  0x00000238       0xd7 joystick.o
 .debug_abbrev  0x0000030f       0x7c spi.o
 .debug_abbrev  0x0000038b      0x118 can.o
 .debug_abbrev  0x000004a3      0x149 butterfly_interface.o
 .debug_abbrev  0x000005ec       0x2a game.o

.debug_line     0x00000000      0xe70
 *(.debug_line)
 .debug_line    0x00000000       0xba bygger_gruppe_15.o
 .debug_line    0x000000ba      0x167 uart.o
 .debug_line    0x00000221      0x1da sram.o
 .debug_line    0x000003fb      0x1a5 joystick.o
 .debug_line    0x000005a0      0x105 spi.o
 .debug_line    0x000006a5      0x3fc can.o
 .debug_line    0x00000aa1      0x38e butterfly_interface.o
 .debug_line    0x00000e2f       0x41 game.o

.debug_frame    0x00000000      0x280
 *(.debug_frame)
 .debug_frame   0x00000000       0x20 bygger_gruppe_15.o
 .debug_frame   0x00000020       0x40 uart.o
 .debug_frame   0x00000060       0x30 sram.o
 .debug_frame   0x00000090       0x50 joystick.o
 .debug_frame   0x000000e0       0x60 spi.o
 .debug_frame   0x00000140       0xe0 can.o
 .debug_frame   0x00000220       0x60 butterfly_interface.o

.debug_str      0x00000000      0x402
 *(.debug_str)
 .debug_str     0x00000000       0x9f bygger_gruppe_15.o
                                 0xd8 (size before relaxing)
 .debug_str     0x0000009f       0x6e uart.o
                                0x12b (size before relaxing)
 .debug_str     0x0000010d       0x6d sram.o
                                0x12a (size before relaxing)
 .debug_str     0x0000017a       0x59 joystick.o
                                0x12a (size before relaxing)
 .debug_str     0x000001d3       0x65 spi.o
                                0x122 (size before relaxing)
 .debug_str     0x00000238       0xc6 can.o
                                0x1a7 (size before relaxing)
 .debug_str     0x000002fe       0xfa butterfly_interface.o
                                0x201 (size before relaxing)
 .debug_str     0x000003f8        0xa game.o
                                 0xc7 (size before relaxing)

.debug_loc
 *(.debug_loc)

.debug_macinfo
 *(.debug_macinfo)
OUTPUT(bygger_gruppe_15.elf elf32-avr)
LOAD linker stubs
